2026-06-29 00:06:43 [main] INFO  c.example.destino.DestinoApplication - Starting DestinoApplication using Java 21.0.9 with PID 15000 (C:\Users\matyd\Desktop\Na\ProyectoFullstack\ms-destino\target\classes started by matyd in C:\Users\matyd\Desktop\Na\ProyectoFullstack)
2026-06-29 00:06:43 [main] INFO  c.example.destino.DestinoApplication - No active profile set, falling back to 1 default profile: "default"
2026-06-29 00:06:44 [main] INFO  o.s.d.r.c.RepositoryConfigurationDelegate - Bootstrapping Spring Data JPA repositories in DEFAULT mode.
2026-06-29 00:06:44 [main] INFO  o.s.d.r.c.RepositoryConfigurationDelegate - Finished Spring Data repository scanning in 131 ms. Found 1 JPA repository interface.
2026-06-29 00:06:45 [main] INFO  o.s.cloud.context.scope.GenericScope - BeanFactory id=f99047c2-3d88-3a8c-8984-0320616a7dd7
2026-06-29 00:06:45 [main] INFO  o.s.b.w.e.tomcat.TomcatWebServer - Tomcat initialized with port 8089 (http)
2026-06-29 00:06:45 [main] INFO  o.a.coyote.http11.Http11NioProtocol - Initializing ProtocolHandler ["http-nio-8089"]
2026-06-29 00:06:45 [main] INFO  o.a.catalina.core.StandardService - Starting service [Tomcat]
2026-06-29 00:06:45 [main] INFO  o.a.catalina.core.StandardEngine - Starting Servlet engine: [Apache Tomcat/10.1.34]
2026-06-29 00:06:45 [main] INFO  o.a.c.c.C.[Tomcat].[localhost].[/] - Initializing Spring embedded WebApplicationContext
2026-06-29 00:06:45 [main] INFO  o.s.b.w.s.c.ServletWebServerApplicationContext - Root WebApplicationContext: initialization completed in 2358 ms
2026-06-29 00:06:46 [main] INFO  com.zaxxer.hikari.HikariDataSource - HikariPool-1 - Starting...
2026-06-29 00:06:46 [main] INFO  com.zaxxer.hikari.pool.HikariPool - HikariPool-1 - Added connection com.mysql.cj.jdbc.ConnectionImpl@526893f
2026-06-29 00:06:46 [main] INFO  com.zaxxer.hikari.HikariDataSource - HikariPool-1 - Start completed.
2026-06-29 00:06:46 [main] INFO  org.flywaydb.core.FlywayExecutor - Database: jdbc:mysql://localhost:3306/db_destinos?createDatabaseIfNotExist=true (MySQL 9.7)
2026-06-29 00:06:46 [main] WARN  o.f.c.i.database.base.Database - Flyway upgrade recommended: MySQL 9.7 is newer than this version of Flyway and support has not been tested. The latest supported version of MySQL is 8.1.
2026-06-29 00:06:46 [main] INFO  o.f.core.internal.command.DbValidate - Successfully validated 1 migration (execution time 00:00.045s)
2026-06-29 00:06:46 [main] INFO  o.f.core.internal.command.DbMigrate - Current version of schema `db_destinos`: 1
2026-06-29 00:06:46 [main] INFO  o.f.core.internal.command.DbMigrate - Schema `db_destinos` is up to date. No migration necessary.
2026-06-29 00:06:47 [main] INFO  o.h.jpa.internal.util.LogHelper - HHH000204: Processing PersistenceUnitInfo [name: default]
2026-06-29 00:06:47 [main] INFO  org.hibernate.Version - HHH000412: Hibernate ORM core version 6.6.5.Final
2026-06-29 00:06:47 [main] INFO  o.h.c.i.RegionFactoryInitiator - HHH000026: Second-level cache disabled
2026-06-29 00:06:47 [main] INFO  o.s.o.j.p.SpringPersistenceUnitInfo - No LoadTimeWeaver setup: ignoring JPA class transformer
2026-06-29 00:06:47 [main] INFO  o.hibernate.orm.connections.pooling - HHH10001005: Database info:
	Database JDBC URL [Connecting through datasource 'HikariDataSource (HikariPool-1)']
	Database driver: undefined/unknown
	Database version: 9.7
	Autocommit mode: undefined/unknown
	Isolation level: undefined/unknown
	Minimum pool size: undefined/unknown
	Maximum pool size: undefined/unknown
2026-06-29 00:06:48 [main] INFO  o.h.e.t.j.p.i.JtaPlatformInitiator - HHH000489: No JTA platform available (set 'hibernate.transaction.jta.platform' to enable JTA platform integration)
2026-06-29 00:06:48 [main] INFO  o.s.o.j.LocalContainerEntityManagerFactoryBean - Initialized JPA EntityManagerFactory for persistence unit 'default'
2026-06-29 00:06:48 [main] WARN  o.s.b.a.o.j.JpaBaseConfiguration$JpaWebConfiguration - spring.jpa.open-in-view is enabled by default. Therefore, database queries may be performed during view rendering. Explicitly configure spring.jpa.open-in-view to disable this warning
2026-06-29 00:06:48 [main] INFO  o.s.v.b.OptionalValidatorFactoryBean - Failed to set up a Bean Validation provider: jakarta.validation.NoProviderFoundException: Unable to create a Configuration, because no Jakarta Bean Validation provider could be found. Add a provider like Hibernate Validator (RI) to your classpath.
2026-06-29 00:06:49 [main] INFO  o.s.c.n.e.c.DiscoveryClientOptionalArgsConfiguration - Eureka HTTP Client uses RestTemplate.
2026-06-29 00:06:49 [main] WARN  o.s.c.l.c.LoadBalancerCacheAutoConfiguration$LoadBalancerCaffeineWarnLogger - Spring Cloud LoadBalancer is currently working with the default cache. While this cache implementation is useful for development and tests, it's recommended to use Caffeine cache in production.You can switch to using Caffeine cache, by adding it and org.springframework.cache.caffeine.CaffeineCacheManager to the classpath.
2026-06-29 00:06:49 [main] INFO  o.s.c.n.eureka.InstanceInfoFactory - Setting initial instance status as: STARTING
2026-06-29 00:06:49 [main] INFO  c.netflix.discovery.DiscoveryClient - Initializing Eureka in region us-east-1
2026-06-29 00:06:49 [main] INFO  c.n.d.s.r.aws.ConfigClusterResolver - Resolving eureka endpoints via configuration
2026-06-29 00:06:49 [main] INFO  c.netflix.discovery.DiscoveryClient - Disable delta property : false
2026-06-29 00:06:49 [main] INFO  c.netflix.discovery.DiscoveryClient - Single vip registry refresh property : null
2026-06-29 00:06:49 [main] INFO  c.netflix.discovery.DiscoveryClient - Force full registry fetch : false
2026-06-29 00:06:49 [main] INFO  c.netflix.discovery.DiscoveryClient - Application is null : false
2026-06-29 00:06:49 [main] INFO  c.netflix.discovery.DiscoveryClient - Registered Applications size is zero : true
2026-06-29 00:06:49 [main] INFO  c.netflix.discovery.DiscoveryClient - Application version is -1: true
2026-06-29 00:06:49 [main] INFO  c.netflix.discovery.DiscoveryClient - Getting all instance registry info from the eureka server
2026-06-29 00:06:50 [main] INFO  c.netflix.discovery.DiscoveryClient - The response status is 200
2026-06-29 00:06:50 [main] INFO  c.netflix.discovery.DiscoveryClient - Starting heartbeat executor: renew interval is: 30
2026-06-29 00:06:50 [main] INFO  c.n.discovery.InstanceInfoReplicator - InstanceInfoReplicator onDemand update allowed rate per min is 4
2026-06-29 00:06:50 [main] INFO  c.netflix.discovery.DiscoveryClient - Discovery Client initialized at timestamp 1782706010165 with initial instances count: 2
2026-06-29 00:06:50 [main] INFO  o.s.c.n.e.s.EurekaServiceRegistry - Registering application DESTINO with eureka with status UP
2026-06-29 00:06:50 [main] INFO  c.netflix.discovery.DiscoveryClient - Saw local status change event StatusChangeEvent [timestamp=1782706010174, current=UP, previous=STARTING]
2026-06-29 00:06:50 [main] INFO  o.a.coyote.http11.Http11NioProtocol - Starting ProtocolHandler ["http-nio-8089"]
2026-06-29 00:06:50 [DiscoveryClient-InstanceInfoReplicator-%d] INFO  c.netflix.discovery.DiscoveryClient - DiscoveryClient_DESTINO/DESKTOP-L148Q07:DESTINO:8089: registering service...
2026-06-29 00:06:50 [main] INFO  o.s.b.w.e.tomcat.TomcatWebServer - Tomcat started on port 8089 (http) with context path '/'
2026-06-29 00:06:50 [main] INFO  o.s.c.n.e.s.EurekaAutoServiceRegistration - Updating port to 8089
2026-06-29 00:06:50 [main] INFO  c.example.destino.DestinoApplication - Started DestinoApplication in 7.374 seconds (process running for 8.009)
2026-06-29 00:06:50 [DiscoveryClient-InstanceInfoReplicator-%d] INFO  c.netflix.discovery.DiscoveryClient - DiscoveryClient_DESTINO/DESKTOP-L148Q07:DESTINO:8089 - registration status: 204
2026-06-29 00:06:50 [main] DEBUG org.hibernate.SQL - select count(*) from destino d1_0
2026-06-29 00:06:51 [main] DEBUG org.hibernate.SQL - insert into destino (ciudad,comuna,nombre_calle,numero_calle) values (?,?,?,?)
2026-06-29 00:06:51 [main] DEBUG org.hibernate.SQL - insert into destino (ciudad,comuna,nombre_calle,numero_calle) values (?,?,?,?)
2026-06-29 00:06:51 [main] DEBUG org.hibernate.SQL - insert into destino (ciudad,comuna,nombre_calle,numero_calle) values (?,?,?,?)
2026-06-29 00:06:51 [main] DEBUG org.hibernate.SQL - insert into destino (ciudad,comuna,nombre_calle,numero_calle) values (?,?,?,?)
2026-06-29 00:06:51 [main] DEBUG org.hibernate.SQL - insert into destino (ciudad,comuna,nombre_calle,numero_calle) values (?,?,?,?)
2026-06-29 00:06:51 [main] DEBUG org.hibernate.SQL - insert into destino (ciudad,comuna,nombre_calle,numero_calle) values (?,?,?,?)
2026-06-29 00:06:51 [main] DEBUG org.hibernate.SQL - insert into destino (ciudad,comuna,nombre_calle,numero_calle) values (?,?,?,?)
2026-06-29 00:06:51 [main] DEBUG org.hibernate.SQL - insert into destino (ciudad,comuna,nombre_calle,numero_calle) values (?,?,?,?)
2026-06-29 00:06:51 [main] DEBUG org.hibernate.SQL - insert into destino (ciudad,comuna,nombre_calle,numero_calle) values (?,?,?,?)
2026-06-29 00:06:51 [main] DEBUG org.hibernate.SQL - insert into destino (ciudad,comuna,nombre_calle,numero_calle) values (?,?,?,?)
2026-06-29 00:06:51 [main] DEBUG org.hibernate.SQL - insert into destino (ciudad,comuna,nombre_calle,numero_calle) values (?,?,?,?)
2026-06-29 00:06:51 [main] DEBUG org.hibernate.SQL - insert into destino (ciudad,comuna,nombre_calle,numero_calle) values (?,?,?,?)
2026-06-29 00:06:51 [main] DEBUG org.hibernate.SQL - insert into destino (ciudad,comuna,nombre_calle,numero_calle) values (?,?,?,?)
2026-06-29 00:06:51 [main] DEBUG org.hibernate.SQL - insert into destino (ciudad,comuna,nombre_calle,numero_calle) values (?,?,?,?)
2026-06-29 00:06:51 [main] DEBUG org.hibernate.SQL - insert into destino (ciudad,comuna,nombre_calle,numero_calle) values (?,?,?,?)
2026-06-29 00:06:51 [main] DEBUG org.hibernate.SQL - insert into destino (ciudad,comuna,nombre_calle,numero_calle) values (?,?,?,?)
2026-06-29 00:06:51 [main] DEBUG org.hibernate.SQL - insert into destino (ciudad,comuna,nombre_calle,numero_calle) values (?,?,?,?)
2026-06-29 00:06:51 [main] DEBUG org.hibernate.SQL - insert into destino (ciudad,comuna,nombre_calle,numero_calle) values (?,?,?,?)
2026-06-29 00:06:51 [main] DEBUG org.hibernate.SQL - insert into destino (ciudad,comuna,nombre_calle,numero_calle) values (?,?,?,?)
2026-06-29 00:06:51 [main] DEBUG org.hibernate.SQL - insert into destino (ciudad,comuna,nombre_calle,numero_calle) values (?,?,?,?)
2026-06-29 00:06:51 [main] DEBUG org.hibernate.SQL - insert into destino (ciudad,comuna,nombre_calle,numero_calle) values (?,?,?,?)
2026-06-29 00:06:51 [main] DEBUG org.hibernate.SQL - insert into destino (ciudad,comuna,nombre_calle,numero_calle) values (?,?,?,?)
2026-06-29 00:06:51 [main] DEBUG org.hibernate.SQL - insert into destino (ciudad,comuna,nombre_calle,numero_calle) values (?,?,?,?)
2026-06-29 00:06:51 [main] DEBUG org.hibernate.SQL - insert into destino (ciudad,comuna,nombre_calle,numero_calle) values (?,?,?,?)
2026-06-29 00:06:51 [main] DEBUG org.hibernate.SQL - insert into destino (ciudad,comuna,nombre_calle,numero_calle) values (?,?,?,?)
2026-06-29 00:06:51 [main] DEBUG org.hibernate.SQL - insert into destino (ciudad,comuna,nombre_calle,numero_calle) values (?,?,?,?)
2026-06-29 00:06:51 [main] DEBUG org.hibernate.SQL - insert into destino (ciudad,comuna,nombre_calle,numero_calle) values (?,?,?,?)
2026-06-29 00:06:51 [main] DEBUG org.hibernate.SQL - insert into destino (ciudad,comuna,nombre_calle,numero_calle) values (?,?,?,?)
2026-06-29 00:06:51 [main] DEBUG org.hibernate.SQL - insert into destino (ciudad,comuna,nombre_calle,numero_calle) values (?,?,?,?)
2026-06-29 00:06:51 [main] DEBUG org.hibernate.SQL - insert into destino (ciudad,comuna,nombre_calle,numero_calle) values (?,?,?,?)
2026-06-29 00:06:51 [main] DEBUG org.hibernate.SQL - insert into destino (ciudad,comuna,nombre_calle,numero_calle) values (?,?,?,?)
2026-06-29 00:06:51 [main] DEBUG org.hibernate.SQL - insert into destino (ciudad,comuna,nombre_calle,numero_calle) values (?,?,?,?)
2026-06-29 00:06:51 [main] DEBUG org.hibernate.SQL - insert into destino (ciudad,comuna,nombre_calle,numero_calle) values (?,?,?,?)
2026-06-29 00:06:51 [main] DEBUG org.hibernate.SQL - insert into destino (ciudad,comuna,nombre_calle,numero_calle) values (?,?,?,?)
2026-06-29 00:06:51 [main] DEBUG org.hibernate.SQL - insert into destino (ciudad,comuna,nombre_calle,numero_calle) values (?,?,?,?)
2026-06-29 00:06:51 [main] DEBUG org.hibernate.SQL - insert into destino (ciudad,comuna,nombre_calle,numero_calle) values (?,?,?,?)
2026-06-29 00:06:51 [main] DEBUG org.hibernate.SQL - insert into destino (ciudad,comuna,nombre_calle,numero_calle) values (?,?,?,?)
2026-06-29 00:06:51 [main] DEBUG org.hibernate.SQL - insert into destino (ciudad,comuna,nombre_calle,numero_calle) values (?,?,?,?)
2026-06-29 00:06:51 [main] DEBUG org.hibernate.SQL - insert into destino (ciudad,comuna,nombre_calle,numero_calle) values (?,?,?,?)
2026-06-29 00:06:51 [main] DEBUG org.hibernate.SQL - insert into destino (ciudad,comuna,nombre_calle,numero_calle) values (?,?,?,?)
2026-06-29 00:06:51 [main] DEBUG org.hibernate.SQL - insert into destino (ciudad,comuna,nombre_calle,numero_calle) values (?,?,?,?)
2026-06-29 00:06:51 [main] DEBUG org.hibernate.SQL - insert into destino (ciudad,comuna,nombre_calle,numero_calle) values (?,?,?,?)
2026-06-29 00:06:51 [main] DEBUG org.hibernate.SQL - insert into destino (ciudad,comuna,nombre_calle,numero_calle) values (?,?,?,?)
2026-06-29 00:06:51 [main] DEBUG org.hibernate.SQL - insert into destino (ciudad,comuna,nombre_calle,numero_calle) values (?,?,?,?)
2026-06-29 00:06:51 [main] DEBUG org.hibernate.SQL - insert into destino (ciudad,comuna,nombre_calle,numero_calle) values (?,?,?,?)
2026-06-29 00:06:51 [main] DEBUG org.hibernate.SQL - insert into destino (ciudad,comuna,nombre_calle,numero_calle) values (?,?,?,?)
2026-06-29 00:06:51 [main] DEBUG org.hibernate.SQL - insert into destino (ciudad,comuna,nombre_calle,numero_calle) values (?,?,?,?)
2026-06-29 00:06:51 [main] DEBUG org.hibernate.SQL - insert into destino (ciudad,comuna,nombre_calle,numero_calle) values (?,?,?,?)
2026-06-29 00:06:51 [main] DEBUG org.hibernate.SQL - insert into destino (ciudad,comuna,nombre_calle,numero_calle) values (?,?,?,?)
2026-06-29 00:06:51 [main] DEBUG org.hibernate.SQL - insert into destino (ciudad,comuna,nombre_calle,numero_calle) values (?,?,?,?)
2026-06-29 00:06:51 [main] DEBUG org.hibernate.SQL - insert into destino (ciudad,comuna,nombre_calle,numero_calle) values (?,?,?,?)
2026-06-29 00:06:51 [main] DEBUG org.hibernate.SQL - insert into destino (ciudad,comuna,nombre_calle,numero_calle) values (?,?,?,?)
2026-06-29 00:06:51 [main] DEBUG org.hibernate.SQL - insert into destino (ciudad,comuna,nombre_calle,numero_calle) values (?,?,?,?)
2026-06-29 00:06:51 [main] DEBUG org.hibernate.SQL - insert into destino (ciudad,comuna,nombre_calle,numero_calle) values (?,?,?,?)
2026-06-29 00:06:51 [main] DEBUG org.hibernate.SQL - insert into destino (ciudad,comuna,nombre_calle,numero_calle) values (?,?,?,?)
2026-06-29 00:06:51 [main] DEBUG org.hibernate.SQL - insert into destino (ciudad,comuna,nombre_calle,numero_calle) values (?,?,?,?)
2026-06-29 00:06:51 [main] DEBUG org.hibernate.SQL - insert into destino (ciudad,comuna,nombre_calle,numero_calle) values (?,?,?,?)
2026-06-29 00:06:51 [main] DEBUG org.hibernate.SQL - insert into destino (ciudad,comuna,nombre_calle,numero_calle) values (?,?,?,?)
2026-06-29 00:06:51 [main] DEBUG org.hibernate.SQL - insert into destino (ciudad,comuna,nombre_calle,numero_calle) values (?,?,?,?)
2026-06-29 00:06:51 [main] DEBUG org.hibernate.SQL - insert into destino (ciudad,comuna,nombre_calle,numero_calle) values (?,?,?,?)
2026-06-29 00:06:51 [main] DEBUG org.hibernate.SQL - insert into destino (ciudad,comuna,nombre_calle,numero_calle) values (?,?,?,?)
2026-06-29 00:06:51 [main] DEBUG org.hibernate.SQL - insert into destino (ciudad,comuna,nombre_calle,numero_calle) values (?,?,?,?)
2026-06-29 00:06:51 [main] DEBUG org.hibernate.SQL - insert into destino (ciudad,comuna,nombre_calle,numero_calle) values (?,?,?,?)
2026-06-29 00:06:51 [main] DEBUG org.hibernate.SQL - insert into destino (ciudad,comuna,nombre_calle,numero_calle) values (?,?,?,?)
2026-06-29 00:06:51 [main] DEBUG org.hibernate.SQL - insert into destino (ciudad,comuna,nombre_calle,numero_calle) values (?,?,?,?)
2026-06-29 00:06:51 [main] DEBUG org.hibernate.SQL - insert into destino (ciudad,comuna,nombre_calle,numero_calle) values (?,?,?,?)
2026-06-29 00:06:51 [main] DEBUG org.hibernate.SQL - insert into destino (ciudad,comuna,nombre_calle,numero_calle) values (?,?,?,?)
2026-06-29 00:06:51 [main] DEBUG org.hibernate.SQL - insert into destino (ciudad,comuna,nombre_calle,numero_calle) values (?,?,?,?)
2026-06-29 00:06:51 [main] DEBUG org.hibernate.SQL - insert into destino (ciudad,comuna,nombre_calle,numero_calle) values (?,?,?,?)
2026-06-29 00:06:51 [main] DEBUG org.hibernate.SQL - insert into destino (ciudad,comuna,nombre_calle,numero_calle) values (?,?,?,?)
2026-06-29 00:06:51 [main] DEBUG org.hibernate.SQL - insert into destino (ciudad,comuna,nombre_calle,numero_calle) values (?,?,?,?)
2026-06-29 00:06:51 [main] DEBUG org.hibernate.SQL - insert into destino (ciudad,comuna,nombre_calle,numero_calle) values (?,?,?,?)
2026-06-29 00:06:51 [main] DEBUG org.hibernate.SQL - insert into destino (ciudad,comuna,nombre_calle,numero_calle) values (?,?,?,?)
2026-06-29 00:06:51 [main] DEBUG org.hibernate.SQL - insert into destino (ciudad,comuna,nombre_calle,numero_calle) values (?,?,?,?)
2026-06-29 00:06:51 [main] DEBUG org.hibernate.SQL - insert into destino (ciudad,comuna,nombre_calle,numero_calle) values (?,?,?,?)
2026-06-29 00:06:51 [main] DEBUG org.hibernate.SQL - insert into destino (ciudad,comuna,nombre_calle,numero_calle) values (?,?,?,?)
2026-06-29 00:06:51 [main] DEBUG org.hibernate.SQL - insert into destino (ciudad,comuna,nombre_calle,numero_calle) values (?,?,?,?)
2026-06-29 00:06:51 [main] DEBUG org.hibernate.SQL - insert into destino (ciudad,comuna,nombre_calle,numero_calle) values (?,?,?,?)
2026-06-29 00:06:51 [main] DEBUG org.hibernate.SQL - insert into destino (ciudad,comuna,nombre_calle,numero_calle) values (?,?,?,?)
2026-06-29 00:06:51 [main] DEBUG org.hibernate.SQL - insert into destino (ciudad,comuna,nombre_calle,numero_calle) values (?,?,?,?)
2026-06-29 00:06:51 [main] DEBUG org.hibernate.SQL - insert into destino (ciudad,comuna,nombre_calle,numero_calle) values (?,?,?,?)
2026-06-29 00:06:51 [main] DEBUG org.hibernate.SQL - insert into destino (ciudad,comuna,nombre_calle,numero_calle) values (?,?,?,?)
2026-06-29 00:06:51 [main] DEBUG org.hibernate.SQL - insert into destino (ciudad,comuna,nombre_calle,numero_calle) values (?,?,?,?)
2026-06-29 00:06:51 [main] DEBUG org.hibernate.SQL - insert into destino (ciudad,comuna,nombre_calle,numero_calle) values (?,?,?,?)
2026-06-29 00:06:51 [main] DEBUG org.hibernate.SQL - insert into destino (ciudad,comuna,nombre_calle,numero_calle) values (?,?,?,?)
2026-06-29 00:06:51 [main] DEBUG org.hibernate.SQL - insert into destino (ciudad,comuna,nombre_calle,numero_calle) values (?,?,?,?)
2026-06-29 00:06:51 [main] DEBUG org.hibernate.SQL - insert into destino (ciudad,comuna,nombre_calle,numero_calle) values (?,?,?,?)
2026-06-29 00:06:51 [main] DEBUG org.hibernate.SQL - insert into destino (ciudad,comuna,nombre_calle,numero_calle) values (?,?,?,?)
2026-06-29 00:06:51 [main] DEBUG org.hibernate.SQL - insert into destino (ciudad,comuna,nombre_calle,numero_calle) values (?,?,?,?)
2026-06-29 00:06:51 [main] DEBUG org.hibernate.SQL - insert into destino (ciudad,comuna,nombre_calle,numero_calle) values (?,?,?,?)
2026-06-29 00:06:51 [main] DEBUG org.hibernate.SQL - insert into destino (ciudad,comuna,nombre_calle,numero_calle) values (?,?,?,?)
2026-06-29 00:06:51 [main] DEBUG org.hibernate.SQL - insert into destino (ciudad,comuna,nombre_calle,numero_calle) values (?,?,?,?)
2026-06-29 00:06:51 [main] DEBUG org.hibernate.SQL - insert into destino (ciudad,comuna,nombre_calle,numero_calle) values (?,?,?,?)
2026-06-29 00:06:51 [main] DEBUG org.hibernate.SQL - insert into destino (ciudad,comuna,nombre_calle,numero_calle) values (?,?,?,?)
2026-06-29 00:06:51 [main] DEBUG org.hibernate.SQL - insert into destino (ciudad,comuna,nombre_calle,numero_calle) values (?,?,?,?)
2026-06-29 00:06:51 [main] DEBUG org.hibernate.SQL - insert into destino (ciudad,comuna,nombre_calle,numero_calle) values (?,?,?,?)
2026-06-29 00:06:51 [main] DEBUG org.hibernate.SQL - insert into destino (ciudad,comuna,nombre_calle,numero_calle) values (?,?,?,?)
2026-06-29 00:06:51 [main] DEBUG org.hibernate.SQL - insert into destino (ciudad,comuna,nombre_calle,numero_calle) values (?,?,?,?)
2026-06-29 00:06:51 [main] DEBUG org.hibernate.SQL - insert into destino (ciudad,comuna,nombre_calle,numero_calle) values (?,?,?,?)
2026-06-29 00:06:51 [main] DEBUG org.hibernate.SQL - insert into destino (ciudad,comuna,nombre_calle,numero_calle) values (?,?,?,?)
2026-06-29 00:06:51 [main] DEBUG org.hibernate.SQL - select d1_0.id,d1_0.ciudad,d1_0.comuna,d1_0.nombre_calle,d1_0.numero_calle from destino d1_0
2026-06-29 00:09:01 [http-nio-8089-exec-1] INFO  o.a.c.c.C.[Tomcat].[localhost].[/] - Initializing Spring DispatcherServlet 'dispatcherServlet'
2026-06-29 00:09:01 [http-nio-8089-exec-1] INFO  o.s.web.servlet.DispatcherServlet - Initializing Servlet 'dispatcherServlet'
2026-06-29 00:09:01 [http-nio-8089-exec-1] INFO  o.s.web.servlet.DispatcherServlet - Completed initialization in 1 ms
2026-06-29 00:09:01 [http-nio-8089-exec-1] WARN  o.s.w.s.m.s.DefaultHandlerExceptionResolver - Resolved [org.springframework.web.HttpRequestMethodNotSupportedException: Request method 'GET' is not supported]
2026-06-29 00:09:01 [http-nio-8089-exec-2] WARN  o.s.w.s.m.s.DefaultHandlerExceptionResolver - Resolved [org.springframework.web.HttpRequestMethodNotSupportedException: Request method 'GET' is not supported]
2026-06-29 00:09:03 [http-nio-8089-exec-3] WARN  o.s.w.s.m.s.DefaultHandlerExceptionResolver - Resolved [org.springframework.web.HttpRequestMethodNotSupportedException: Request method 'GET' is not supported]
2026-06-29 00:09:05 [http-nio-8089-exec-4] WARN  o.s.w.s.m.s.DefaultHandlerExceptionResolver - Resolved [org.springframework.web.HttpRequestMethodNotSupportedException: Request method 'GET' is not supported]
2026-06-29 00:10:16 [main] INFO  c.example.destino.DestinoApplication - Starting DestinoApplication using Java 21.0.9 with PID 11592 (C:\Users\matyd\Desktop\Na\ProyectoFullstack\ms-destino\target\classes started by matyd in C:\Users\matyd\Desktop\Na\ProyectoFullstack)
2026-06-29 00:10:16 [main] INFO  c.example.destino.DestinoApplication - No active profile set, falling back to 1 default profile: "default"
2026-06-29 00:10:17 [main] INFO  o.s.d.r.c.RepositoryConfigurationDelegate - Bootstrapping Spring Data JPA repositories in DEFAULT mode.
2026-06-29 00:10:18 [main] INFO  o.s.d.r.c.RepositoryConfigurationDelegate - Finished Spring Data repository scanning in 219 ms. Found 1 JPA repository interface.
2026-06-29 00:10:18 [main] INFO  o.s.cloud.context.scope.GenericScope - BeanFactory id=f99047c2-3d88-3a8c-8984-0320616a7dd7
2026-06-29 00:10:19 [main] INFO  o.s.b.w.e.tomcat.TomcatWebServer - Tomcat initialized with port 8089 (http)
2026-06-29 00:10:19 [main] INFO  o.a.coyote.http11.Http11NioProtocol - Initializing ProtocolHandler ["http-nio-8089"]
2026-06-29 00:10:19 [main] INFO  o.a.catalina.core.StandardService - Starting service [Tomcat]
2026-06-29 00:10:19 [main] INFO  o.a.catalina.core.StandardEngine - Starting Servlet engine: [Apache Tomcat/10.1.34]
2026-06-29 00:10:19 [main] INFO  o.a.c.c.C.[Tomcat].[localhost].[/] - Initializing Spring embedded WebApplicationContext
2026-06-29 00:10:19 [main] INFO  o.s.b.w.s.c.ServletWebServerApplicationContext - Root WebApplicationContext: initialization completed in 3116 ms
2026-06-29 00:10:19 [main] INFO  com.zaxxer.hikari.HikariDataSource - HikariPool-1 - Starting...
2026-06-29 00:10:20 [main] INFO  com.zaxxer.hikari.pool.HikariPool - HikariPool-1 - Added connection com.mysql.cj.jdbc.ConnectionImpl@56f2c9e8
2026-06-29 00:10:20 [main] INFO  com.zaxxer.hikari.HikariDataSource - HikariPool-1 - Start completed.
2026-06-29 00:10:20 [main] INFO  org.flywaydb.core.FlywayExecutor - Database: jdbc:mysql://localhost:3306/db_destinos?createDatabaseIfNotExist=true (MySQL 9.7)
2026-06-29 00:10:20 [main] WARN  o.f.c.i.database.base.Database - Flyway upgrade recommended: MySQL 9.7 is newer than this version of Flyway and support has not been tested. The latest supported version of MySQL is 8.1.
2026-06-29 00:10:20 [main] INFO  o.f.core.internal.command.DbValidate - Successfully validated 1 migration (execution time 00:00.052s)
2026-06-29 00:10:21 [main] INFO  o.f.core.internal.command.DbMigrate - Current version of schema `db_destinos`: 1
2026-06-29 00:10:21 [main] INFO  o.f.core.internal.command.DbMigrate - Schema `db_destinos` is up to date. No migration necessary.
2026-06-29 00:10:21 [main] INFO  o.h.jpa.internal.util.LogHelper - HHH000204: Processing PersistenceUnitInfo [name: default]
2026-06-29 00:10:21 [main] INFO  org.hibernate.Version - HHH000412: Hibernate ORM core version 6.6.5.Final
2026-06-29 00:10:21 [main] INFO  o.h.c.i.RegionFactoryInitiator - HHH000026: Second-level cache disabled
2026-06-29 00:10:21 [main] INFO  o.s.o.j.p.SpringPersistenceUnitInfo - No LoadTimeWeaver setup: ignoring JPA class transformer
2026-06-29 00:10:21 [main] INFO  o.hibernate.orm.connections.pooling - HHH10001005: Database info:
	Database JDBC URL [Connecting through datasource 'HikariDataSource (HikariPool-1)']
	Database driver: undefined/unknown
	Database version: 9.7
	Autocommit mode: undefined/unknown
	Isolation level: undefined/unknown
	Minimum pool size: undefined/unknown
	Maximum pool size: undefined/unknown
2026-06-29 00:10:22 [main] INFO  o.h.e.t.j.p.i.JtaPlatformInitiator - HHH000489: No JTA platform available (set 'hibernate.transaction.jta.platform' to enable JTA platform integration)
2026-06-29 00:10:22 [main] INFO  o.s.o.j.LocalContainerEntityManagerFactoryBean - Initialized JPA EntityManagerFactory for persistence unit 'default'
2026-06-29 00:10:23 [main] WARN  o.s.b.a.o.j.JpaBaseConfiguration$JpaWebConfiguration - spring.jpa.open-in-view is enabled by default. Therefore, database queries may be performed during view rendering. Explicitly configure spring.jpa.open-in-view to disable this warning
2026-06-29 00:10:23 [main] INFO  o.s.v.b.OptionalValidatorFactoryBean - Failed to set up a Bean Validation provider: jakarta.validation.NoProviderFoundException: Unable to create a Configuration, because no Jakarta Bean Validation provider could be found. Add a provider like Hibernate Validator (RI) to your classpath.
2026-06-29 00:10:23 [main] INFO  o.s.c.n.e.c.DiscoveryClientOptionalArgsConfiguration - Eureka HTTP Client uses RestTemplate.
2026-06-29 00:10:24 [main] WARN  o.s.c.l.c.LoadBalancerCacheAutoConfiguration$LoadBalancerCaffeineWarnLogger - Spring Cloud LoadBalancer is currently working with the default cache. While this cache implementation is useful for development and tests, it's recommended to use Caffeine cache in production.You can switch to using Caffeine cache, by adding it and org.springframework.cache.caffeine.CaffeineCacheManager to the classpath.
2026-06-29 00:10:24 [main] INFO  o.s.c.n.eureka.InstanceInfoFactory - Setting initial instance status as: STARTING
2026-06-29 00:10:24 [main] INFO  c.netflix.discovery.DiscoveryClient - Initializing Eureka in region us-east-1
2026-06-29 00:10:24 [main] INFO  c.n.d.s.r.aws.ConfigClusterResolver - Resolving eureka endpoints via configuration
2026-06-29 00:10:24 [main] INFO  c.netflix.discovery.DiscoveryClient - Disable delta property : false
2026-06-29 00:10:24 [main] INFO  c.netflix.discovery.DiscoveryClient - Single vip registry refresh property : null
2026-06-29 00:10:24 [main] INFO  c.netflix.discovery.DiscoveryClient - Force full registry fetch : false
2026-06-29 00:10:24 [main] INFO  c.netflix.discovery.DiscoveryClient - Application is null : false
2026-06-29 00:10:24 [main] INFO  c.netflix.discovery.DiscoveryClient - Registered Applications size is zero : true
2026-06-29 00:10:24 [main] INFO  c.netflix.discovery.DiscoveryClient - Application version is -1: true
2026-06-29 00:10:24 [main] INFO  c.netflix.discovery.DiscoveryClient - Getting all instance registry info from the eureka server
2026-06-29 00:10:24 [main] INFO  c.netflix.discovery.DiscoveryClient - The response status is 200
2026-06-29 00:10:24 [main] INFO  c.netflix.discovery.DiscoveryClient - Starting heartbeat executor: renew interval is: 30
2026-06-29 00:10:24 [main] INFO  c.n.discovery.InstanceInfoReplicator - InstanceInfoReplicator onDemand update allowed rate per min is 4
2026-06-29 00:10:24 [main] INFO  c.netflix.discovery.DiscoveryClient - Discovery Client initialized at timestamp 1782706224532 with initial instances count: 0
2026-06-29 00:10:24 [main] INFO  o.s.c.n.e.s.EurekaServiceRegistry - Registering application DESTINO with eureka with status UP
2026-06-29 00:10:24 [main] INFO  c.netflix.discovery.DiscoveryClient - Saw local status change event StatusChangeEvent [timestamp=1782706224539, current=UP, previous=STARTING]
2026-06-29 00:10:24 [main] INFO  o.a.coyote.http11.Http11NioProtocol - Starting ProtocolHandler ["http-nio-8089"]
2026-06-29 00:10:24 [DiscoveryClient-InstanceInfoReplicator-%d] INFO  c.netflix.discovery.DiscoveryClient - DiscoveryClient_DESTINO/DESKTOP-L148Q07:DESTINO:8089: registering service...
2026-06-29 00:10:24 [main] INFO  o.s.b.w.e.tomcat.TomcatWebServer - Tomcat started on port 8089 (http) with context path '/'
2026-06-29 00:10:24 [main] INFO  o.s.c.n.e.s.EurekaAutoServiceRegistration - Updating port to 8089
2026-06-29 00:10:24 [DiscoveryClient-InstanceInfoReplicator-%d] INFO  c.netflix.discovery.DiscoveryClient - DiscoveryClient_DESTINO/DESKTOP-L148Q07:DESTINO:8089 - registration status: 204
2026-06-29 00:10:24 [main] INFO  c.example.destino.DestinoApplication - Started DestinoApplication in 9.674 seconds (process running for 10.778)
2026-06-29 00:10:24 [main] DEBUG org.hibernate.SQL - select count(*) from destino d1_0
2026-06-29 00:10:24 [main] DEBUG org.hibernate.SQL - select d1_0.id,d1_0.ciudad,d1_0.comuna,d1_0.nombre_calle,d1_0.numero_calle from destino d1_0
2026-06-29 00:10:54 [DiscoveryClient-CacheRefreshExecutor-%d] INFO  c.netflix.discovery.DiscoveryClient - Disable delta property : false
2026-06-29 00:10:54 [DiscoveryClient-CacheRefreshExecutor-%d] INFO  c.netflix.discovery.DiscoveryClient - Single vip registry refresh property : null
2026-06-29 00:10:54 [DiscoveryClient-CacheRefreshExecutor-%d] INFO  c.netflix.discovery.DiscoveryClient - Force full registry fetch : false
2026-06-29 00:10:54 [DiscoveryClient-CacheRefreshExecutor-%d] INFO  c.netflix.discovery.DiscoveryClient - Application is null : false
2026-06-29 00:10:54 [DiscoveryClient-CacheRefreshExecutor-%d] INFO  c.netflix.discovery.DiscoveryClient - Registered Applications size is zero : true
2026-06-29 00:10:54 [DiscoveryClient-CacheRefreshExecutor-%d] INFO  c.netflix.discovery.DiscoveryClient - Application version is -1: false
2026-06-29 00:10:54 [DiscoveryClient-CacheRefreshExecutor-%d] INFO  c.netflix.discovery.DiscoveryClient - Getting all instance registry info from the eureka server
2026-06-29 00:10:54 [DiscoveryClient-CacheRefreshExecutor-%d] INFO  c.netflix.discovery.DiscoveryClient - The response status is 200
2026-06-29 00:10:56 [http-nio-8089-exec-1] INFO  o.a.c.c.C.[Tomcat].[localhost].[/] - Initializing Spring DispatcherServlet 'dispatcherServlet'
2026-06-29 00:10:56 [http-nio-8089-exec-1] INFO  o.s.web.servlet.DispatcherServlet - Initializing Servlet 'dispatcherServlet'
2026-06-29 00:10:56 [http-nio-8089-exec-1] INFO  o.s.web.servlet.DispatcherServlet - Completed initialization in 2 ms
2026-06-29 00:10:56 [http-nio-8089-exec-1] WARN  o.s.w.s.m.s.DefaultHandlerExceptionResolver - Resolved [org.springframework.web.HttpRequestMethodNotSupportedException: Request method 'GET' is not supported]
2026-06-29 00:11:22 [http-nio-8089-exec-2] WARN  o.s.w.s.m.s.DefaultHandlerExceptionResolver - Resolved [org.springframework.web.HttpRequestMethodNotSupportedException: Request method 'GET' is not supported]
2026-06-29 00:11:25 [http-nio-8089-exec-4] WARN  o.s.w.s.m.s.DefaultHandlerExceptionResolver - Resolved [org.springframework.web.HttpRequestMethodNotSupportedException: Request method 'GET' is not supported]
2026-06-29 00:11:35 [http-nio-8089-exec-5] WARN  o.s.w.s.m.s.DefaultHandlerExceptionResolver - Resolved [org.springframework.web.HttpRequestMethodNotSupportedException: Request method 'GET' is not supported]
2026-06-29 00:11:40 [http-nio-8089-exec-6] WARN  o.s.w.s.m.s.DefaultHandlerExceptionResolver - Resolved [org.springframework.web.HttpRequestMethodNotSupportedException: Request method 'GET' is not supported]
2026-06-29 00:12:41 [http-nio-8089-exec-1] WARN  o.s.w.s.m.s.DefaultHandlerExceptionResolver - Resolved [org.springframework.web.HttpRequestMethodNotSupportedException: Request method 'GET' is not supported]
2026-06-29 00:12:43 [http-nio-8089-exec-2] INFO  c.e.d.Controller.DestinoController - INFORMACION: Se solicita destino por id: 1
2026-06-29 00:12:43 [http-nio-8089-exec-2] DEBUG org.hibernate.SQL - select d1_0.id,d1_0.ciudad,d1_0.comuna,d1_0.nombre_calle,d1_0.numero_calle from destino d1_0 where d1_0.id=?
2026-06-29 00:12:52 [http-nio-8089-exec-3] INFO  c.e.d.Controller.DestinoController - INFORMACION: Se solicita destino por id: 1
2026-06-29 00:12:52 [http-nio-8089-exec-3] DEBUG org.hibernate.SQL - select d1_0.id,d1_0.ciudad,d1_0.comuna,d1_0.nombre_calle,d1_0.numero_calle from destino d1_0 where d1_0.id=?
2026-06-29 00:14:18 [http-nio-8089-exec-7] INFO  c.e.d.Controller.DestinoController - INFORMACION: Se solicita destino por id: 1
2026-06-29 00:14:18 [http-nio-8089-exec-7] DEBUG org.hibernate.SQL - select d1_0.id,d1_0.ciudad,d1_0.comuna,d1_0.nombre_calle,d1_0.numero_calle from destino d1_0 where d1_0.id=?
2026-06-29 00:14:23 [http-nio-8089-exec-8] WARN  o.s.w.s.m.s.DefaultHandlerExceptionResolver - Resolved [org.springframework.web.HttpRequestMethodNotSupportedException: Request method 'GET' is not supported]
2026-06-29 00:14:25 [http-nio-8089-exec-9] INFO  c.e.d.Controller.DestinoController - INFORMACION: Se solicita destino por id: 1
2026-06-29 00:14:25 [http-nio-8089-exec-9] DEBUG org.hibernate.SQL - select d1_0.id,d1_0.ciudad,d1_0.comuna,d1_0.nombre_calle,d1_0.numero_calle from destino d1_0 where d1_0.id=?
2026-06-29 00:15:24 [AsyncResolver-bootstrap-executor-%d] INFO  c.n.d.s.r.aws.ConfigClusterResolver - Resolving eureka endpoints via configuration
2026-06-29 20:10:13 [main] INFO  c.example.destino.DestinoApplication - Starting DestinoApplication using Java 21.0.11 with PID 25708 (C:\Users\GAMER\Downloads\ProyectoFullstack\ms-destino\target\classes started by GAMER in C:\Users\GAMER\Downloads\ProyectoFullstack)
2026-06-29 20:10:13 [main] INFO  c.example.destino.DestinoApplication - No active profile set, falling back to 1 default profile: "default"
2026-06-29 20:10:14 [main] INFO  o.s.d.r.c.RepositoryConfigurationDelegate - Bootstrapping Spring Data JPA repositories in DEFAULT mode.
2026-06-29 20:10:14 [main] INFO  o.s.d.r.c.RepositoryConfigurationDelegate - Finished Spring Data repository scanning in 122 ms. Found 1 JPA repository interface.
2026-06-29 20:10:14 [main] INFO  o.s.cloud.context.scope.GenericScope - BeanFactory id=f99047c2-3d88-3a8c-8984-0320616a7dd7
2026-06-29 20:10:15 [main] INFO  o.s.b.w.e.tomcat.TomcatWebServer - Tomcat initialized with port 8089 (http)
2026-06-29 20:10:15 [main] INFO  o.a.coyote.http11.Http11NioProtocol - Initializing ProtocolHandler ["http-nio-8089"]
2026-06-29 20:10:15 [main] INFO  o.a.catalina.core.StandardService - Starting service [Tomcat]
2026-06-29 20:10:15 [main] INFO  o.a.catalina.core.StandardEngine - Starting Servlet engine: [Apache Tomcat/10.1.34]
2026-06-29 20:10:15 [main] INFO  o.a.c.c.C.[Tomcat].[localhost].[/] - Initializing Spring embedded WebApplicationContext
2026-06-29 20:10:15 [main] INFO  o.s.b.w.s.c.ServletWebServerApplicationContext - Root WebApplicationContext: initialization completed in 1968 ms
2026-06-29 20:10:15 [main] INFO  com.zaxxer.hikari.HikariDataSource - HikariPool-1 - Starting...
2026-06-29 20:10:16 [main] INFO  com.zaxxer.hikari.pool.HikariPool - HikariPool-1 - Added connection com.mysql.cj.jdbc.ConnectionImpl@6106dfb6
2026-06-29 20:10:16 [main] INFO  com.zaxxer.hikari.HikariDataSource - HikariPool-1 - Start completed.
2026-06-29 20:10:16 [main] INFO  org.flywaydb.core.FlywayExecutor - Database: jdbc:mysql://localhost:3306/db_destinos?createDatabaseIfNotExist=true (MySQL 8.0)
2026-06-29 20:10:16 [main] INFO  o.f.core.internal.command.DbValidate - Successfully validated 1 migration (execution time 00:00.059s)
2026-06-29 20:10:16 [main] INFO  o.f.core.internal.command.DbMigrate - Current version of schema `db_destinos`: 1
2026-06-29 20:10:16 [main] INFO  o.f.core.internal.command.DbMigrate - Schema `db_destinos` is up to date. No migration necessary.
2026-06-29 20:10:16 [main] INFO  o.h.jpa.internal.util.LogHelper - HHH000204: Processing PersistenceUnitInfo [name: default]
2026-06-29 20:10:16 [main] INFO  org.hibernate.Version - HHH000412: Hibernate ORM core version 6.6.5.Final
2026-06-29 20:10:16 [main] INFO  o.h.c.i.RegionFactoryInitiator - HHH000026: Second-level cache disabled
2026-06-29 20:10:16 [main] INFO  o.s.o.j.p.SpringPersistenceUnitInfo - No LoadTimeWeaver setup: ignoring JPA class transformer
2026-06-29 20:10:16 [main] INFO  o.hibernate.orm.connections.pooling - HHH10001005: Database info:
	Database JDBC URL [Connecting through datasource 'HikariDataSource (HikariPool-1)']
	Database driver: undefined/unknown
	Database version: 8.0.46
	Autocommit mode: undefined/unknown
	Isolation level: undefined/unknown
	Minimum pool size: undefined/unknown
	Maximum pool size: undefined/unknown
2026-06-29 20:10:17 [main] INFO  o.h.e.t.j.p.i.JtaPlatformInitiator - HHH000489: No JTA platform available (set 'hibernate.transaction.jta.platform' to enable JTA platform integration)
2026-06-29 20:10:17 [main] INFO  o.s.o.j.LocalContainerEntityManagerFactoryBean - Initialized JPA EntityManagerFactory for persistence unit 'default'
2026-06-29 20:10:17 [main] WARN  o.s.b.a.o.j.JpaBaseConfiguration$JpaWebConfiguration - spring.jpa.open-in-view is enabled by default. Therefore, database queries may be performed during view rendering. Explicitly configure spring.jpa.open-in-view to disable this warning
2026-06-29 20:10:17 [main] INFO  o.s.v.b.OptionalValidatorFactoryBean - Failed to set up a Bean Validation provider: jakarta.validation.NoProviderFoundException: Unable to create a Configuration, because no Jakarta Bean Validation provider could be found. Add a provider like Hibernate Validator (RI) to your classpath.
2026-06-29 20:10:18 [main] INFO  c.example.destino.DestinoApplication - Starting DestinoApplication using Java 21.0.11 with PID 26916 (C:\Users\GAMER\Downloads\ProyectoFullstack\ms-destino\target\classes started by GAMER in C:\Users\GAMER\Downloads\ProyectoFullstack)
2026-06-29 20:10:18 [main] INFO  c.example.destino.DestinoApplication - No active profile set, falling back to 1 default profile: "default"
2026-06-29 20:10:19 [main] INFO  o.s.cloud.commons.util.InetUtils - Cannot determine local hostname
2026-06-29 20:10:19 [main] INFO  o.s.d.r.c.RepositoryConfigurationDelegate - Bootstrapping Spring Data JPA repositories in DEFAULT mode.
2026-06-29 20:10:19 [main] INFO  o.s.d.r.c.RepositoryConfigurationDelegate - Finished Spring Data repository scanning in 104 ms. Found 1 JPA repository interface.
2026-06-29 20:10:20 [main] INFO  o.s.cloud.context.scope.GenericScope - BeanFactory id=f99047c2-3d88-3a8c-8984-0320616a7dd7
2026-06-29 20:10:20 [main] INFO  o.s.cloud.commons.util.InetUtils - Cannot determine local hostname
2026-06-29 20:10:20 [main] INFO  o.s.c.n.e.c.DiscoveryClientOptionalArgsConfiguration - Eureka HTTP Client uses RestTemplate.
2026-06-29 20:10:20 [main] WARN  o.s.c.l.c.LoadBalancerCacheAutoConfiguration$LoadBalancerCaffeineWarnLogger - Spring Cloud LoadBalancer is currently working with the default cache. While this cache implementation is useful for development and tests, it's recommended to use Caffeine cache in production.You can switch to using Caffeine cache, by adding it and org.springframework.cache.caffeine.CaffeineCacheManager to the classpath.
2026-06-29 20:10:20 [main] INFO  o.s.c.n.eureka.InstanceInfoFactory - Setting initial instance status as: STARTING
2026-06-29 20:10:20 [main] INFO  o.s.b.w.e.tomcat.TomcatWebServer - Tomcat initialized with port 8089 (http)
2026-06-29 20:10:20 [main] INFO  o.a.coyote.http11.Http11NioProtocol - Initializing ProtocolHandler ["http-nio-8089"]
2026-06-29 20:10:20 [main] INFO  o.a.catalina.core.StandardService - Starting service [Tomcat]
2026-06-29 20:10:20 [main] INFO  o.a.catalina.core.StandardEngine - Starting Servlet engine: [Apache Tomcat/10.1.34]
2026-06-29 20:10:20 [main] INFO  c.netflix.discovery.DiscoveryClient - Initializing Eureka in region us-east-1
2026-06-29 20:10:20 [main] INFO  c.n.d.s.r.aws.ConfigClusterResolver - Resolving eureka endpoints via configuration
2026-06-29 20:10:20 [main] INFO  c.netflix.discovery.DiscoveryClient - Disable delta property : false
2026-06-29 20:10:20 [main] INFO  c.netflix.discovery.DiscoveryClient - Single vip registry refresh property : null
2026-06-29 20:10:20 [main] INFO  c.netflix.discovery.DiscoveryClient - Force full registry fetch : false
2026-06-29 20:10:20 [main] INFO  c.netflix.discovery.DiscoveryClient - Application is null : false
2026-06-29 20:10:20 [main] INFO  c.netflix.discovery.DiscoveryClient - Registered Applications size is zero : true
2026-06-29 20:10:20 [main] INFO  c.netflix.discovery.DiscoveryClient - Application version is -1: true
2026-06-29 20:10:20 [main] INFO  c.netflix.discovery.DiscoveryClient - Getting all instance registry info from the eureka server
2026-06-29 20:10:20 [main] INFO  o.a.c.c.C.[Tomcat].[localhost].[/] - Initializing Spring embedded WebApplicationContext
2026-06-29 20:10:20 [main] INFO  o.s.b.w.s.c.ServletWebServerApplicationContext - Root WebApplicationContext: initialization completed in 1699 ms
2026-06-29 20:10:20 [main] INFO  c.netflix.discovery.DiscoveryClient - The response status is 200
2026-06-29 20:10:20 [main] INFO  c.netflix.discovery.DiscoveryClient - Starting heartbeat executor: renew interval is: 30
2026-06-29 20:10:20 [main] INFO  c.n.discovery.InstanceInfoReplicator - InstanceInfoReplicator onDemand update allowed rate per min is 4
2026-06-29 20:10:20 [main] INFO  c.netflix.discovery.DiscoveryClient - Discovery Client initialized at timestamp 1782778220844 with initial instances count: 6
2026-06-29 20:10:20 [main] INFO  o.s.c.n.e.s.EurekaServiceRegistry - Registering application DESTINO with eureka with status UP
2026-06-29 20:10:20 [main] INFO  c.netflix.discovery.DiscoveryClient - Saw local status change event StatusChangeEvent [timestamp=1782778220852, current=UP, previous=STARTING]
2026-06-29 20:10:20 [main] INFO  o.a.coyote.http11.Http11NioProtocol - Starting ProtocolHandler ["http-nio-8089"]
2026-06-29 20:10:20 [DiscoveryClient-InstanceInfoReplicator-%d] INFO  c.netflix.discovery.DiscoveryClient - DiscoveryClient_DESTINO/localhost:DESTINO:8089: registering service...
2026-06-29 20:10:20 [main] INFO  o.s.b.w.e.tomcat.TomcatWebServer - Tomcat started on port 8089 (http) with context path '/'
2026-06-29 20:10:20 [main] INFO  o.s.c.n.e.s.EurekaAutoServiceRegistration - Updating port to 8089
2026-06-29 20:10:20 [DiscoveryClient-InstanceInfoReplicator-%d] INFO  c.netflix.discovery.DiscoveryClient - DiscoveryClient_DESTINO/localhost:DESTINO:8089 - registration status: 204
2026-06-29 20:10:20 [main] INFO  com.zaxxer.hikari.HikariDataSource - HikariPool-1 - Starting...
2026-06-29 20:10:21 [main] INFO  com.zaxxer.hikari.pool.HikariPool - HikariPool-1 - Added connection com.mysql.cj.jdbc.ConnectionImpl@46994f26
2026-06-29 20:10:21 [main] INFO  com.zaxxer.hikari.HikariDataSource - HikariPool-1 - Start completed.
2026-06-29 20:10:21 [main] INFO  org.flywaydb.core.FlywayExecutor - Database: jdbc:mysql://localhost:3306/db_destinos?createDatabaseIfNotExist=true (MySQL 8.0)
2026-06-29 20:10:21 [main] INFO  o.f.core.internal.command.DbValidate - Successfully validated 1 migration (execution time 00:00.038s)
2026-06-29 20:10:21 [main] INFO  o.f.core.internal.command.DbMigrate - Current version of schema `db_destinos`: 1
2026-06-29 20:10:21 [main] INFO  o.f.core.internal.command.DbMigrate - Schema `db_destinos` is up to date. No migration necessary.
2026-06-29 20:10:21 [main] INFO  o.h.jpa.internal.util.LogHelper - HHH000204: Processing PersistenceUnitInfo [name: default]
2026-06-29 20:10:21 [main] INFO  org.hibernate.Version - HHH000412: Hibernate ORM core version 6.6.5.Final
2026-06-29 20:10:21 [main] INFO  o.h.c.i.RegionFactoryInitiator - HHH000026: Second-level cache disabled
2026-06-29 20:10:21 [main] INFO  o.s.cloud.commons.util.InetUtils - Cannot determine local hostname
2026-06-29 20:10:21 [main] INFO  c.example.destino.DestinoApplication - Started DestinoApplication in 10.172 seconds (process running for 10.735)
2026-06-29 20:10:21 [main] INFO  o.s.o.j.p.SpringPersistenceUnitInfo - No LoadTimeWeaver setup: ignoring JPA class transformer
2026-06-29 20:10:22 [main] INFO  o.hibernate.orm.connections.pooling - HHH10001005: Database info:
	Database JDBC URL [Connecting through datasource 'HikariDataSource (HikariPool-1)']
	Database driver: undefined/unknown
	Database version: 8.0.46
	Autocommit mode: undefined/unknown
	Isolation level: undefined/unknown
	Minimum pool size: undefined/unknown
	Maximum pool size: undefined/unknown
2026-06-29 20:10:22 [main] DEBUG org.hibernate.SQL - select count(*) from destino d1_0
2026-06-29 20:10:22 [main] DEBUG org.hibernate.SQL - select d1_0.id,d1_0.ciudad,d1_0.comuna,d1_0.nombre_calle,d1_0.numero_calle from destino d1_0
2026-06-29 20:10:22 [main] INFO  o.h.e.t.j.p.i.JtaPlatformInitiator - HHH000489: No JTA platform available (set 'hibernate.transaction.jta.platform' to enable JTA platform integration)
2026-06-29 20:10:22 [main] INFO  o.s.o.j.LocalContainerEntityManagerFactoryBean - Initialized JPA EntityManagerFactory for persistence unit 'default'
2026-06-29 20:10:23 [main] WARN  o.s.b.a.o.j.JpaBaseConfiguration$JpaWebConfiguration - spring.jpa.open-in-view is enabled by default. Therefore, database queries may be performed during view rendering. Explicitly configure spring.jpa.open-in-view to disable this warning
2026-06-29 20:10:23 [main] INFO  o.s.v.b.OptionalValidatorFactoryBean - Failed to set up a Bean Validation provider: jakarta.validation.NoProviderFoundException: Unable to create a Configuration, because no Jakarta Bean Validation provider could be found. Add a provider like Hibernate Validator (RI) to your classpath.
2026-06-29 20:10:24 [main] INFO  o.s.cloud.commons.util.InetUtils - Cannot determine local hostname
2026-06-29 20:10:25 [main] INFO  o.s.cloud.commons.util.InetUtils - Cannot determine local hostname
2026-06-29 20:10:25 [main] INFO  o.s.c.n.e.c.DiscoveryClientOptionalArgsConfiguration - Eureka HTTP Client uses RestTemplate.
2026-06-29 20:10:25 [main] WARN  o.s.c.l.c.LoadBalancerCacheAutoConfiguration$LoadBalancerCaffeineWarnLogger - Spring Cloud LoadBalancer is currently working with the default cache. While this cache implementation is useful for development and tests, it's recommended to use Caffeine cache in production.You can switch to using Caffeine cache, by adding it and org.springframework.cache.caffeine.CaffeineCacheManager to the classpath.
2026-06-29 20:10:26 [main] INFO  o.s.c.n.eureka.InstanceInfoFactory - Setting initial instance status as: STARTING
2026-06-29 20:10:26 [main] INFO  c.netflix.discovery.DiscoveryClient - Initializing Eureka in region us-east-1
2026-06-29 20:10:26 [main] INFO  c.n.d.s.r.aws.ConfigClusterResolver - Resolving eureka endpoints via configuration
2026-06-29 20:10:26 [main] INFO  c.netflix.discovery.DiscoveryClient - Disable delta property : false
2026-06-29 20:10:26 [main] INFO  c.netflix.discovery.DiscoveryClient - Single vip registry refresh property : null
2026-06-29 20:10:26 [main] INFO  c.netflix.discovery.DiscoveryClient - Force full registry fetch : false
2026-06-29 20:10:26 [main] INFO  c.netflix.discovery.DiscoveryClient - Application is null : false
2026-06-29 20:10:26 [main] INFO  c.netflix.discovery.DiscoveryClient - Registered Applications size is zero : true
2026-06-29 20:10:26 [main] INFO  c.netflix.discovery.DiscoveryClient - Application version is -1: true
2026-06-29 20:10:26 [main] INFO  c.netflix.discovery.DiscoveryClient - Getting all instance registry info from the eureka server
2026-06-29 20:10:26 [main] INFO  c.netflix.discovery.DiscoveryClient - The response status is 200
2026-06-29 20:10:26 [main] INFO  c.netflix.discovery.DiscoveryClient - Starting heartbeat executor: renew interval is: 30
2026-06-29 20:10:26 [main] INFO  c.n.discovery.InstanceInfoReplicator - InstanceInfoReplicator onDemand update allowed rate per min is 4
2026-06-29 20:10:26 [main] INFO  c.netflix.discovery.DiscoveryClient - Discovery Client initialized at timestamp 1782778226297 with initial instances count: 6
2026-06-29 20:10:26 [main] INFO  o.s.c.n.e.s.EurekaServiceRegistry - Registering application DESTINO with eureka with status UP
2026-06-29 20:10:26 [main] INFO  c.netflix.discovery.DiscoveryClient - Saw local status change event StatusChangeEvent [timestamp=1782778226302, current=UP, previous=STARTING]
2026-06-29 20:10:26 [main] INFO  o.a.coyote.http11.Http11NioProtocol - Starting ProtocolHandler ["http-nio-8089"]
2026-06-29 20:10:26 [DiscoveryClient-InstanceInfoReplicator-%d] INFO  c.netflix.discovery.DiscoveryClient - DiscoveryClient_DESTINO/localhost:DESTINO:8089: registering service...
2026-06-29 20:10:26 [main] INFO  o.s.c.n.e.s.EurekaServiceRegistry - Unregistering application DESTINO with eureka with status DOWN
2026-06-29 20:10:26 [main] INFO  c.netflix.discovery.DiscoveryClient - Saw local status change event StatusChangeEvent [timestamp=1782778226309, current=DOWN, previous=UP]
2026-06-29 20:10:26 [main] WARN  o.s.b.w.s.c.AnnotationConfigServletWebServerApplicationContext - Exception encountered during context initialization - cancelling refresh attempt: org.springframework.context.ApplicationContextException: Failed to start bean 'webServerStartStop'
2026-06-29 20:10:26 [main] INFO  o.s.o.j.LocalContainerEntityManagerFactoryBean - Closing JPA EntityManagerFactory for persistence unit 'default'
2026-06-29 20:10:26 [main] INFO  com.zaxxer.hikari.HikariDataSource - HikariPool-1 - Shutdown initiated...
2026-06-29 20:10:26 [main] INFO  com.zaxxer.hikari.HikariDataSource - HikariPool-1 - Shutdown completed.
2026-06-29 20:10:26 [main] INFO  c.netflix.discovery.DiscoveryClient - Shutting down DiscoveryClient ...
2026-06-29 20:10:26 [DiscoveryClient-InstanceInfoReplicator-%d] INFO  c.netflix.discovery.DiscoveryClient - DiscoveryClient_DESTINO/localhost:DESTINO:8089 - registration status: 204
2026-06-29 20:10:26 [DiscoveryClient-InstanceInfoReplicator-%d] INFO  c.netflix.discovery.DiscoveryClient - DiscoveryClient_DESTINO/localhost:DESTINO:8089: registering service...
2026-06-29 20:10:26 [DiscoveryClient-InstanceInfoReplicator-%d] INFO  c.netflix.discovery.DiscoveryClient - DiscoveryClient_DESTINO/localhost:DESTINO:8089 - registration status: 204
2026-06-29 20:10:26 [main] INFO  c.netflix.discovery.DiscoveryClient - Unregistering ...
2026-06-29 20:10:26 [main] INFO  c.netflix.discovery.DiscoveryClient - DiscoveryClient_DESTINO/localhost:DESTINO:8089 - deregister  status: 200
2026-06-29 20:10:26 [main] INFO  c.netflix.discovery.DiscoveryClient - Completed shut down of DiscoveryClient
2026-06-29 20:10:26 [main] INFO  o.s.b.a.l.ConditionEvaluationReportLogger - 

Error starting ApplicationContext. To display the condition evaluation report re-run your application with 'debug' enabled.
2026-06-29 20:10:26 [main] ERROR o.s.b.d.LoggingFailureAnalysisReporter - 

***************************
APPLICATION FAILED TO START
***************************

Description:

Web server failed to start. Port 8089 was already in use.

Action:

Identify and stop the process that's listening on port 8089 or configure this application to listen on another port.

2026-06-29 20:10:50 [DiscoveryClient-HeartbeatExecutor-%d] INFO  c.netflix.discovery.DiscoveryClient - DiscoveryClient_DESTINO/localhost:DESTINO:8089 - Re-registering apps/DESTINO
2026-06-29 20:10:50 [DiscoveryClient-HeartbeatExecutor-%d] INFO  c.netflix.discovery.DiscoveryClient - DiscoveryClient_DESTINO/localhost:DESTINO:8089: registering service...
2026-06-29 20:10:50 [DiscoveryClient-HeartbeatExecutor-%d] INFO  c.netflix.discovery.DiscoveryClient - DiscoveryClient_DESTINO/localhost:DESTINO:8089 - registration status: 204
2026-06-29 20:11:20 [DiscoveryClient-HeartbeatExecutor-%d] INFO  c.netflix.discovery.DiscoveryClient - DiscoveryClient_DESTINO/localhost:DESTINO:8089 - Re-registering apps/DESTINO
2026-06-29 20:11:20 [DiscoveryClient-HeartbeatExecutor-%d] INFO  c.netflix.discovery.DiscoveryClient - DiscoveryClient_DESTINO/localhost:DESTINO:8089: registering service...
2026-06-29 20:11:20 [DiscoveryClient-HeartbeatExecutor-%d] INFO  c.netflix.discovery.DiscoveryClient - DiscoveryClient_DESTINO/localhost:DESTINO:8089 - registration status: 204
2026-06-29 20:14:50 [http-nio-8089-exec-1] INFO  o.a.c.c.C.[Tomcat].[localhost].[/] - Initializing Spring DispatcherServlet 'dispatcherServlet'
2026-06-29 20:14:50 [http-nio-8089-exec-1] INFO  o.s.web.servlet.DispatcherServlet - Initializing Servlet 'dispatcherServlet'
2026-06-29 20:14:50 [http-nio-8089-exec-1] INFO  o.s.web.servlet.DispatcherServlet - Completed initialization in 2 ms
2026-06-29 20:14:50 [http-nio-8089-exec-1] WARN  o.s.w.s.m.s.DefaultHandlerExceptionResolver - Resolved [org.springframework.web.HttpRequestMethodNotSupportedException: Request method 'GET' is not supported]
2026-06-29 20:14:59 [http-nio-8089-exec-2] WARN  o.s.w.s.m.s.DefaultHandlerExceptionResolver - Resolved [org.springframework.web.HttpRequestMethodNotSupportedException: Request method 'GET' is not supported]
2026-06-29 20:15:00 [http-nio-8089-exec-3] WARN  o.s.w.s.m.s.DefaultHandlerExceptionResolver - Resolved [org.springframework.web.HttpRequestMethodNotSupportedException: Request method 'GET' is not supported]
2026-06-29 20:15:01 [http-nio-8089-exec-4] WARN  o.s.w.s.m.s.DefaultHandlerExceptionResolver - Resolved [org.springframework.web.HttpRequestMethodNotSupportedException: Request method 'GET' is not supported]
2026-06-29 20:15:01 [http-nio-8089-exec-5] WARN  o.s.w.s.m.s.DefaultHandlerExceptionResolver - Resolved [org.springframework.web.HttpRequestMethodNotSupportedException: Request method 'GET' is not supported]
2026-06-29 20:15:01 [http-nio-8089-exec-6] WARN  o.s.w.s.m.s.DefaultHandlerExceptionResolver - Resolved [org.springframework.web.HttpRequestMethodNotSupportedException: Request method 'GET' is not supported]
2026-06-29 20:15:01 [http-nio-8089-exec-7] WARN  o.s.w.s.m.s.DefaultHandlerExceptionResolver - Resolved [org.springframework.web.HttpRequestMethodNotSupportedException: Request method 'GET' is not supported]
2026-06-29 20:15:01 [http-nio-8089-exec-8] WARN  o.s.w.s.m.s.DefaultHandlerExceptionResolver - Resolved [org.springframework.web.HttpRequestMethodNotSupportedException: Request method 'GET' is not supported]
2026-06-29 20:15:20 [AsyncResolver-bootstrap-executor-%d] INFO  c.n.d.s.r.aws.ConfigClusterResolver - Resolving eureka endpoints via configuration
2026-06-29 20:15:56 [http-nio-8089-exec-1] WARN  o.s.w.s.m.s.DefaultHandlerExceptionResolver - Resolved [org.springframework.web.HttpRequestMethodNotSupportedException: Request method 'GET' is not supported]
2026-06-29 20:16:02 [http-nio-8089-exec-2] INFO  c.e.d.Controller.DestinoController - INFORMACION: Se solicita destino por id: 1
2026-06-29 20:16:02 [http-nio-8089-exec-2] DEBUG org.hibernate.SQL - select d1_0.id,d1_0.ciudad,d1_0.comuna,d1_0.nombre_calle,d1_0.numero_calle from destino d1_0 where d1_0.id=?
2026-06-29 20:17:51 [DiscoveryClient-HeartbeatExecutor-%d] INFO  c.netflix.discovery.DiscoveryClient - DiscoveryClient_DESTINO/localhost:DESTINO:8089 - Re-registering apps/DESTINO
2026-06-29 20:17:51 [DiscoveryClient-HeartbeatExecutor-%d] INFO  c.netflix.discovery.DiscoveryClient - DiscoveryClient_DESTINO/localhost:DESTINO:8089: registering service...
2026-06-29 20:17:51 [DiscoveryClient-HeartbeatExecutor-%d] INFO  c.netflix.discovery.DiscoveryClient - DiscoveryClient_DESTINO/localhost:DESTINO:8089 - registration status: 204
2026-06-29 20:18:47 [main] INFO  c.example.destino.DestinoApplication - Starting DestinoApplication using Java 21.0.11 with PID 29560 (C:\Users\GAMER\Downloads\ProyectoFullstack\ms-destino\target\classes started by GAMER in C:\Users\GAMER\Downloads\ProyectoFullstack)
2026-06-29 20:18:47 [main] INFO  c.example.destino.DestinoApplication - No active profile set, falling back to 1 default profile: "default"
2026-06-29 20:18:48 [main] INFO  o.s.d.r.c.RepositoryConfigurationDelegate - Bootstrapping Spring Data JPA repositories in DEFAULT mode.
2026-06-29 20:18:48 [main] INFO  o.s.d.r.c.RepositoryConfigurationDelegate - Finished Spring Data repository scanning in 98 ms. Found 1 JPA repository interface.
2026-06-29 20:18:49 [main] INFO  o.s.cloud.context.scope.GenericScope - BeanFactory id=f99047c2-3d88-3a8c-8984-0320616a7dd7
2026-06-29 20:18:49 [main] INFO  o.s.b.w.e.tomcat.TomcatWebServer - Tomcat initialized with port 8089 (http)
2026-06-29 20:18:49 [main] INFO  o.a.coyote.http11.Http11NioProtocol - Initializing ProtocolHandler ["http-nio-8089"]
2026-06-29 20:18:49 [main] INFO  o.a.catalina.core.StandardService - Starting service [Tomcat]
2026-06-29 20:18:49 [main] INFO  o.a.catalina.core.StandardEngine - Starting Servlet engine: [Apache Tomcat/10.1.34]
2026-06-29 20:18:49 [main] INFO  o.a.c.c.C.[Tomcat].[localhost].[/] - Initializing Spring embedded WebApplicationContext
2026-06-29 20:18:49 [main] INFO  o.s.b.w.s.c.ServletWebServerApplicationContext - Root WebApplicationContext: initialization completed in 1710 ms
2026-06-29 20:18:50 [main] INFO  com.zaxxer.hikari.HikariDataSource - HikariPool-1 - Starting...
2026-06-29 20:18:50 [main] INFO  com.zaxxer.hikari.pool.HikariPool - HikariPool-1 - Added connection com.mysql.cj.jdbc.ConnectionImpl@46994f26
2026-06-29 20:18:50 [main] INFO  com.zaxxer.hikari.HikariDataSource - HikariPool-1 - Start completed.
2026-06-29 20:18:50 [main] INFO  org.flywaydb.core.FlywayExecutor - Database: jdbc:mysql://localhost:3306/db_destinos?createDatabaseIfNotExist=true (MySQL 8.0)
2026-06-29 20:18:50 [main] INFO  o.f.core.internal.command.DbValidate - Successfully validated 1 migration (execution time 00:00.028s)
2026-06-29 20:18:50 [main] INFO  o.f.core.internal.command.DbMigrate - Current version of schema `db_destinos`: 1
2026-06-29 20:18:50 [main] INFO  o.f.core.internal.command.DbMigrate - Schema `db_destinos` is up to date. No migration necessary.
2026-06-29 20:18:50 [main] INFO  o.h.jpa.internal.util.LogHelper - HHH000204: Processing PersistenceUnitInfo [name: default]
2026-06-29 20:18:50 [main] INFO  org.hibernate.Version - HHH000412: Hibernate ORM core version 6.6.5.Final
2026-06-29 20:18:50 [main] INFO  o.h.c.i.RegionFactoryInitiator - HHH000026: Second-level cache disabled
2026-06-29 20:18:50 [main] INFO  o.s.o.j.p.SpringPersistenceUnitInfo - No LoadTimeWeaver setup: ignoring JPA class transformer
2026-06-29 20:18:50 [main] INFO  o.hibernate.orm.connections.pooling - HHH10001005: Database info:
	Database JDBC URL [Connecting through datasource 'HikariDataSource (HikariPool-1)']
	Database driver: undefined/unknown
	Database version: 8.0.46
	Autocommit mode: undefined/unknown
	Isolation level: undefined/unknown
	Minimum pool size: undefined/unknown
	Maximum pool size: undefined/unknown
2026-06-29 20:18:51 [main] INFO  o.h.e.t.j.p.i.JtaPlatformInitiator - HHH000489: No JTA platform available (set 'hibernate.transaction.jta.platform' to enable JTA platform integration)
2026-06-29 20:18:51 [main] INFO  o.s.o.j.LocalContainerEntityManagerFactoryBean - Initialized JPA EntityManagerFactory for persistence unit 'default'
2026-06-29 20:18:52 [main] WARN  o.s.b.a.o.j.JpaBaseConfiguration$JpaWebConfiguration - spring.jpa.open-in-view is enabled by default. Therefore, database queries may be performed during view rendering. Explicitly configure spring.jpa.open-in-view to disable this warning
2026-06-29 20:18:52 [main] INFO  o.s.v.b.OptionalValidatorFactoryBean - Failed to set up a Bean Validation provider: jakarta.validation.NoProviderFoundException: Unable to create a Configuration, because no Jakarta Bean Validation provider could be found. Add a provider like Hibernate Validator (RI) to your classpath.
2026-06-29 20:18:53 [main] INFO  o.s.cloud.commons.util.InetUtils - Cannot determine local hostname
2026-06-29 20:18:54 [main] INFO  o.s.cloud.commons.util.InetUtils - Cannot determine local hostname
2026-06-29 20:18:54 [main] INFO  o.s.c.n.e.c.DiscoveryClientOptionalArgsConfiguration - Eureka HTTP Client uses RestTemplate.
2026-06-29 20:18:54 [main] WARN  o.s.c.l.c.LoadBalancerCacheAutoConfiguration$LoadBalancerCaffeineWarnLogger - Spring Cloud LoadBalancer is currently working with the default cache. While this cache implementation is useful for development and tests, it's recommended to use Caffeine cache in production.You can switch to using Caffeine cache, by adding it and org.springframework.cache.caffeine.CaffeineCacheManager to the classpath.
2026-06-29 20:18:54 [main] INFO  o.s.c.n.eureka.InstanceInfoFactory - Setting initial instance status as: STARTING
2026-06-29 20:18:54 [main] INFO  c.netflix.discovery.DiscoveryClient - Initializing Eureka in region us-east-1
2026-06-29 20:18:54 [main] INFO  c.n.d.s.r.aws.ConfigClusterResolver - Resolving eureka endpoints via configuration
2026-06-29 20:18:54 [main] INFO  c.netflix.discovery.DiscoveryClient - Disable delta property : false
2026-06-29 20:18:54 [main] INFO  c.netflix.discovery.DiscoveryClient - Single vip registry refresh property : null
2026-06-29 20:18:54 [main] INFO  c.netflix.discovery.DiscoveryClient - Force full registry fetch : false
2026-06-29 20:18:54 [main] INFO  c.netflix.discovery.DiscoveryClient - Application is null : false
2026-06-29 20:18:54 [main] INFO  c.netflix.discovery.DiscoveryClient - Registered Applications size is zero : true
2026-06-29 20:18:54 [main] INFO  c.netflix.discovery.DiscoveryClient - Application version is -1: true
2026-06-29 20:18:54 [main] INFO  c.netflix.discovery.DiscoveryClient - Getting all instance registry info from the eureka server
2026-06-29 20:18:54 [main] INFO  c.netflix.discovery.DiscoveryClient - The response status is 200
2026-06-29 20:18:54 [main] INFO  c.netflix.discovery.DiscoveryClient - Starting heartbeat executor: renew interval is: 30
2026-06-29 20:18:54 [main] INFO  c.n.discovery.InstanceInfoReplicator - InstanceInfoReplicator onDemand update allowed rate per min is 4
2026-06-29 20:18:54 [main] INFO  c.netflix.discovery.DiscoveryClient - Discovery Client initialized at timestamp 1782778734936 with initial instances count: 11
2026-06-29 20:18:54 [main] INFO  o.s.c.n.e.s.EurekaServiceRegistry - Registering application DESTINO with eureka with status UP
2026-06-29 20:18:54 [main] INFO  c.netflix.discovery.DiscoveryClient - Saw local status change event StatusChangeEvent [timestamp=1782778734941, current=UP, previous=STARTING]
2026-06-29 20:18:54 [main] INFO  o.a.coyote.http11.Http11NioProtocol - Starting ProtocolHandler ["http-nio-8089"]
2026-06-29 20:18:54 [DiscoveryClient-InstanceInfoReplicator-%d] INFO  c.netflix.discovery.DiscoveryClient - DiscoveryClient_DESTINO/localhost:DESTINO:8089: registering service...
2026-06-29 20:18:54 [main] INFO  o.s.b.w.e.tomcat.TomcatWebServer - Tomcat started on port 8089 (http) with context path '/'
2026-06-29 20:18:54 [main] INFO  o.s.c.n.e.s.EurekaAutoServiceRegistration - Updating port to 8089
2026-06-29 20:18:54 [DiscoveryClient-InstanceInfoReplicator-%d] INFO  c.netflix.discovery.DiscoveryClient - DiscoveryClient_DESTINO/localhost:DESTINO:8089 - registration status: 204
2026-06-29 20:18:55 [main] INFO  o.s.cloud.commons.util.InetUtils - Cannot determine local hostname
2026-06-29 20:18:55 [main] INFO  c.example.destino.DestinoApplication - Started DestinoApplication in 9.857 seconds (process running for 10.455)
2026-06-29 20:18:56 [main] DEBUG org.hibernate.SQL - select count(*) from destino d1_0
2026-06-29 20:18:56 [main] DEBUG org.hibernate.SQL - select d1_0.id,d1_0.ciudad,d1_0.comuna,d1_0.nombre_calle,d1_0.numero_calle from destino d1_0
2026-06-29 20:19:03 [http-nio-8089-exec-1] INFO  o.a.c.c.C.[Tomcat].[localhost].[/] - Initializing Spring DispatcherServlet 'dispatcherServlet'
2026-06-29 20:19:03 [http-nio-8089-exec-1] INFO  o.s.web.servlet.DispatcherServlet - Initializing Servlet 'dispatcherServlet'
2026-06-29 20:19:03 [http-nio-8089-exec-1] INFO  o.s.web.servlet.DispatcherServlet - Completed initialization in 3 ms
2026-06-29 20:19:03 [http-nio-8089-exec-1] DEBUG org.hibernate.SQL - select d1_0.id,d1_0.ciudad,d1_0.comuna,d1_0.nombre_calle,d1_0.numero_calle from destino d1_0
2026-06-29 20:23:54 [AsyncResolver-bootstrap-executor-%d] INFO  c.n.d.s.r.aws.ConfigClusterResolver - Resolving eureka endpoints via configuration
2026-06-29 20:28:54 [AsyncResolver-bootstrap-executor-%d] INFO  c.n.d.s.r.aws.ConfigClusterResolver - Resolving eureka endpoints via configuration
2026-06-29 20:29:25 [DiscoveryClient-HeartbeatExecutor-%d] INFO  c.n.d.s.t.d.RedirectingEurekaHttpClient - Request execution error. endpoint=DefaultEndpoint{ serviceUrl='http://localhost:8761/eureka/} exception=I/O error on PUT request for "http://localhost:8761/eureka/apps/DESTINO/localhost:DESTINO:8089": Connect to http://localhost:8761 [localhost/127.0.0.1, localhost/0:0:0:0:0:0:0:1] failed: Connection refused: getsockopt stacktrace=org.springframework.web.client.ResourceAccessException: I/O error on PUT request for "http://localhost:8761/eureka/apps/DESTINO/localhost:DESTINO:8089": Connect to http://localhost:8761 [localhost/127.0.0.1, localhost/0:0:0:0:0:0:0:1] failed: Connection refused: getsockopt
	at org.springframework.web.client.RestTemplate.createResourceAccessException(RestTemplate.java:926)
	at org.springframework.web.client.RestTemplate.doExecute(RestTemplate.java:906)
	at org.springframework.web.client.RestTemplate.execute(RestTemplate.java:841)
	at org.springframework.web.client.RestTemplate.exchange(RestTemplate.java:702)
	at org.springframework.cloud.netflix.eureka.http.RestTemplateEurekaHttpClient.sendHeartBeat(RestTemplateEurekaHttpClient.java:119)
	at com.netflix.discovery.shared.transport.decorator.EurekaHttpClientDecorator$3.execute(EurekaHttpClientDecorator.java:92)
	at com.netflix.discovery.shared.transport.decorator.RedirectingEurekaHttpClient.execute(RedirectingEurekaHttpClient.java:91)
	at com.netflix.discovery.shared.transport.decorator.EurekaHttpClientDecorator.sendHeartBeat(EurekaHttpClientDecorator.java:89)
	at com.netflix.discovery.shared.transport.decorator.EurekaHttpClientDecorator$3.execute(EurekaHttpClientDecorator.java:92)
	at com.netflix.discovery.shared.transport.decorator.RetryableEurekaHttpClient.execute(RetryableEurekaHttpClient.java:120)
	at com.netflix.discovery.shared.transport.decorator.EurekaHttpClientDecorator.sendHeartBeat(EurekaHttpClientDecorator.java:89)
	at com.netflix.discovery.shared.transport.decorator.EurekaHttpClientDecorator$3.execute(EurekaHttpClientDecorator.java:92)
	at com.netflix.discovery.shared.transport.decorator.SessionedEurekaHttpClient.execute(SessionedEurekaHttpClient.java:76)
	at com.netflix.discovery.shared.transport.decorator.EurekaHttpClientDecorator.sendHeartBeat(EurekaHttpClientDecorator.java:89)
	at com.netflix.discovery.DiscoveryClient.renew(DiscoveryClient.java:845)
	at com.netflix.discovery.DiscoveryClient$HeartbeatThread.run(DiscoveryClient.java:1402)
	at java.base/java.util.concurrent.Executors$RunnableAdapter.call(Unknown Source)
	at java.base/java.util.concurrent.FutureTask.run(Unknown Source)
	at java.base/java.util.concurrent.ThreadPoolExecutor.runWorker(Unknown Source)
	at java.base/java.util.concurrent.ThreadPoolExecutor$Worker.run(Unknown Source)
	at java.base/java.lang.Thread.run(Unknown Source)
Caused by: org.apache.hc.client5.http.HttpHostConnectException: Connect to http://localhost:8761 [localhost/127.0.0.1, localhost/0:0:0:0:0:0:0:1] failed: Connection refused: getsockopt
	at java.base/sun.nio.ch.Net.pollConnect(Native Method)
	at java.base/sun.nio.ch.Net.pollConnectNow(Unknown Source)
	at java.base/sun.nio.ch.NioSocketImpl.timedFinishConnect(Unknown Source)
	at java.base/sun.nio.ch.NioSocketImpl.connect(Unknown Source)
	at java.base/java.net.SocksSocketImpl.connect(Unknown Source)
	at java.base/java.net.Socket.connect(Unknown Source)
	at org.apache.hc.client5.http.impl.io.DefaultHttpClientConnectionOperator.connect(DefaultHttpClientConnectionOperator.java:216)
	at org.apache.hc.client5.http.impl.io.PoolingHttpClientConnectionManager.connect(PoolingHttpClientConnectionManager.java:490)
	at org.apache.hc.client5.http.impl.classic.InternalExecRuntime.connectEndpoint(InternalExecRuntime.java:164)
	at org.apache.hc.client5.http.impl.classic.InternalExecRuntime.connectEndpoint(InternalExecRuntime.java:174)
	at org.apache.hc.client5.http.impl.classic.ConnectExec.execute(ConnectExec.java:144)
	at org.apache.hc.client5.http.impl.classic.ExecChainElement.execute(ExecChainElement.java:51)
	at org.apache.hc.client5.http.impl.classic.ProtocolExec.execute(ProtocolExec.java:192)
	at org.apache.hc.client5.http.impl.classic.ExecChainElement.execute(ExecChainElement.java:51)
	at org.apache.hc.client5.http.impl.classic.ContentCompressionExec.execute(ContentCompressionExec.java:150)
	at org.apache.hc.client5.http.impl.classic.ExecChainElement.execute(ExecChainElement.java:51)
	at org.apache.hc.client5.http.impl.classic.HttpRequestRetryExec.execute(HttpRequestRetryExec.java:113)
	at org.apache.hc.client5.http.impl.classic.ExecChainElement.execute(ExecChainElement.java:51)
	at org.apache.hc.client5.http.impl.classic.RedirectExec.execute(RedirectExec.java:110)
	at org.apache.hc.client5.http.impl.classic.ExecChainElement.execute(ExecChainElement.java:51)
	at org.apache.hc.client5.http.impl.classic.InternalHttpClient.doExecute(InternalHttpClient.java:174)
	at org.apache.hc.client5.http.impl.classic.CloseableHttpClient.execute(CloseableHttpClient.java:87)
	at org.apache.hc.client5.http.impl.classic.CloseableHttpClient.execute(CloseableHttpClient.java:55)
	at org.apache.hc.client5.http.classic.HttpClient.executeOpen(HttpClient.java:183)
	at org.springframework.http.client.HttpComponentsClientHttpRequest.executeInternal(HttpComponentsClientHttpRequest.java:99)
	at org.springframework.http.client.AbstractStreamingClientHttpRequest.executeInternal(AbstractStreamingClientHttpRequest.java:71)
	at org.springframework.http.client.AbstractClientHttpRequest.execute(AbstractClientHttpRequest.java:81)
	at org.springframework.http.client.InterceptingClientHttpRequest$InterceptingRequestExecution.execute(InterceptingClientHttpRequest.java:117)
	at org.springframework.cloud.netflix.eureka.http.RestTemplateTransportClientFactory.lambda$restTemplate$3(RestTemplateTransportClientFactory.java:141)
	at org.springframework.http.client.InterceptingClientHttpRequest$InterceptingRequestExecution.execute(InterceptingClientHttpRequest.java:88)
	at org.springframework.http.client.InterceptingClientHttpRequest.executeInternal(InterceptingClientHttpRequest.java:72)
	at org.springframework.http.client.AbstractBufferingClientHttpRequest.executeInternal(AbstractBufferingClientHttpRequest.java:48)
	at org.springframework.http.client.AbstractClientHttpRequest.execute(AbstractClientHttpRequest.java:81)
	at org.springframework.web.client.RestTemplate.doExecute(RestTemplate.java:900)
	... 19 more

2026-06-29 20:29:25 [DiscoveryClient-HeartbeatExecutor-%d] WARN  c.n.d.s.t.d.RetryableEurekaHttpClient - Request execution failed with message: I/O error on PUT request for "http://localhost:8761/eureka/apps/DESTINO/localhost:DESTINO:8089": Connect to http://localhost:8761 [localhost/127.0.0.1, localhost/0:0:0:0:0:0:0:1] failed: Connection refused: getsockopt
2026-06-29 20:29:25 [DiscoveryClient-HeartbeatExecutor-%d] INFO  c.n.d.s.t.d.RedirectingEurekaHttpClient - Request execution error. endpoint=DefaultEndpoint{ serviceUrl='http://localhost:8761/eureka/}, exception=I/O error on PUT request for "http://localhost:8761/eureka/apps/DESTINO/localhost:DESTINO:8089": Connect to http://localhost:8761 [localhost/127.0.0.1, localhost/0:0:0:0:0:0:0:1] failed: Connection refused: getsockopt stacktrace=org.springframework.web.client.ResourceAccessException: I/O error on PUT request for "http://localhost:8761/eureka/apps/DESTINO/localhost:DESTINO:8089": Connect to http://localhost:8761 [localhost/127.0.0.1, localhost/0:0:0:0:0:0:0:1] failed: Connection refused: getsockopt
	at org.springframework.web.client.RestTemplate.createResourceAccessException(RestTemplate.java:926)
	at org.springframework.web.client.RestTemplate.doExecute(RestTemplate.java:906)
	at org.springframework.web.client.RestTemplate.execute(RestTemplate.java:841)
	at org.springframework.web.client.RestTemplate.exchange(RestTemplate.java:702)
	at org.springframework.cloud.netflix.eureka.http.RestTemplateEurekaHttpClient.sendHeartBeat(RestTemplateEurekaHttpClient.java:119)
	at com.netflix.discovery.shared.transport.decorator.EurekaHttpClientDecorator$3.execute(EurekaHttpClientDecorator.java:92)
	at com.netflix.discovery.shared.transport.decorator.RedirectingEurekaHttpClient.executeOnNewServer(RedirectingEurekaHttpClient.java:121)
	at com.netflix.discovery.shared.transport.decorator.RedirectingEurekaHttpClient.execute(RedirectingEurekaHttpClient.java:80)
	at com.netflix.discovery.shared.transport.decorator.EurekaHttpClientDecorator.sendHeartBeat(EurekaHttpClientDecorator.java:89)
	at com.netflix.discovery.shared.transport.decorator.EurekaHttpClientDecorator$3.execute(EurekaHttpClientDecorator.java:92)
	at com.netflix.discovery.shared.transport.decorator.RetryableEurekaHttpClient.execute(RetryableEurekaHttpClient.java:120)
	at com.netflix.discovery.shared.transport.decorator.EurekaHttpClientDecorator.sendHeartBeat(EurekaHttpClientDecorator.java:89)
	at com.netflix.discovery.shared.transport.decorator.EurekaHttpClientDecorator$3.execute(EurekaHttpClientDecorator.java:92)
	at com.netflix.discovery.shared.transport.decorator.SessionedEurekaHttpClient.execute(SessionedEurekaHttpClient.java:76)
	at com.netflix.discovery.shared.transport.decorator.EurekaHttpClientDecorator.sendHeartBeat(EurekaHttpClientDecorator.java:89)
	at com.netflix.discovery.DiscoveryClient.renew(DiscoveryClient.java:845)
	at com.netflix.discovery.DiscoveryClient$HeartbeatThread.run(DiscoveryClient.java:1402)
	at java.base/java.util.concurrent.Executors$RunnableAdapter.call(Unknown Source)
	at java.base/java.util.concurrent.FutureTask.run(Unknown Source)
	at java.base/java.util.concurrent.ThreadPoolExecutor.runWorker(Unknown Source)
	at java.base/java.util.concurrent.ThreadPoolExecutor$Worker.run(Unknown Source)
	at java.base/java.lang.Thread.run(Unknown Source)
Caused by: org.apache.hc.client5.http.HttpHostConnectException: Connect to http://localhost:8761 [localhost/127.0.0.1, localhost/0:0:0:0:0:0:0:1] failed: Connection refused: getsockopt
	at java.base/sun.nio.ch.Net.pollConnect(Native Method)
	at java.base/sun.nio.ch.Net.pollConnectNow(Unknown Source)
	at java.base/sun.nio.ch.NioSocketImpl.timedFinishConnect(Unknown Source)
	at java.base/sun.nio.ch.NioSocketImpl.connect(Unknown Source)
	at java.base/java.net.SocksSocketImpl.connect(Unknown Source)
	at java.base/java.net.Socket.connect(Unknown Source)
	at org.apache.hc.client5.http.impl.io.DefaultHttpClientConnectionOperator.connect(DefaultHttpClientConnectionOperator.java:216)
	at org.apache.hc.client5.http.impl.io.PoolingHttpClientConnectionManager.connect(PoolingHttpClientConnectionManager.java:490)
	at org.apache.hc.client5.http.impl.classic.InternalExecRuntime.connectEndpoint(InternalExecRuntime.java:164)
	at org.apache.hc.client5.http.impl.classic.InternalExecRuntime.connectEndpoint(InternalExecRuntime.java:174)
	at org.apache.hc.client5.http.impl.classic.ConnectExec.execute(ConnectExec.java:144)
	at org.apache.hc.client5.http.impl.classic.ExecChainElement.execute(ExecChainElement.java:51)
	at org.apache.hc.client5.http.impl.classic.ProtocolExec.execute(ProtocolExec.java:192)
	at org.apache.hc.client5.http.impl.classic.ExecChainElement.execute(ExecChainElement.java:51)
	at org.apache.hc.client5.http.impl.classic.ContentCompressionExec.execute(ContentCompressionExec.java:150)
	at org.apache.hc.client5.http.impl.classic.ExecChainElement.execute(ExecChainElement.java:51)
	at org.apache.hc.client5.http.impl.classic.HttpRequestRetryExec.execute(HttpRequestRetryExec.java:113)
	at org.apache.hc.client5.http.impl.classic.ExecChainElement.execute(ExecChainElement.java:51)
	at org.apache.hc.client5.http.impl.classic.RedirectExec.execute(RedirectExec.java:110)
	at org.apache.hc.client5.http.impl.classic.ExecChainElement.execute(ExecChainElement.java:51)
	at org.apache.hc.client5.http.impl.classic.InternalHttpClient.doExecute(InternalHttpClient.java:174)
	at org.apache.hc.client5.http.impl.classic.CloseableHttpClient.execute(CloseableHttpClient.java:87)
	at org.apache.hc.client5.http.impl.classic.CloseableHttpClient.execute(CloseableHttpClient.java:55)
	at org.apache.hc.client5.http.classic.HttpClient.executeOpen(HttpClient.java:183)
	at org.springframework.http.client.HttpComponentsClientHttpRequest.executeInternal(HttpComponentsClientHttpRequest.java:99)
	at org.springframework.http.client.AbstractStreamingClientHttpRequest.executeInternal(AbstractStreamingClientHttpRequest.java:71)
	at org.springframework.http.client.AbstractClientHttpRequest.execute(AbstractClientHttpRequest.java:81)
	at org.springframework.http.client.InterceptingClientHttpRequest$InterceptingRequestExecution.execute(InterceptingClientHttpRequest.java:117)
	at org.springframework.cloud.netflix.eureka.http.RestTemplateTransportClientFactory.lambda$restTemplate$3(RestTemplateTransportClientFactory.java:141)
	at org.springframework.http.client.InterceptingClientHttpRequest$InterceptingRequestExecution.execute(InterceptingClientHttpRequest.java:88)
	at org.springframework.http.client.InterceptingClientHttpRequest.executeInternal(InterceptingClientHttpRequest.java:72)
	at org.springframework.http.client.AbstractBufferingClientHttpRequest.executeInternal(AbstractBufferingClientHttpRequest.java:48)
	at org.springframework.http.client.AbstractClientHttpRequest.execute(AbstractClientHttpRequest.java:81)
	at org.springframework.web.client.RestTemplate.doExecute(RestTemplate.java:900)
	... 20 more

2026-06-29 20:29:25 [DiscoveryClient-HeartbeatExecutor-%d] WARN  c.n.d.s.t.d.RetryableEurekaHttpClient - Request execution failed with message: I/O error on PUT request for "http://localhost:8761/eureka/apps/DESTINO/localhost:DESTINO:8089": Connect to http://localhost:8761 [localhost/127.0.0.1, localhost/0:0:0:0:0:0:0:1] failed: Connection refused: getsockopt
2026-06-29 20:29:25 [DiscoveryClient-HeartbeatExecutor-%d] ERROR c.netflix.discovery.DiscoveryClient - DiscoveryClient_DESTINO/localhost:DESTINO:8089 - was unable to send heartbeat!
com.netflix.discovery.shared.transport.TransportException: Cannot execute request on any known server
	at com.netflix.discovery.shared.transport.decorator.RetryableEurekaHttpClient.execute(RetryableEurekaHttpClient.java:112)
	at com.netflix.discovery.shared.transport.decorator.EurekaHttpClientDecorator.sendHeartBeat(EurekaHttpClientDecorator.java:89)
	at com.netflix.discovery.shared.transport.decorator.EurekaHttpClientDecorator$3.execute(EurekaHttpClientDecorator.java:92)
	at com.netflix.discovery.shared.transport.decorator.SessionedEurekaHttpClient.execute(SessionedEurekaHttpClient.java:76)
	at com.netflix.discovery.shared.transport.decorator.EurekaHttpClientDecorator.sendHeartBeat(EurekaHttpClientDecorator.java:89)
	at com.netflix.discovery.DiscoveryClient.renew(DiscoveryClient.java:845)
	at com.netflix.discovery.DiscoveryClient$HeartbeatThread.run(DiscoveryClient.java:1402)
	at java.base/java.util.concurrent.Executors$RunnableAdapter.call(Unknown Source)
	at java.base/java.util.concurrent.FutureTask.run(Unknown Source)
	at java.base/java.util.concurrent.ThreadPoolExecutor.runWorker(Unknown Source)
	at java.base/java.util.concurrent.ThreadPoolExecutor$Worker.run(Unknown Source)
	at java.base/java.lang.Thread.run(Unknown Source)
2026-06-29 20:29:25 [DiscoveryClient-CacheRefreshExecutor-%d] INFO  c.n.d.s.t.d.RedirectingEurekaHttpClient - Request execution error. endpoint=DefaultEndpoint{ serviceUrl='http://localhost:8761/eureka/} exception=I/O error on GET request for "http://localhost:8761/eureka/apps/delta": Connect to http://localhost:8761 [localhost/127.0.0.1, localhost/0:0:0:0:0:0:0:1] failed: Connection refused: getsockopt stacktrace=org.springframework.web.client.ResourceAccessException: I/O error on GET request for "http://localhost:8761/eureka/apps/delta": Connect to http://localhost:8761 [localhost/127.0.0.1, localhost/0:0:0:0:0:0:0:1] failed: Connection refused: getsockopt
	at org.springframework.web.client.RestTemplate.createResourceAccessException(RestTemplate.java:926)
	at org.springframework.web.client.RestTemplate.doExecute(RestTemplate.java:906)
	at org.springframework.web.client.RestTemplate.execute(RestTemplate.java:841)
	at org.springframework.web.client.RestTemplate.exchange(RestTemplate.java:702)
	at org.springframework.cloud.netflix.eureka.http.RestTemplateEurekaHttpClient.getApplicationsInternal(RestTemplateEurekaHttpClient.java:174)
	at org.springframework.cloud.netflix.eureka.http.RestTemplateEurekaHttpClient.getDelta(RestTemplateEurekaHttpClient.java:186)
	at com.netflix.discovery.shared.transport.decorator.EurekaHttpClientDecorator$7.execute(EurekaHttpClientDecorator.java:152)
	at com.netflix.discovery.shared.transport.decorator.RedirectingEurekaHttpClient.execute(RedirectingEurekaHttpClient.java:91)
	at com.netflix.discovery.shared.transport.decorator.EurekaHttpClientDecorator.getDelta(EurekaHttpClientDecorator.java:149)
	at com.netflix.discovery.shared.transport.decorator.EurekaHttpClientDecorator$7.execute(EurekaHttpClientDecorator.java:152)
	at com.netflix.discovery.shared.transport.decorator.RetryableEurekaHttpClient.execute(RetryableEurekaHttpClient.java:120)
	at com.netflix.discovery.shared.transport.decorator.EurekaHttpClientDecorator.getDelta(EurekaHttpClientDecorator.java:149)
	at com.netflix.discovery.shared.transport.decorator.EurekaHttpClientDecorator$7.execute(EurekaHttpClientDecorator.java:152)
	at com.netflix.discovery.shared.transport.decorator.SessionedEurekaHttpClient.execute(SessionedEurekaHttpClient.java:76)
	at com.netflix.discovery.shared.transport.decorator.EurekaHttpClientDecorator.getDelta(EurekaHttpClientDecorator.java:149)
	at com.netflix.discovery.DiscoveryClient.getAndUpdateDelta(DiscoveryClient.java:1080)
	at com.netflix.discovery.DiscoveryClient.fetchRegistry(DiscoveryClient.java:963)
	at com.netflix.discovery.DiscoveryClient.refreshRegistry(DiscoveryClient.java:1473)
	at com.netflix.discovery.DiscoveryClient$CacheRefreshThread.run(DiscoveryClient.java:1441)
	at java.base/java.util.concurrent.Executors$RunnableAdapter.call(Unknown Source)
	at java.base/java.util.concurrent.FutureTask.run(Unknown Source)
	at java.base/java.util.concurrent.ThreadPoolExecutor.runWorker(Unknown Source)
	at java.base/java.util.concurrent.ThreadPoolExecutor$Worker.run(Unknown Source)
	at java.base/java.lang.Thread.run(Unknown Source)
Caused by: org.apache.hc.client5.http.HttpHostConnectException: Connect to http://localhost:8761 [localhost/127.0.0.1, localhost/0:0:0:0:0:0:0:1] failed: Connection refused: getsockopt
	at java.base/sun.nio.ch.Net.pollConnect(Native Method)
	at java.base/sun.nio.ch.Net.pollConnectNow(Unknown Source)
	at java.base/sun.nio.ch.NioSocketImpl.timedFinishConnect(Unknown Source)
	at java.base/sun.nio.ch.NioSocketImpl.connect(Unknown Source)
	at java.base/java.net.SocksSocketImpl.connect(Unknown Source)
	at java.base/java.net.Socket.connect(Unknown Source)
	at org.apache.hc.client5.http.impl.io.DefaultHttpClientConnectionOperator.connect(DefaultHttpClientConnectionOperator.java:216)
	at org.apache.hc.client5.http.impl.io.PoolingHttpClientConnectionManager.connect(PoolingHttpClientConnectionManager.java:490)
	at org.apache.hc.client5.http.impl.classic.InternalExecRuntime.connectEndpoint(InternalExecRuntime.java:164)
	at org.apache.hc.client5.http.impl.classic.InternalExecRuntime.connectEndpoint(InternalExecRuntime.java:174)
	at org.apache.hc.client5.http.impl.classic.ConnectExec.execute(ConnectExec.java:144)
	at org.apache.hc.client5.http.impl.classic.ExecChainElement.execute(ExecChainElement.java:51)
	at org.apache.hc.client5.http.impl.classic.ProtocolExec.execute(ProtocolExec.java:192)
	at org.apache.hc.client5.http.impl.classic.ExecChainElement.execute(ExecChainElement.java:51)
	at org.apache.hc.client5.http.impl.classic.ContentCompressionExec.execute(ContentCompressionExec.java:150)
	at org.apache.hc.client5.http.impl.classic.ExecChainElement.execute(ExecChainElement.java:51)
	at org.apache.hc.client5.http.impl.classic.HttpRequestRetryExec.execute(HttpRequestRetryExec.java:113)
	at org.apache.hc.client5.http.impl.classic.ExecChainElement.execute(ExecChainElement.java:51)
	at org.apache.hc.client5.http.impl.classic.RedirectExec.execute(RedirectExec.java:110)
	at org.apache.hc.client5.http.impl.classic.ExecChainElement.execute(ExecChainElement.java:51)
	at org.apache.hc.client5.http.impl.classic.InternalHttpClient.doExecute(InternalHttpClient.java:174)
	at org.apache.hc.client5.http.impl.classic.CloseableHttpClient.execute(CloseableHttpClient.java:87)
	at org.apache.hc.client5.http.impl.classic.CloseableHttpClient.execute(CloseableHttpClient.java:55)
	at org.apache.hc.client5.http.classic.HttpClient.executeOpen(HttpClient.java:183)
	at org.springframework.http.client.HttpComponentsClientHttpRequest.executeInternal(HttpComponentsClientHttpRequest.java:99)
	at org.springframework.http.client.AbstractStreamingClientHttpRequest.executeInternal(AbstractStreamingClientHttpRequest.java:71)
	at org.springframework.http.client.AbstractClientHttpRequest.execute(AbstractClientHttpRequest.java:81)
	at org.springframework.http.client.InterceptingClientHttpRequest$InterceptingRequestExecution.execute(InterceptingClientHttpRequest.java:117)
	at org.springframework.cloud.netflix.eureka.http.RestTemplateTransportClientFactory.lambda$restTemplate$3(RestTemplateTransportClientFactory.java:141)
	at org.springframework.http.client.InterceptingClientHttpRequest$InterceptingRequestExecution.execute(InterceptingClientHttpRequest.java:88)
	at org.springframework.http.client.InterceptingClientHttpRequest.executeInternal(InterceptingClientHttpRequest.java:72)
	at org.springframework.http.client.AbstractBufferingClientHttpRequest.executeInternal(AbstractBufferingClientHttpRequest.java:48)
	at org.springframework.http.client.AbstractClientHttpRequest.execute(AbstractClientHttpRequest.java:81)
	at org.springframework.web.client.RestTemplate.doExecute(RestTemplate.java:900)
	... 22 more

2026-06-29 20:29:25 [DiscoveryClient-CacheRefreshExecutor-%d] WARN  c.n.d.s.t.d.RetryableEurekaHttpClient - Request execution failed with message: I/O error on GET request for "http://localhost:8761/eureka/apps/delta": Connect to http://localhost:8761 [localhost/127.0.0.1, localhost/0:0:0:0:0:0:0:1] failed: Connection refused: getsockopt
2026-06-29 20:29:25 [DiscoveryClient-CacheRefreshExecutor-%d] INFO  c.n.d.s.t.d.RedirectingEurekaHttpClient - Request execution error. endpoint=DefaultEndpoint{ serviceUrl='http://localhost:8761/eureka/}, exception=I/O error on GET request for "http://localhost:8761/eureka/apps/delta": Connect to http://localhost:8761 [localhost/127.0.0.1, localhost/0:0:0:0:0:0:0:1] failed: Connection refused: getsockopt stacktrace=org.springframework.web.client.ResourceAccessException: I/O error on GET request for "http://localhost:8761/eureka/apps/delta": Connect to http://localhost:8761 [localhost/127.0.0.1, localhost/0:0:0:0:0:0:0:1] failed: Connection refused: getsockopt
	at org.springframework.web.client.RestTemplate.createResourceAccessException(RestTemplate.java:926)
	at org.springframework.web.client.RestTemplate.doExecute(RestTemplate.java:906)
	at org.springframework.web.client.RestTemplate.execute(RestTemplate.java:841)
	at org.springframework.web.client.RestTemplate.exchange(RestTemplate.java:702)
	at org.springframework.cloud.netflix.eureka.http.RestTemplateEurekaHttpClient.getApplicationsInternal(RestTemplateEurekaHttpClient.java:174)
	at org.springframework.cloud.netflix.eureka.http.RestTemplateEurekaHttpClient.getDelta(RestTemplateEurekaHttpClient.java:186)
	at com.netflix.discovery.shared.transport.decorator.EurekaHttpClientDecorator$7.execute(EurekaHttpClientDecorator.java:152)
	at com.netflix.discovery.shared.transport.decorator.RedirectingEurekaHttpClient.executeOnNewServer(RedirectingEurekaHttpClient.java:121)
	at com.netflix.discovery.shared.transport.decorator.RedirectingEurekaHttpClient.execute(RedirectingEurekaHttpClient.java:80)
	at com.netflix.discovery.shared.transport.decorator.EurekaHttpClientDecorator.getDelta(EurekaHttpClientDecorator.java:149)
	at com.netflix.discovery.shared.transport.decorator.EurekaHttpClientDecorator$7.execute(EurekaHttpClientDecorator.java:152)
	at com.netflix.discovery.shared.transport.decorator.RetryableEurekaHttpClient.execute(RetryableEurekaHttpClient.java:120)
	at com.netflix.discovery.shared.transport.decorator.EurekaHttpClientDecorator.getDelta(EurekaHttpClientDecorator.java:149)
	at com.netflix.discovery.shared.transport.decorator.EurekaHttpClientDecorator$7.execute(EurekaHttpClientDecorator.java:152)
	at com.netflix.discovery.shared.transport.decorator.SessionedEurekaHttpClient.execute(SessionedEurekaHttpClient.java:76)
	at com.netflix.discovery.shared.transport.decorator.EurekaHttpClientDecorator.getDelta(EurekaHttpClientDecorator.java:149)
	at com.netflix.discovery.DiscoveryClient.getAndUpdateDelta(DiscoveryClient.java:1080)
	at com.netflix.discovery.DiscoveryClient.fetchRegistry(DiscoveryClient.java:963)
	at com.netflix.discovery.DiscoveryClient.refreshRegistry(DiscoveryClient.java:1473)
	at com.netflix.discovery.DiscoveryClient$CacheRefreshThread.run(DiscoveryClient.java:1441)
	at java.base/java.util.concurrent.Executors$RunnableAdapter.call(Unknown Source)
	at java.base/java.util.concurrent.FutureTask.run(Unknown Source)
	at java.base/java.util.concurrent.ThreadPoolExecutor.runWorker(Unknown Source)
	at java.base/java.util.concurrent.ThreadPoolExecutor$Worker.run(Unknown Source)
	at java.base/java.lang.Thread.run(Unknown Source)
Caused by: org.apache.hc.client5.http.HttpHostConnectException: Connect to http://localhost:8761 [localhost/127.0.0.1, localhost/0:0:0:0:0:0:0:1] failed: Connection refused: getsockopt
	at java.base/sun.nio.ch.Net.pollConnect(Native Method)
	at java.base/sun.nio.ch.Net.pollConnectNow(Unknown Source)
	at java.base/sun.nio.ch.NioSocketImpl.timedFinishConnect(Unknown Source)
	at java.base/sun.nio.ch.NioSocketImpl.connect(Unknown Source)
	at java.base/java.net.SocksSocketImpl.connect(Unknown Source)
	at java.base/java.net.Socket.connect(Unknown Source)
	at org.apache.hc.client5.http.impl.io.DefaultHttpClientConnectionOperator.connect(DefaultHttpClientConnectionOperator.java:216)
	at org.apache.hc.client5.http.impl.io.PoolingHttpClientConnectionManager.connect(PoolingHttpClientConnectionManager.java:490)
	at org.apache.hc.client5.http.impl.classic.InternalExecRuntime.connectEndpoint(InternalExecRuntime.java:164)
	at org.apache.hc.client5.http.impl.classic.InternalExecRuntime.connectEndpoint(InternalExecRuntime.java:174)
	at org.apache.hc.client5.http.impl.classic.ConnectExec.execute(ConnectExec.java:144)
	at org.apache.hc.client5.http.impl.classic.ExecChainElement.execute(ExecChainElement.java:51)
	at org.apache.hc.client5.http.impl.classic.ProtocolExec.execute(ProtocolExec.java:192)
	at org.apache.hc.client5.http.impl.classic.ExecChainElement.execute(ExecChainElement.java:51)
	at org.apache.hc.client5.http.impl.classic.ContentCompressionExec.execute(ContentCompressionExec.java:150)
	at org.apache.hc.client5.http.impl.classic.ExecChainElement.execute(ExecChainElement.java:51)
	at org.apache.hc.client5.http.impl.classic.HttpRequestRetryExec.execute(HttpRequestRetryExec.java:113)
	at org.apache.hc.client5.http.impl.classic.ExecChainElement.execute(ExecChainElement.java:51)
	at org.apache.hc.client5.http.impl.classic.RedirectExec.execute(RedirectExec.java:110)
	at org.apache.hc.client5.http.impl.classic.ExecChainElement.execute(ExecChainElement.java:51)
	at org.apache.hc.client5.http.impl.classic.InternalHttpClient.doExecute(InternalHttpClient.java:174)
	at org.apache.hc.client5.http.impl.classic.CloseableHttpClient.execute(CloseableHttpClient.java:87)
	at org.apache.hc.client5.http.impl.classic.CloseableHttpClient.execute(CloseableHttpClient.java:55)
	at org.apache.hc.client5.http.classic.HttpClient.executeOpen(HttpClient.java:183)
	at org.springframework.http.client.HttpComponentsClientHttpRequest.executeInternal(HttpComponentsClientHttpRequest.java:99)
	at org.springframework.http.client.AbstractStreamingClientHttpRequest.executeInternal(AbstractStreamingClientHttpRequest.java:71)
	at org.springframework.http.client.AbstractClientHttpRequest.execute(AbstractClientHttpRequest.java:81)
	at org.springframework.http.client.InterceptingClientHttpRequest$InterceptingRequestExecution.execute(InterceptingClientHttpRequest.java:117)
	at org.springframework.cloud.netflix.eureka.http.RestTemplateTransportClientFactory.lambda$restTemplate$3(RestTemplateTransportClientFactory.java:141)
	at org.springframework.http.client.InterceptingClientHttpRequest$InterceptingRequestExecution.execute(InterceptingClientHttpRequest.java:88)
	at org.springframework.http.client.InterceptingClientHttpRequest.executeInternal(InterceptingClientHttpRequest.java:72)
	at org.springframework.http.client.AbstractBufferingClientHttpRequest.executeInternal(AbstractBufferingClientHttpRequest.java:48)
	at org.springframework.http.client.AbstractClientHttpRequest.execute(AbstractClientHttpRequest.java:81)
	at org.springframework.web.client.RestTemplate.doExecute(RestTemplate.java:900)
	... 23 more

2026-06-29 20:29:25 [DiscoveryClient-CacheRefreshExecutor-%d] WARN  c.n.d.s.t.d.RetryableEurekaHttpClient - Request execution failed with message: I/O error on GET request for "http://localhost:8761/eureka/apps/delta": Connect to http://localhost:8761 [localhost/127.0.0.1, localhost/0:0:0:0:0:0:0:1] failed: Connection refused: getsockopt
2026-06-29 20:29:25 [DiscoveryClient-CacheRefreshExecutor-%d] INFO  c.netflix.discovery.DiscoveryClient - DiscoveryClient_DESTINO/localhost:DESTINO:8089 - was unable to refresh its cache! This periodic background refresh will be retried in 30 seconds. status = Cannot execute request on any known server stacktrace = com.netflix.discovery.shared.transport.TransportException: Cannot execute request on any known server
	at com.netflix.discovery.shared.transport.decorator.RetryableEurekaHttpClient.execute(RetryableEurekaHttpClient.java:112)
	at com.netflix.discovery.shared.transport.decorator.EurekaHttpClientDecorator.getDelta(EurekaHttpClientDecorator.java:149)
	at com.netflix.discovery.shared.transport.decorator.EurekaHttpClientDecorator$7.execute(EurekaHttpClientDecorator.java:152)
	at com.netflix.discovery.shared.transport.decorator.SessionedEurekaHttpClient.execute(SessionedEurekaHttpClient.java:76)
	at com.netflix.discovery.shared.transport.decorator.EurekaHttpClientDecorator.getDelta(EurekaHttpClientDecorator.java:149)
	at com.netflix.discovery.DiscoveryClient.getAndUpdateDelta(DiscoveryClient.java:1080)
	at com.netflix.discovery.DiscoveryClient.fetchRegistry(DiscoveryClient.java:963)
	at com.netflix.discovery.DiscoveryClient.refreshRegistry(DiscoveryClient.java:1473)
	at com.netflix.discovery.DiscoveryClient$CacheRefreshThread.run(DiscoveryClient.java:1441)
	at java.base/java.util.concurrent.Executors$RunnableAdapter.call(Unknown Source)
	at java.base/java.util.concurrent.FutureTask.run(Unknown Source)
	at java.base/java.util.concurrent.ThreadPoolExecutor.runWorker(Unknown Source)
	at java.base/java.util.concurrent.ThreadPoolExecutor$Worker.run(Unknown Source)
	at java.base/java.lang.Thread.run(Unknown Source)

