2026-06-29 00:01:15 [main] INFO  c.example.Cliente.ClienteApplication - Starting ClienteApplication using Java 21.0.9 with PID 16756 (C:\Users\matyd\Desktop\Na\ProyectoFullstack\ms-cliente\target\classes started by matyd in C:\Users\matyd\Desktop\Na\ProyectoFullstack)
2026-06-29 00:01:15 [main] INFO  c.example.Cliente.ClienteApplication - No active profile set, falling back to 1 default profile: "default"
2026-06-29 00:01:17 [main] INFO  o.s.d.r.c.RepositoryConfigurationDelegate - Bootstrapping Spring Data JPA repositories in DEFAULT mode.
2026-06-29 00:01:17 [main] INFO  o.s.d.r.c.RepositoryConfigurationDelegate - Finished Spring Data repository scanning in 146 ms. Found 1 JPA repository interface.
2026-06-29 00:01:18 [main] INFO  o.s.cloud.context.scope.GenericScope - BeanFactory id=7507d150-9869-300a-b0af-d01004b6256c
2026-06-29 00:01:19 [main] INFO  o.s.b.w.e.tomcat.TomcatWebServer - Tomcat initialized with port 8081 (http)
2026-06-29 00:01:19 [main] INFO  o.a.coyote.http11.Http11NioProtocol - Initializing ProtocolHandler ["http-nio-8081"]
2026-06-29 00:01:19 [main] INFO  o.a.catalina.core.StandardService - Starting service [Tomcat]
2026-06-29 00:01:19 [main] INFO  o.a.catalina.core.StandardEngine - Starting Servlet engine: [Apache Tomcat/10.1.34]
2026-06-29 00:01:19 [main] INFO  o.a.c.c.C.[Tomcat].[localhost].[/] - Initializing Spring embedded WebApplicationContext
2026-06-29 00:01:19 [main] INFO  o.s.b.w.s.c.ServletWebServerApplicationContext - Root WebApplicationContext: initialization completed in 3932 ms
2026-06-29 00:01:20 [main] INFO  com.zaxxer.hikari.HikariDataSource - HikariPool-1 - Starting...
2026-06-29 00:01:20 [main] INFO  com.zaxxer.hikari.pool.HikariPool - HikariPool-1 - Added connection com.mysql.cj.jdbc.ConnectionImpl@1607d391
2026-06-29 00:01:20 [main] INFO  com.zaxxer.hikari.HikariDataSource - HikariPool-1 - Start completed.
2026-06-29 00:01:20 [main] INFO  org.flywaydb.core.FlywayExecutor - Database: jdbc:mysql://localhost:3306/cliente_db?createDatabaseIfNotExist=true (MySQL 9.7)
2026-06-29 00:01:20 [main] WARN  o.f.c.i.database.base.Database - Flyway upgrade recommended: MySQL 9.7 is newer than this version of Flyway and support has not been tested. The latest supported version of MySQL is 8.1.
2026-06-29 00:01:20 [main] INFO  o.f.core.internal.command.DbValidate - Successfully validated 1 migration (execution time 00:00.035s)
2026-06-29 00:01:20 [main] INFO  o.f.core.internal.command.DbMigrate - Current version of schema `cliente_db`: 1
2026-06-29 00:01:20 [main] INFO  o.f.core.internal.command.DbMigrate - Schema `cliente_db` is up to date. No migration necessary.
2026-06-29 00:01:21 [main] INFO  o.h.jpa.internal.util.LogHelper - HHH000204: Processing PersistenceUnitInfo [name: default]
2026-06-29 00:01:21 [main] INFO  org.hibernate.Version - HHH000412: Hibernate ORM core version 6.6.5.Final
2026-06-29 00:01:21 [main] INFO  o.h.c.i.RegionFactoryInitiator - HHH000026: Second-level cache disabled
2026-06-29 00:01:21 [main] INFO  o.s.o.j.p.SpringPersistenceUnitInfo - No LoadTimeWeaver setup: ignoring JPA class transformer
2026-06-29 00:01:21 [main] INFO  o.hibernate.orm.connections.pooling - HHH10001005: Database info:
	Database JDBC URL [Connecting through datasource 'HikariDataSource (HikariPool-1)']
	Database driver: undefined/unknown
	Database version: 9.7
	Autocommit mode: undefined/unknown
	Isolation level: undefined/unknown
	Minimum pool size: undefined/unknown
	Maximum pool size: undefined/unknown
2026-06-29 00:01:22 [main] INFO  o.h.e.t.j.p.i.JtaPlatformInitiator - HHH000489: No JTA platform available (set 'hibernate.transaction.jta.platform' to enable JTA platform integration)
2026-06-29 00:01:22 [main] INFO  o.s.o.j.LocalContainerEntityManagerFactoryBean - Initialized JPA EntityManagerFactory for persistence unit 'default'
2026-06-29 00:01:22 [main] WARN  o.s.b.a.o.j.JpaBaseConfiguration$JpaWebConfiguration - spring.jpa.open-in-view is enabled by default. Therefore, database queries may be performed during view rendering. Explicitly configure spring.jpa.open-in-view to disable this warning
2026-06-29 00:01:23 [main] INFO  o.s.v.b.OptionalValidatorFactoryBean - Failed to set up a Bean Validation provider: jakarta.validation.NoProviderFoundException: Unable to create a Configuration, because no Jakarta Bean Validation provider could be found. Add a provider like Hibernate Validator (RI) to your classpath.
2026-06-29 00:01:23 [main] INFO  o.s.c.n.e.c.DiscoveryClientOptionalArgsConfiguration - Eureka HTTP Client uses RestTemplate.
2026-06-29 00:01:23 [main] WARN  o.s.c.l.c.LoadBalancerCacheAutoConfiguration$LoadBalancerCaffeineWarnLogger - Spring Cloud LoadBalancer is currently working with the default cache. While this cache implementation is useful for development and tests, it's recommended to use Caffeine cache in production.You can switch to using Caffeine cache, by adding it and org.springframework.cache.caffeine.CaffeineCacheManager to the classpath.
2026-06-29 00:01:23 [main] INFO  o.s.c.n.eureka.InstanceInfoFactory - Setting initial instance status as: STARTING
2026-06-29 00:01:23 [main] INFO  c.netflix.discovery.DiscoveryClient - Initializing Eureka in region us-east-1
2026-06-29 00:01:23 [main] INFO  c.n.d.s.r.aws.ConfigClusterResolver - Resolving eureka endpoints via configuration
2026-06-29 00:01:24 [main] INFO  c.netflix.discovery.DiscoveryClient - Disable delta property : false
2026-06-29 00:01:24 [main] INFO  c.netflix.discovery.DiscoveryClient - Single vip registry refresh property : null
2026-06-29 00:01:24 [main] INFO  c.netflix.discovery.DiscoveryClient - Force full registry fetch : false
2026-06-29 00:01:24 [main] INFO  c.netflix.discovery.DiscoveryClient - Application is null : false
2026-06-29 00:01:24 [main] INFO  c.netflix.discovery.DiscoveryClient - Registered Applications size is zero : true
2026-06-29 00:01:24 [main] INFO  c.netflix.discovery.DiscoveryClient - Application version is -1: true
2026-06-29 00:01:24 [main] INFO  c.netflix.discovery.DiscoveryClient - Getting all instance registry info from the eureka server
2026-06-29 00:01:24 [main] INFO  c.netflix.discovery.DiscoveryClient - The response status is 200
2026-06-29 00:01:24 [main] INFO  c.netflix.discovery.DiscoveryClient - Starting heartbeat executor: renew interval is: 30
2026-06-29 00:01:24 [main] INFO  c.n.discovery.InstanceInfoReplicator - InstanceInfoReplicator onDemand update allowed rate per min is 4
2026-06-29 00:01:24 [main] INFO  c.netflix.discovery.DiscoveryClient - Discovery Client initialized at timestamp 1782705684568 with initial instances count: 0
2026-06-29 00:01:24 [main] INFO  o.s.c.n.e.s.EurekaServiceRegistry - Registering application CLIENTE with eureka with status UP
2026-06-29 00:01:24 [main] INFO  c.netflix.discovery.DiscoveryClient - Saw local status change event StatusChangeEvent [timestamp=1782705684575, current=UP, previous=STARTING]
2026-06-29 00:01:24 [main] INFO  o.a.coyote.http11.Http11NioProtocol - Starting ProtocolHandler ["http-nio-8081"]
2026-06-29 00:01:24 [DiscoveryClient-InstanceInfoReplicator-%d] INFO  c.netflix.discovery.DiscoveryClient - DiscoveryClient_CLIENTE/DESKTOP-L148Q07:CLIENTE:8081: registering service...
2026-06-29 00:01:24 [main] INFO  o.s.b.w.e.tomcat.TomcatWebServer - Tomcat started on port 8081 (http) with context path '/'
2026-06-29 00:01:24 [main] INFO  o.s.c.n.e.s.EurekaAutoServiceRegistration - Updating port to 8081
2026-06-29 00:01:24 [main] INFO  c.example.Cliente.ClienteApplication - Started ClienteApplication in 9.466 seconds (process running for 10.66)
2026-06-29 00:01:24 [DiscoveryClient-InstanceInfoReplicator-%d] INFO  c.netflix.discovery.DiscoveryClient - DiscoveryClient_CLIENTE/DESKTOP-L148Q07:CLIENTE:8081 - registration status: 204
2026-06-29 00:01:25 [main] DEBUG org.hibernate.SQL - select count(*) from clientes c1_0
2026-06-29 00:01:25 [main] DEBUG org.hibernate.SQL - select c1_0.id,c1_0.nombre,c1_0.telefono from clientes c1_0
2026-06-29 00:01:40 [http-nio-8081-exec-1] INFO  o.a.c.c.C.[Tomcat].[localhost].[/] - Initializing Spring DispatcherServlet 'dispatcherServlet'
2026-06-29 00:01:40 [http-nio-8081-exec-1] INFO  o.s.web.servlet.DispatcherServlet - Initializing Servlet 'dispatcherServlet'
2026-06-29 00:01:40 [http-nio-8081-exec-1] INFO  o.s.web.servlet.DispatcherServlet - Completed initialization in 1 ms
2026-06-29 00:01:40 [http-nio-8081-exec-1] INFO  c.e.C.Controller.ClienteController - INFORMACION: Se solicita lista de clientes
2026-06-29 00:01:40 [http-nio-8081-exec-1] DEBUG org.hibernate.SQL - select c1_0.id,c1_0.nombre,c1_0.telefono from clientes c1_0
2026-06-29 00:01:54 [DiscoveryClient-CacheRefreshExecutor-%d] INFO  c.netflix.discovery.DiscoveryClient - Disable delta property : false
2026-06-29 00:01:54 [DiscoveryClient-CacheRefreshExecutor-%d] INFO  c.netflix.discovery.DiscoveryClient - Single vip registry refresh property : null
2026-06-29 00:01:54 [DiscoveryClient-CacheRefreshExecutor-%d] INFO  c.netflix.discovery.DiscoveryClient - Force full registry fetch : false
2026-06-29 00:01:54 [DiscoveryClient-CacheRefreshExecutor-%d] INFO  c.netflix.discovery.DiscoveryClient - Application is null : false
2026-06-29 00:01:54 [DiscoveryClient-CacheRefreshExecutor-%d] INFO  c.netflix.discovery.DiscoveryClient - Registered Applications size is zero : true
2026-06-29 00:01:54 [DiscoveryClient-CacheRefreshExecutor-%d] INFO  c.netflix.discovery.DiscoveryClient - Application version is -1: false
2026-06-29 00:01:54 [DiscoveryClient-CacheRefreshExecutor-%d] INFO  c.netflix.discovery.DiscoveryClient - Getting all instance registry info from the eureka server
2026-06-29 00:01:54 [DiscoveryClient-CacheRefreshExecutor-%d] INFO  c.netflix.discovery.DiscoveryClient - The response status is 200
2026-06-29 00:03:32 [main] INFO  c.example.Cliente.ClienteApplication - Starting ClienteApplication using Java 21.0.9 with PID 23960 (C:\Users\matyd\Desktop\Na\ProyectoFullstack\ms-cliente\target\classes started by matyd in C:\Users\matyd\Desktop\Na\ProyectoFullstack)
2026-06-29 00:03:32 [main] INFO  c.example.Cliente.ClienteApplication - No active profile set, falling back to 1 default profile: "default"
2026-06-29 00:03:33 [main] INFO  o.s.d.r.c.RepositoryConfigurationDelegate - Bootstrapping Spring Data JPA repositories in DEFAULT mode.
2026-06-29 00:03:33 [main] INFO  o.s.d.r.c.RepositoryConfigurationDelegate - Finished Spring Data repository scanning in 116 ms. Found 1 JPA repository interface.
2026-06-29 00:03:33 [main] INFO  o.s.cloud.context.scope.GenericScope - BeanFactory id=7507d150-9869-300a-b0af-d01004b6256c
2026-06-29 00:03:34 [main] INFO  o.s.b.w.e.tomcat.TomcatWebServer - Tomcat initialized with port 8081 (http)
2026-06-29 00:03:34 [main] INFO  o.a.coyote.http11.Http11NioProtocol - Initializing ProtocolHandler ["http-nio-8081"]
2026-06-29 00:03:34 [main] INFO  o.a.catalina.core.StandardService - Starting service [Tomcat]
2026-06-29 00:03:34 [main] INFO  o.a.catalina.core.StandardEngine - Starting Servlet engine: [Apache Tomcat/10.1.34]
2026-06-29 00:03:34 [main] INFO  o.a.c.c.C.[Tomcat].[localhost].[/] - Initializing Spring embedded WebApplicationContext
2026-06-29 00:03:34 [main] INFO  o.s.b.w.s.c.ServletWebServerApplicationContext - Root WebApplicationContext: initialization completed in 1960 ms
2026-06-29 00:03:34 [main] INFO  com.zaxxer.hikari.HikariDataSource - HikariPool-1 - Starting...
2026-06-29 00:03:35 [main] INFO  com.zaxxer.hikari.pool.HikariPool - HikariPool-1 - Added connection com.mysql.cj.jdbc.ConnectionImpl@5aac6f9f
2026-06-29 00:03:35 [main] INFO  com.zaxxer.hikari.HikariDataSource - HikariPool-1 - Start completed.
2026-06-29 00:03:35 [main] INFO  org.flywaydb.core.FlywayExecutor - Database: jdbc:mysql://localhost:3306/cliente_db?createDatabaseIfNotExist=true (MySQL 9.7)
2026-06-29 00:03:35 [main] WARN  o.f.c.i.database.base.Database - Flyway upgrade recommended: MySQL 9.7 is newer than this version of Flyway and support has not been tested. The latest supported version of MySQL is 8.1.
2026-06-29 00:03:35 [main] INFO  o.f.core.internal.command.DbValidate - Successfully validated 1 migration (execution time 00:00.061s)
2026-06-29 00:03:35 [main] INFO  o.f.core.internal.command.DbMigrate - Current version of schema `cliente_db`: 1
2026-06-29 00:03:35 [main] INFO  o.f.core.internal.command.DbMigrate - Schema `cliente_db` is up to date. No migration necessary.
2026-06-29 00:03:35 [main] INFO  o.h.jpa.internal.util.LogHelper - HHH000204: Processing PersistenceUnitInfo [name: default]
2026-06-29 00:03:35 [main] INFO  org.hibernate.Version - HHH000412: Hibernate ORM core version 6.6.5.Final
2026-06-29 00:03:35 [main] INFO  o.h.c.i.RegionFactoryInitiator - HHH000026: Second-level cache disabled
2026-06-29 00:03:35 [main] INFO  o.s.o.j.p.SpringPersistenceUnitInfo - No LoadTimeWeaver setup: ignoring JPA class transformer
2026-06-29 00:03:35 [main] INFO  o.hibernate.orm.connections.pooling - HHH10001005: Database info:
	Database JDBC URL [Connecting through datasource 'HikariDataSource (HikariPool-1)']
	Database driver: undefined/unknown
	Database version: 9.7
	Autocommit mode: undefined/unknown
	Isolation level: undefined/unknown
	Minimum pool size: undefined/unknown
	Maximum pool size: undefined/unknown
2026-06-29 00:03:36 [main] INFO  o.h.e.t.j.p.i.JtaPlatformInitiator - HHH000489: No JTA platform available (set 'hibernate.transaction.jta.platform' to enable JTA platform integration)
2026-06-29 00:03:36 [main] INFO  o.s.o.j.LocalContainerEntityManagerFactoryBean - Initialized JPA EntityManagerFactory for persistence unit 'default'
2026-06-29 00:03:37 [main] WARN  o.s.b.a.o.j.JpaBaseConfiguration$JpaWebConfiguration - spring.jpa.open-in-view is enabled by default. Therefore, database queries may be performed during view rendering. Explicitly configure spring.jpa.open-in-view to disable this warning
2026-06-29 00:03:37 [main] INFO  o.s.v.b.OptionalValidatorFactoryBean - Failed to set up a Bean Validation provider: jakarta.validation.NoProviderFoundException: Unable to create a Configuration, because no Jakarta Bean Validation provider could be found. Add a provider like Hibernate Validator (RI) to your classpath.
2026-06-29 00:03:38 [main] INFO  o.s.c.n.e.c.DiscoveryClientOptionalArgsConfiguration - Eureka HTTP Client uses RestTemplate.
2026-06-29 00:03:38 [main] WARN  o.s.c.l.c.LoadBalancerCacheAutoConfiguration$LoadBalancerCaffeineWarnLogger - Spring Cloud LoadBalancer is currently working with the default cache. While this cache implementation is useful for development and tests, it's recommended to use Caffeine cache in production.You can switch to using Caffeine cache, by adding it and org.springframework.cache.caffeine.CaffeineCacheManager to the classpath.
2026-06-29 00:03:38 [main] INFO  o.s.c.n.eureka.InstanceInfoFactory - Setting initial instance status as: STARTING
2026-06-29 00:03:38 [main] INFO  c.netflix.discovery.DiscoveryClient - Initializing Eureka in region us-east-1
2026-06-29 00:03:38 [main] INFO  c.n.d.s.r.aws.ConfigClusterResolver - Resolving eureka endpoints via configuration
2026-06-29 00:03:38 [main] INFO  c.netflix.discovery.DiscoveryClient - Disable delta property : false
2026-06-29 00:03:38 [main] INFO  c.netflix.discovery.DiscoveryClient - Single vip registry refresh property : null
2026-06-29 00:03:38 [main] INFO  c.netflix.discovery.DiscoveryClient - Force full registry fetch : false
2026-06-29 00:03:38 [main] INFO  c.netflix.discovery.DiscoveryClient - Application is null : false
2026-06-29 00:03:38 [main] INFO  c.netflix.discovery.DiscoveryClient - Registered Applications size is zero : true
2026-06-29 00:03:38 [main] INFO  c.netflix.discovery.DiscoveryClient - Application version is -1: true
2026-06-29 00:03:38 [main] INFO  c.netflix.discovery.DiscoveryClient - Getting all instance registry info from the eureka server
2026-06-29 00:03:38 [main] INFO  c.netflix.discovery.DiscoveryClient - The response status is 200
2026-06-29 00:03:38 [main] INFO  c.netflix.discovery.DiscoveryClient - Starting heartbeat executor: renew interval is: 30
2026-06-29 00:03:38 [main] INFO  c.n.discovery.InstanceInfoReplicator - InstanceInfoReplicator onDemand update allowed rate per min is 4
2026-06-29 00:03:38 [main] INFO  c.netflix.discovery.DiscoveryClient - Discovery Client initialized at timestamp 1782705818691 with initial instances count: 0
2026-06-29 00:03:38 [main] INFO  o.s.c.n.e.s.EurekaServiceRegistry - Registering application CLIENTE with eureka with status UP
2026-06-29 00:03:38 [main] INFO  c.netflix.discovery.DiscoveryClient - Saw local status change event StatusChangeEvent [timestamp=1782705818701, current=UP, previous=STARTING]
2026-06-29 00:03:38 [main] INFO  o.a.coyote.http11.Http11NioProtocol - Starting ProtocolHandler ["http-nio-8081"]
2026-06-29 00:03:38 [DiscoveryClient-InstanceInfoReplicator-%d] INFO  c.netflix.discovery.DiscoveryClient - DiscoveryClient_CLIENTE/DESKTOP-L148Q07:CLIENTE:8081: registering service...
2026-06-29 00:03:38 [main] INFO  o.s.b.w.e.tomcat.TomcatWebServer - Tomcat started on port 8081 (http) with context path '/'
2026-06-29 00:03:38 [main] INFO  o.s.c.n.e.s.EurekaAutoServiceRegistration - Updating port to 8081
2026-06-29 00:03:38 [main] INFO  c.example.Cliente.ClienteApplication - Started ClienteApplication in 7.146 seconds (process running for 7.766)
2026-06-29 00:03:38 [DiscoveryClient-InstanceInfoReplicator-%d] INFO  c.netflix.discovery.DiscoveryClient - DiscoveryClient_CLIENTE/DESKTOP-L148Q07:CLIENTE:8081 - registration status: 204
2026-06-29 00:03:39 [main] DEBUG org.hibernate.SQL - select count(*) from clientes c1_0
2026-06-29 00:03:39 [main] DEBUG org.hibernate.SQL - select c1_0.id,c1_0.nombre,c1_0.telefono from clientes c1_0
2026-06-29 00:04:08 [DiscoveryClient-CacheRefreshExecutor-%d] INFO  c.netflix.discovery.DiscoveryClient - Disable delta property : false
2026-06-29 00:04:08 [DiscoveryClient-CacheRefreshExecutor-%d] INFO  c.netflix.discovery.DiscoveryClient - Single vip registry refresh property : null
2026-06-29 00:04:08 [DiscoveryClient-CacheRefreshExecutor-%d] INFO  c.netflix.discovery.DiscoveryClient - Force full registry fetch : false
2026-06-29 00:04:08 [DiscoveryClient-CacheRefreshExecutor-%d] INFO  c.netflix.discovery.DiscoveryClient - Application is null : false
2026-06-29 00:04:08 [DiscoveryClient-CacheRefreshExecutor-%d] INFO  c.netflix.discovery.DiscoveryClient - Registered Applications size is zero : true
2026-06-29 00:04:08 [DiscoveryClient-CacheRefreshExecutor-%d] INFO  c.netflix.discovery.DiscoveryClient - Application version is -1: false
2026-06-29 00:04:08 [DiscoveryClient-CacheRefreshExecutor-%d] INFO  c.netflix.discovery.DiscoveryClient - Getting all instance registry info from the eureka server
2026-06-29 00:04:08 [DiscoveryClient-CacheRefreshExecutor-%d] INFO  c.netflix.discovery.DiscoveryClient - The response status is 200
2026-06-29 00:06:15 [http-nio-8081-exec-1] INFO  o.a.c.c.C.[Tomcat].[localhost].[/] - Initializing Spring DispatcherServlet 'dispatcherServlet'
2026-06-29 00:06:15 [http-nio-8081-exec-1] INFO  o.s.web.servlet.DispatcherServlet - Initializing Servlet 'dispatcherServlet'
2026-06-29 00:06:15 [http-nio-8081-exec-1] INFO  o.s.web.servlet.DispatcherServlet - Completed initialization in 1 ms
2026-06-29 00:06:15 [http-nio-8081-exec-1] INFO  c.e.C.Controller.ClienteController - INFORMACION: Se solicita lista de clientes
2026-06-29 00:06:15 [http-nio-8081-exec-1] DEBUG org.hibernate.SQL - select c1_0.id,c1_0.nombre,c1_0.telefono from clientes c1_0
2026-06-29 00:06:15 [http-nio-8081-exec-2] INFO  c.e.C.Controller.ClienteController - INFORMACION: Se solicita lista de clientes
2026-06-29 00:06:15 [http-nio-8081-exec-2] DEBUG org.hibernate.SQL - select c1_0.id,c1_0.nombre,c1_0.telefono from clientes c1_0
2026-06-29 00:06:15 [http-nio-8081-exec-3] INFO  c.e.C.Controller.ClienteController - INFORMACION: Se solicita lista de clientes
2026-06-29 00:06:15 [http-nio-8081-exec-3] DEBUG org.hibernate.SQL - select c1_0.id,c1_0.nombre,c1_0.telefono from clientes c1_0
2026-06-29 00:06:15 [http-nio-8081-exec-4] INFO  c.e.C.Controller.ClienteController - INFORMACION: Se solicita lista de clientes
2026-06-29 00:06:15 [http-nio-8081-exec-4] DEBUG org.hibernate.SQL - select c1_0.id,c1_0.nombre,c1_0.telefono from clientes c1_0
2026-06-29 00:06:15 [http-nio-8081-exec-5] INFO  c.e.C.Controller.ClienteController - INFORMACION: Se solicita lista de clientes
2026-06-29 00:06:15 [http-nio-8081-exec-5] DEBUG org.hibernate.SQL - select c1_0.id,c1_0.nombre,c1_0.telefono from clientes c1_0
2026-06-29 00:08:38 [AsyncResolver-bootstrap-executor-%d] INFO  c.n.d.s.r.aws.ConfigClusterResolver - Resolving eureka endpoints via configuration
2026-06-29 00:10:11 [main] INFO  c.example.Cliente.ClienteApplication - Starting ClienteApplication using Java 21.0.9 with PID 23760 (C:\Users\matyd\Desktop\Na\ProyectoFullstack\ms-cliente\target\classes started by matyd in C:\Users\matyd\Desktop\Na\ProyectoFullstack)
2026-06-29 00:10:11 [main] INFO  c.example.Cliente.ClienteApplication - No active profile set, falling back to 1 default profile: "default"
2026-06-29 00:10:12 [main] INFO  o.s.d.r.c.RepositoryConfigurationDelegate - Bootstrapping Spring Data JPA repositories in DEFAULT mode.
2026-06-29 00:10:13 [main] INFO  o.s.d.r.c.RepositoryConfigurationDelegate - Finished Spring Data repository scanning in 161 ms. Found 1 JPA repository interface.
2026-06-29 00:10:13 [main] INFO  o.s.cloud.context.scope.GenericScope - BeanFactory id=7507d150-9869-300a-b0af-d01004b6256c
2026-06-29 00:10:14 [main] INFO  o.s.b.w.e.tomcat.TomcatWebServer - Tomcat initialized with port 8081 (http)
2026-06-29 00:10:14 [main] INFO  o.a.coyote.http11.Http11NioProtocol - Initializing ProtocolHandler ["http-nio-8081"]
2026-06-29 00:10:14 [main] INFO  o.a.catalina.core.StandardService - Starting service [Tomcat]
2026-06-29 00:10:14 [main] INFO  o.a.catalina.core.StandardEngine - Starting Servlet engine: [Apache Tomcat/10.1.34]
2026-06-29 00:10:14 [main] INFO  o.a.c.c.C.[Tomcat].[localhost].[/] - Initializing Spring embedded WebApplicationContext
2026-06-29 00:10:14 [main] INFO  o.s.b.w.s.c.ServletWebServerApplicationContext - Root WebApplicationContext: initialization completed in 3162 ms
2026-06-29 00:10:15 [main] INFO  com.zaxxer.hikari.HikariDataSource - HikariPool-1 - Starting...
2026-06-29 00:10:15 [main] INFO  com.zaxxer.hikari.pool.HikariPool - HikariPool-1 - Added connection com.mysql.cj.jdbc.ConnectionImpl@5aac6f9f
2026-06-29 00:10:15 [main] INFO  com.zaxxer.hikari.HikariDataSource - HikariPool-1 - Start completed.
2026-06-29 00:10:15 [main] INFO  org.flywaydb.core.FlywayExecutor - Database: jdbc:mysql://localhost:3306/cliente_db?createDatabaseIfNotExist=true (MySQL 9.7)
2026-06-29 00:10:15 [main] WARN  o.f.c.i.database.base.Database - Flyway upgrade recommended: MySQL 9.7 is newer than this version of Flyway and support has not been tested. The latest supported version of MySQL is 8.1.
2026-06-29 00:10:15 [main] INFO  o.f.core.internal.command.DbValidate - Successfully validated 1 migration (execution time 00:00.074s)
2026-06-29 00:10:15 [main] INFO  o.f.core.internal.command.DbMigrate - Current version of schema `cliente_db`: 1
2026-06-29 00:10:15 [main] INFO  o.f.core.internal.command.DbMigrate - Schema `cliente_db` is up to date. No migration necessary.
2026-06-29 00:10:16 [main] INFO  o.h.jpa.internal.util.LogHelper - HHH000204: Processing PersistenceUnitInfo [name: default]
2026-06-29 00:10:16 [main] INFO  org.hibernate.Version - HHH000412: Hibernate ORM core version 6.6.5.Final
2026-06-29 00:10:16 [main] INFO  o.h.c.i.RegionFactoryInitiator - HHH000026: Second-level cache disabled
2026-06-29 00:10:17 [main] INFO  o.s.o.j.p.SpringPersistenceUnitInfo - No LoadTimeWeaver setup: ignoring JPA class transformer
2026-06-29 00:10:17 [main] INFO  o.hibernate.orm.connections.pooling - HHH10001005: Database info:
	Database JDBC URL [Connecting through datasource 'HikariDataSource (HikariPool-1)']
	Database driver: undefined/unknown
	Database version: 9.7
	Autocommit mode: undefined/unknown
	Isolation level: undefined/unknown
	Minimum pool size: undefined/unknown
	Maximum pool size: undefined/unknown
2026-06-29 00:10:18 [main] INFO  o.h.e.t.j.p.i.JtaPlatformInitiator - HHH000489: No JTA platform available (set 'hibernate.transaction.jta.platform' to enable JTA platform integration)
2026-06-29 00:10:18 [main] INFO  o.s.o.j.LocalContainerEntityManagerFactoryBean - Initialized JPA EntityManagerFactory for persistence unit 'default'
2026-06-29 00:10:19 [main] WARN  o.s.b.a.o.j.JpaBaseConfiguration$JpaWebConfiguration - spring.jpa.open-in-view is enabled by default. Therefore, database queries may be performed during view rendering. Explicitly configure spring.jpa.open-in-view to disable this warning
2026-06-29 00:10:19 [main] INFO  o.s.v.b.OptionalValidatorFactoryBean - Failed to set up a Bean Validation provider: jakarta.validation.NoProviderFoundException: Unable to create a Configuration, because no Jakarta Bean Validation provider could be found. Add a provider like Hibernate Validator (RI) to your classpath.
2026-06-29 00:10:20 [main] INFO  o.s.c.n.e.c.DiscoveryClientOptionalArgsConfiguration - Eureka HTTP Client uses RestTemplate.
2026-06-29 00:10:20 [main] WARN  o.s.c.l.c.LoadBalancerCacheAutoConfiguration$LoadBalancerCaffeineWarnLogger - Spring Cloud LoadBalancer is currently working with the default cache. While this cache implementation is useful for development and tests, it's recommended to use Caffeine cache in production.You can switch to using Caffeine cache, by adding it and org.springframework.cache.caffeine.CaffeineCacheManager to the classpath.
2026-06-29 00:10:20 [main] INFO  o.s.c.n.eureka.InstanceInfoFactory - Setting initial instance status as: STARTING
2026-06-29 00:10:20 [main] INFO  c.netflix.discovery.DiscoveryClient - Initializing Eureka in region us-east-1
2026-06-29 00:10:20 [main] INFO  c.n.d.s.r.aws.ConfigClusterResolver - Resolving eureka endpoints via configuration
2026-06-29 00:10:20 [main] INFO  c.netflix.discovery.DiscoveryClient - Disable delta property : false
2026-06-29 00:10:20 [main] INFO  c.netflix.discovery.DiscoveryClient - Single vip registry refresh property : null
2026-06-29 00:10:20 [main] INFO  c.netflix.discovery.DiscoveryClient - Force full registry fetch : false
2026-06-29 00:10:20 [main] INFO  c.netflix.discovery.DiscoveryClient - Application is null : false
2026-06-29 00:10:20 [main] INFO  c.netflix.discovery.DiscoveryClient - Registered Applications size is zero : true
2026-06-29 00:10:20 [main] INFO  c.netflix.discovery.DiscoveryClient - Application version is -1: true
2026-06-29 00:10:20 [main] INFO  c.netflix.discovery.DiscoveryClient - Getting all instance registry info from the eureka server
2026-06-29 00:10:21 [main] INFO  c.netflix.discovery.DiscoveryClient - The response status is 200
2026-06-29 00:10:21 [main] INFO  c.netflix.discovery.DiscoveryClient - Starting heartbeat executor: renew interval is: 30
2026-06-29 00:10:21 [main] INFO  c.n.discovery.InstanceInfoReplicator - InstanceInfoReplicator onDemand update allowed rate per min is 4
2026-06-29 00:10:21 [main] INFO  c.netflix.discovery.DiscoveryClient - Discovery Client initialized at timestamp 1782706221460 with initial instances count: 0
2026-06-29 00:10:21 [main] INFO  o.s.c.n.e.s.EurekaServiceRegistry - Registering application CLIENTE with eureka with status UP
2026-06-29 00:10:21 [main] INFO  c.netflix.discovery.DiscoveryClient - Saw local status change event StatusChangeEvent [timestamp=1782706221467, current=UP, previous=STARTING]
2026-06-29 00:10:21 [main] INFO  o.a.coyote.http11.Http11NioProtocol - Starting ProtocolHandler ["http-nio-8081"]
2026-06-29 00:10:21 [DiscoveryClient-InstanceInfoReplicator-%d] INFO  c.netflix.discovery.DiscoveryClient - DiscoveryClient_CLIENTE/DESKTOP-L148Q07:CLIENTE:8081: registering service...
2026-06-29 00:10:21 [main] INFO  o.s.b.w.e.tomcat.TomcatWebServer - Tomcat started on port 8081 (http) with context path '/'
2026-06-29 00:10:21 [main] INFO  o.s.c.n.e.s.EurekaAutoServiceRegistration - Updating port to 8081
2026-06-29 00:10:21 [main] INFO  c.example.Cliente.ClienteApplication - Started ClienteApplication in 11.0 seconds (process running for 11.722)
2026-06-29 00:10:21 [DiscoveryClient-InstanceInfoReplicator-%d] INFO  c.netflix.discovery.DiscoveryClient - DiscoveryClient_CLIENTE/DESKTOP-L148Q07:CLIENTE:8081 - registration status: 204
2026-06-29 00:10:22 [main] DEBUG org.hibernate.SQL - select count(*) from clientes c1_0
2026-06-29 00:10:22 [main] DEBUG org.hibernate.SQL - select c1_0.id,c1_0.nombre,c1_0.telefono from clientes c1_0
2026-06-29 00:10:51 [DiscoveryClient-CacheRefreshExecutor-%d] INFO  c.netflix.discovery.DiscoveryClient - Disable delta property : false
2026-06-29 00:10:51 [DiscoveryClient-CacheRefreshExecutor-%d] INFO  c.netflix.discovery.DiscoveryClient - Single vip registry refresh property : null
2026-06-29 00:10:51 [DiscoveryClient-CacheRefreshExecutor-%d] INFO  c.netflix.discovery.DiscoveryClient - Force full registry fetch : false
2026-06-29 00:10:51 [DiscoveryClient-CacheRefreshExecutor-%d] INFO  c.netflix.discovery.DiscoveryClient - Application is null : false
2026-06-29 00:10:51 [DiscoveryClient-CacheRefreshExecutor-%d] INFO  c.netflix.discovery.DiscoveryClient - Registered Applications size is zero : true
2026-06-29 00:10:51 [DiscoveryClient-CacheRefreshExecutor-%d] INFO  c.netflix.discovery.DiscoveryClient - Application version is -1: false
2026-06-29 00:10:51 [DiscoveryClient-CacheRefreshExecutor-%d] INFO  c.netflix.discovery.DiscoveryClient - Getting all instance registry info from the eureka server
2026-06-29 00:10:51 [DiscoveryClient-CacheRefreshExecutor-%d] INFO  c.netflix.discovery.DiscoveryClient - The response status is 200
2026-06-29 00:11:49 [http-nio-8081-exec-1] INFO  o.a.c.c.C.[Tomcat].[localhost].[/] - Initializing Spring DispatcherServlet 'dispatcherServlet'
2026-06-29 00:11:49 [http-nio-8081-exec-1] INFO  o.s.web.servlet.DispatcherServlet - Initializing Servlet 'dispatcherServlet'
2026-06-29 00:11:49 [http-nio-8081-exec-1] INFO  o.s.web.servlet.DispatcherServlet - Completed initialization in 2 ms
2026-06-29 00:11:49 [http-nio-8081-exec-1] INFO  c.e.C.Controller.ClienteController - INFORMACION: Se solicita lista de clientes
2026-06-29 00:11:49 [http-nio-8081-exec-1] DEBUG org.hibernate.SQL - select c1_0.id,c1_0.nombre,c1_0.telefono from clientes c1_0
2026-06-29 00:14:10 [http-nio-8081-exec-3] INFO  c.e.C.Controller.ClienteController - INFORMACION: Se solicita lista de clientes
2026-06-29 00:14:10 [http-nio-8081-exec-3] DEBUG org.hibernate.SQL - select c1_0.id,c1_0.nombre,c1_0.telefono from clientes c1_0
2026-06-29 00:15:20 [AsyncResolver-bootstrap-executor-%d] INFO  c.n.d.s.r.aws.ConfigClusterResolver - Resolving eureka endpoints via configuration
