2026-06-29 20:30:15 [main] INFO  c.example.factura.FacturaApplication - Starting FacturaApplication using Java 21.0.11 with PID 24564 (C:\Users\GAMER\Downloads\ProyectoFullstack\ms-factura\target\classes started by GAMER in C:\Users\GAMER\Downloads\ProyectoFullstack\ms-factura)
2026-06-29 20:30:15 [main] INFO  c.example.factura.FacturaApplication - No active profile set, falling back to 1 default profile: "default"
2026-06-29 20:30:22 [main] INFO  o.s.d.r.c.RepositoryConfigurationDelegate - Bootstrapping Spring Data JPA repositories in DEFAULT mode.
2026-06-29 20:30:22 [main] INFO  o.s.d.r.c.RepositoryConfigurationDelegate - Finished Spring Data repository scanning in 386 ms. Found 1 JPA repository interface.
2026-06-29 20:30:23 [main] INFO  o.s.cloud.context.scope.GenericScope - BeanFactory id=107a7723-4e50-3bb9-891c-b2fa1a884f25
2026-06-29 20:30:25 [main] INFO  o.s.b.w.e.tomcat.TomcatWebServer - Tomcat initialized with port 8087 (http)
2026-06-29 20:30:25 [main] INFO  o.a.coyote.http11.Http11NioProtocol - Initializing ProtocolHandler ["http-nio-8087"]
2026-06-29 20:30:25 [main] INFO  o.a.catalina.core.StandardService - Starting service [Tomcat]
2026-06-29 20:30:25 [main] INFO  o.a.catalina.core.StandardEngine - Starting Servlet engine: [Apache Tomcat/10.1.34]
2026-06-29 20:30:25 [main] INFO  o.a.c.c.C.[Tomcat].[localhost].[/] - Initializing Spring embedded WebApplicationContext
2026-06-29 20:30:25 [main] INFO  o.s.b.w.s.c.ServletWebServerApplicationContext - Root WebApplicationContext: initialization completed in 9028 ms
2026-06-29 20:30:32 [main] INFO  com.zaxxer.hikari.HikariDataSource - HikariPool-1 - Starting...
2026-06-29 20:30:34 [main] INFO  com.zaxxer.hikari.pool.HikariPool - HikariPool-1 - Added connection com.mysql.cj.jdbc.ConnectionImpl@1e57b783
2026-06-29 20:30:35 [main] INFO  com.zaxxer.hikari.HikariDataSource - HikariPool-1 - Start completed.
2026-06-29 20:30:35 [main] INFO  org.flywaydb.core.FlywayExecutor - Database: jdbc:mysql://localhost:3306/db_facturas?createDatabaseIfNotExist=true (MySQL 8.0)
2026-06-29 20:30:35 [main] INFO  o.f.c.i.s.JdbcTableSchemaHistory - Schema history table `db_facturas`.`flyway_schema_history` does not exist yet
2026-06-29 20:30:35 [main] INFO  o.f.core.internal.command.DbValidate - Successfully validated 1 migration (execution time 00:00.179s)
2026-06-29 20:30:35 [main] INFO  o.f.c.i.s.JdbcTableSchemaHistory - Creating Schema History table `db_facturas`.`flyway_schema_history` ...
2026-06-29 20:30:35 [main] INFO  o.f.core.internal.command.DbMigrate - Current version of schema `db_facturas`: << Empty Schema >>
2026-06-29 20:30:35 [main] INFO  o.f.core.internal.command.DbMigrate - Migrating schema `db_facturas` to version "1 - facturas"
2026-06-29 20:30:36 [main] INFO  o.f.core.internal.command.DbMigrate - Successfully applied 1 migration to schema `db_facturas`, now at version v1 (execution time 00:00.108s)
2026-06-29 20:30:36 [main] INFO  o.h.jpa.internal.util.LogHelper - HHH000204: Processing PersistenceUnitInfo [name: default]
2026-06-29 20:30:36 [main] INFO  org.hibernate.Version - HHH000412: Hibernate ORM core version 6.6.5.Final
2026-06-29 20:30:36 [main] INFO  o.h.c.i.RegionFactoryInitiator - HHH000026: Second-level cache disabled
2026-06-29 20:30:38 [main] INFO  o.s.o.j.p.SpringPersistenceUnitInfo - No LoadTimeWeaver setup: ignoring JPA class transformer
2026-06-29 20:30:38 [main] INFO  o.hibernate.orm.connections.pooling - HHH10001005: Database info:
	Database JDBC URL [Connecting through datasource 'HikariDataSource (HikariPool-1)']
	Database driver: undefined/unknown
	Database version: 8.0.46
	Autocommit mode: undefined/unknown
	Isolation level: undefined/unknown
	Minimum pool size: undefined/unknown
	Maximum pool size: undefined/unknown
2026-06-29 20:30:41 [main] INFO  o.h.e.t.j.p.i.JtaPlatformInitiator - HHH000489: No JTA platform available (set 'hibernate.transaction.jta.platform' to enable JTA platform integration)
2026-06-29 20:30:41 [main] DEBUG org.hibernate.SQL - create table facturas (id bigint not null auto_increment, descripcion varchar(255), id_cliente bigint, primary key (id)) engine=InnoDB
2026-06-29 20:30:41 [main] INFO  o.s.o.j.LocalContainerEntityManagerFactoryBean - Initialized JPA EntityManagerFactory for persistence unit 'default'
2026-06-29 20:30:43 [main] WARN  o.s.b.a.o.j.JpaBaseConfiguration$JpaWebConfiguration - spring.jpa.open-in-view is enabled by default. Therefore, database queries may be performed during view rendering. Explicitly configure spring.jpa.open-in-view to disable this warning
2026-06-29 20:30:45 [main] INFO  o.s.cloud.commons.util.InetUtils - Cannot determine local hostname
2026-06-29 20:30:45 [main] INFO  o.s.v.b.OptionalValidatorFactoryBean - Failed to set up a Bean Validation provider: jakarta.validation.NoProviderFoundException: Unable to create a Configuration, because no Jakarta Bean Validation provider could be found. Add a provider like Hibernate Validator (RI) to your classpath.
2026-06-29 20:30:48 [main] INFO  o.s.cloud.commons.util.InetUtils - Cannot determine local hostname
2026-06-29 20:30:48 [main] INFO  o.s.c.n.e.c.DiscoveryClientOptionalArgsConfiguration - Eureka HTTP Client uses RestTemplate.
2026-06-29 20:30:48 [main] WARN  o.s.c.l.c.LoadBalancerCacheAutoConfiguration$LoadBalancerCaffeineWarnLogger - Spring Cloud LoadBalancer is currently working with the default cache. While this cache implementation is useful for development and tests, it's recommended to use Caffeine cache in production.You can switch to using Caffeine cache, by adding it and org.springframework.cache.caffeine.CaffeineCacheManager to the classpath.
2026-06-29 20:30:48 [main] INFO  o.s.c.n.eureka.InstanceInfoFactory - Setting initial instance status as: STARTING
2026-06-29 20:30:49 [main] INFO  c.netflix.discovery.DiscoveryClient - Initializing Eureka in region us-east-1
2026-06-29 20:30:49 [main] INFO  c.n.d.s.r.aws.ConfigClusterResolver - Resolving eureka endpoints via configuration
2026-06-29 20:30:49 [main] INFO  c.netflix.discovery.DiscoveryClient - Disable delta property : false
2026-06-29 20:30:49 [main] INFO  c.netflix.discovery.DiscoveryClient - Single vip registry refresh property : null
2026-06-29 20:30:49 [main] INFO  c.netflix.discovery.DiscoveryClient - Force full registry fetch : false
2026-06-29 20:30:49 [main] INFO  c.netflix.discovery.DiscoveryClient - Application is null : false
2026-06-29 20:30:49 [main] INFO  c.netflix.discovery.DiscoveryClient - Registered Applications size is zero : true
2026-06-29 20:30:49 [main] INFO  c.netflix.discovery.DiscoveryClient - Application version is -1: true
2026-06-29 20:30:49 [main] INFO  c.netflix.discovery.DiscoveryClient - Getting all instance registry info from the eureka server
2026-06-29 20:30:50 [main] INFO  c.netflix.discovery.DiscoveryClient - The response status is 200
2026-06-29 20:30:50 [main] INFO  c.netflix.discovery.DiscoveryClient - Starting heartbeat executor: renew interval is: 30
2026-06-29 20:30:50 [main] INFO  c.n.discovery.InstanceInfoReplicator - InstanceInfoReplicator onDemand update allowed rate per min is 4
2026-06-29 20:30:50 [main] INFO  c.netflix.discovery.DiscoveryClient - Discovery Client initialized at timestamp 1782779450213 with initial instances count: 0
2026-06-29 20:30:50 [main] INFO  o.s.c.n.e.s.EurekaServiceRegistry - Registering application FACTURA with eureka with status UP
2026-06-29 20:30:50 [main] INFO  c.netflix.discovery.DiscoveryClient - Saw local status change event StatusChangeEvent [timestamp=1782779450236, current=UP, previous=STARTING]
2026-06-29 20:30:50 [DiscoveryClient-InstanceInfoReplicator-%d] INFO  c.netflix.discovery.DiscoveryClient - DiscoveryClient_FACTURA/localhost:FACTURA:8087: registering service...
2026-06-29 20:30:50 [main] INFO  o.a.coyote.http11.Http11NioProtocol - Starting ProtocolHandler ["http-nio-8087"]
2026-06-29 20:30:50 [DiscoveryClient-InstanceInfoReplicator-%d] INFO  c.netflix.discovery.DiscoveryClient - DiscoveryClient_FACTURA/localhost:FACTURA:8087 - registration status: 204
2026-06-29 20:30:50 [main] INFO  o.s.b.w.e.tomcat.TomcatWebServer - Tomcat started on port 8087 (http) with context path '/'
2026-06-29 20:30:50 [main] INFO  o.s.c.n.e.s.EurekaAutoServiceRegistration - Updating port to 8087
2026-06-29 20:30:51 [main] INFO  o.s.cloud.commons.util.InetUtils - Cannot determine local hostname
2026-06-29 20:30:51 [main] INFO  c.example.factura.FacturaApplication - Started FacturaApplication in 39.942 seconds (process running for 43.159)
2026-06-29 20:30:52 [main] DEBUG org.hibernate.SQL - select count(*) from facturas f1_0
2026-06-29 20:30:53 [main] DEBUG org.hibernate.SQL - insert into facturas (descripcion,id_cliente) values (?,?)
2026-06-29 20:30:53 [main] DEBUG org.hibernate.SQL - insert into facturas (descripcion,id_cliente) values (?,?)
2026-06-29 20:30:53 [main] DEBUG org.hibernate.SQL - insert into facturas (descripcion,id_cliente) values (?,?)
2026-06-29 20:30:53 [main] DEBUG org.hibernate.SQL - insert into facturas (descripcion,id_cliente) values (?,?)
2026-06-29 20:30:53 [main] DEBUG org.hibernate.SQL - insert into facturas (descripcion,id_cliente) values (?,?)
2026-06-29 20:30:53 [main] DEBUG org.hibernate.SQL - insert into facturas (descripcion,id_cliente) values (?,?)
2026-06-29 20:30:53 [main] DEBUG org.hibernate.SQL - insert into facturas (descripcion,id_cliente) values (?,?)
2026-06-29 20:30:53 [main] DEBUG org.hibernate.SQL - insert into facturas (descripcion,id_cliente) values (?,?)
2026-06-29 20:30:53 [main] DEBUG org.hibernate.SQL - insert into facturas (descripcion,id_cliente) values (?,?)
2026-06-29 20:30:53 [main] DEBUG org.hibernate.SQL - insert into facturas (descripcion,id_cliente) values (?,?)
2026-06-29 20:30:53 [main] DEBUG org.hibernate.SQL - insert into facturas (descripcion,id_cliente) values (?,?)
2026-06-29 20:30:53 [main] DEBUG org.hibernate.SQL - insert into facturas (descripcion,id_cliente) values (?,?)
2026-06-29 20:30:53 [main] DEBUG org.hibernate.SQL - insert into facturas (descripcion,id_cliente) values (?,?)
2026-06-29 20:30:53 [main] DEBUG org.hibernate.SQL - insert into facturas (descripcion,id_cliente) values (?,?)
2026-06-29 20:30:53 [main] DEBUG org.hibernate.SQL - insert into facturas (descripcion,id_cliente) values (?,?)
2026-06-29 20:30:53 [main] DEBUG org.hibernate.SQL - select f1_0.id,f1_0.descripcion,f1_0.id_cliente from facturas f1_0
2026-06-29 20:31:20 [DiscoveryClient-CacheRefreshExecutor-%d] INFO  c.netflix.discovery.DiscoveryClient - Disable delta property : false
2026-06-29 20:31:20 [DiscoveryClient-CacheRefreshExecutor-%d] INFO  c.netflix.discovery.DiscoveryClient - Single vip registry refresh property : null
2026-06-29 20:31:20 [DiscoveryClient-CacheRefreshExecutor-%d] INFO  c.netflix.discovery.DiscoveryClient - Force full registry fetch : false
2026-06-29 20:31:20 [DiscoveryClient-CacheRefreshExecutor-%d] INFO  c.netflix.discovery.DiscoveryClient - Application is null : false
2026-06-29 20:31:20 [DiscoveryClient-CacheRefreshExecutor-%d] INFO  c.netflix.discovery.DiscoveryClient - Registered Applications size is zero : true
2026-06-29 20:31:20 [DiscoveryClient-CacheRefreshExecutor-%d] INFO  c.netflix.discovery.DiscoveryClient - Application version is -1: false
2026-06-29 20:31:20 [DiscoveryClient-CacheRefreshExecutor-%d] INFO  c.netflix.discovery.DiscoveryClient - Getting all instance registry info from the eureka server
2026-06-29 20:31:20 [DiscoveryClient-CacheRefreshExecutor-%d] INFO  c.netflix.discovery.DiscoveryClient - The response status is 200
2026-06-29 20:35:49 [AsyncResolver-bootstrap-executor-%d] INFO  c.n.d.s.r.aws.ConfigClusterResolver - Resolving eureka endpoints via configuration
