2026-06-12T23:00:13.612-04:00  INFO 6228 --- [Factura] [main] com.example.factura.FacturaApplication   : Starting FacturaApplication using Java 21.0.10 with PID 6228 (C:\Users\GAMER\Downloads\ProyectoFullstack\factura\target\classes started by GAMER in C:\Users\GAMER\Downloads\ProyectoFullstack)
2026-06-12T23:00:13.616-04:00  INFO 6228 --- [Factura] [main] com.example.factura.FacturaApplication   : No active profile set, falling back to 1 default profile: "default"
2026-06-12T23:00:14.381-04:00  INFO 6228 --- [Factura] [main] .s.d.r.c.RepositoryConfigurationDelegate : Bootstrapping Spring Data JPA repositories in DEFAULT mode.
2026-06-12T23:00:14.482-04:00  INFO 6228 --- [Factura] [main] .s.d.r.c.RepositoryConfigurationDelegate : Finished Spring Data repository scanning in 93 ms. Found 1 JPA repository interface.
2026-06-12T23:00:14.687-04:00  INFO 6228 --- [Factura] [main] o.s.cloud.context.scope.GenericScope     : BeanFactory id=887b6b3c-d7eb-3c25-977b-320c0bedfd56
2026-06-12T23:00:15.066-04:00  INFO 6228 --- [Factura] [main] o.s.boot.tomcat.TomcatWebServer          : Tomcat initialized with port 8087 (http)
2026-06-12T23:00:15.082-04:00  INFO 6228 --- [Factura] [main] o.apache.catalina.core.StandardService   : Starting service [Tomcat]
2026-06-12T23:00:15.083-04:00  INFO 6228 --- [Factura] [main] o.apache.catalina.core.StandardEngine    : Starting Servlet engine: [Apache Tomcat/11.0.21]
2026-06-12T23:00:15.151-04:00  INFO 6228 --- [Factura] [main] b.w.c.s.WebApplicationContextInitializer : Root WebApplicationContext: initialization completed in 1484 ms
2026-06-12T23:00:15.460-04:00  INFO 6228 --- [Factura] [main] com.zaxxer.hikari.HikariDataSource       : HikariPool-1 - Starting...
2026-06-12T23:00:15.736-04:00  INFO 6228 --- [Factura] [main] com.zaxxer.hikari.pool.HikariPool        : HikariPool-1 - Added connection com.mysql.cj.jdbc.ConnectionImpl@2ee456c7
2026-06-12T23:00:15.738-04:00  INFO 6228 --- [Factura] [main] com.zaxxer.hikari.HikariDataSource       : HikariPool-1 - Start completed.
2026-06-12T23:00:15.779-04:00  INFO 6228 --- [Factura] [main] org.flywaydb.core.FlywayExecutor         : Database: jdbc:mysql://localhost:3306/db_facturas?createDatabaseIfNotExist=true (MySQL 8.0)
2026-06-12T23:00:15.834-04:00  INFO 6228 --- [Factura] [main] o.f.core.internal.command.DbValidate     : Successfully validated 1 migration (execution time 00:00.032s)
2026-06-12T23:00:15.848-04:00  INFO 6228 --- [Factura] [main] o.f.core.internal.command.DbMigrate      : Current version of schema `db_facturas`: 1
2026-06-12T23:00:15.855-04:00  INFO 6228 --- [Factura] [main] o.f.core.internal.command.DbMigrate      : Schema `db_facturas` is up to date. No migration necessary.
2026-06-12T23:00:15.942-04:00  INFO 6228 --- [Factura] [main] org.hibernate.orm.jpa                    : HHH008540: Processing PersistenceUnitInfo [name: default]
2026-06-12T23:00:15.998-04:00  INFO 6228 --- [Factura] [main] org.hibernate.orm.core                   : HHH000001: Hibernate ORM core version 7.2.12.Final
2026-06-12T23:00:16.362-04:00  INFO 6228 --- [Factura] [main] o.s.o.j.p.SpringPersistenceUnitInfo      : No LoadTimeWeaver setup: ignoring JPA class transformer
2026-06-12T23:00:16.442-04:00  INFO 6228 --- [Factura] [main] org.hibernate.orm.connections.pooling    : HHH10001005: Database info:
	Database JDBC URL [jdbc:mysql://localhost:3306/db_facturas?createDatabaseIfNotExist=true]
	Database driver: MySQL Connector/J
	Database dialect: MySQLDialect
	Database version: 8.0.46
	Default catalog/schema: db_facturas/undefined
	Autocommit mode: undefined/unknown
	Isolation level: REPEATABLE_READ [default REPEATABLE_READ]
	JDBC fetch size: none
	Pool: DataSourceConnectionProvider
	Minimum pool size: undefined/unknown
	Maximum pool size: undefined/unknown
2026-06-12T23:00:17.032-04:00  INFO 6228 --- [Factura] [main] org.hibernate.orm.core                   : HHH000489: No JTA platform available (set 'hibernate.transaction.jta.platform' to enable JTA platform integration)
2026-06-12T23:00:17.067-04:00  INFO 6228 --- [Factura] [main] j.LocalContainerEntityManagerFactoryBean : Initialized JPA EntityManagerFactory for persistence unit 'default'
2026-06-12T23:00:17.126-04:00  INFO 6228 --- [Factura] [main] o.s.d.j.r.query.QueryEnhancerFactories   : Hibernate is in classpath; If applicable, HQL parser will be used.
2026-06-12T23:00:17.370-04:00  WARN 6228 --- [Factura] [main] JpaBaseConfiguration$JpaWebConfiguration : spring.jpa.open-in-view is enabled by default. Therefore, database queries may be performed during view rendering. Explicitly configure spring.jpa.open-in-view to disable this warning
2026-06-12T23:00:17.538-04:00  INFO 6228 --- [Factura] [main] o.s.v.b.OptionalValidatorFactoryBean     : Failed to set up a Bean Validation provider: jakarta.validation.NoProviderFoundException: Unable to create a Configuration, because no Jakarta Validation provider could be found. Add a provider like Hibernate Validator (RI) to your classpath.
2026-06-12T23:00:17.925-04:00  INFO 6228 --- [Factura] [main] DiscoveryClientOptionalArgsConfiguration : Eureka HTTP Client uses RestClient.
2026-06-12T23:00:17.949-04:00  WARN 6228 --- [Factura] [main] iguration$LoadBalancerCaffeineWarnLogger : Spring Cloud LoadBalancer is currently working with the default cache. While this cache implementation is useful for development and tests, it's recommended to use Caffeine cache in production.You can switch to using Caffeine cache, by adding it and org.springframework.cache.caffeine.CaffeineCacheManager to the classpath.
2026-06-12T23:00:17.974-04:00  INFO 6228 --- [Factura] [main] o.s.c.n.eureka.InstanceInfoFactory       : Setting initial instance status as: STARTING
2026-06-12T23:00:17.995-04:00  INFO 6228 --- [Factura] [main] com.netflix.discovery.DiscoveryClient    : Initializing Eureka in region us-east-1
2026-06-12T23:00:17.999-04:00  INFO 6228 --- [Factura] [main] c.n.d.s.r.aws.ConfigClusterResolver      : Resolving eureka endpoints via configuration
2026-06-12T23:00:18.005-04:00  INFO 6228 --- [Factura] [main] com.netflix.discovery.DiscoveryClient    : Disable delta property : false
2026-06-12T23:00:18.006-04:00  INFO 6228 --- [Factura] [main] com.netflix.discovery.DiscoveryClient    : Single vip registry refresh property : null
2026-06-12T23:00:18.006-04:00  INFO 6228 --- [Factura] [main] com.netflix.discovery.DiscoveryClient    : Force full registry fetch : false
2026-06-12T23:00:18.006-04:00  INFO 6228 --- [Factura] [main] com.netflix.discovery.DiscoveryClient    : Application is null : false
2026-06-12T23:00:18.006-04:00  INFO 6228 --- [Factura] [main] com.netflix.discovery.DiscoveryClient    : Registered Applications size is zero : true
2026-06-12T23:00:18.006-04:00  INFO 6228 --- [Factura] [main] com.netflix.discovery.DiscoveryClient    : Application version is -1: true
2026-06-12T23:00:18.007-04:00  INFO 6228 --- [Factura] [main] com.netflix.discovery.DiscoveryClient    : Getting all instance registry info from the eureka server
2026-06-12T23:00:18.259-04:00  INFO 6228 --- [Factura] [main] com.netflix.discovery.DiscoveryClient    : The response status is 200
2026-06-12T23:00:18.259-04:00  INFO 6228 --- [Factura] [main] com.netflix.discovery.DiscoveryClient    : Starting heartbeat executor: renew interval is: 30
2026-06-12T23:00:18.261-04:00  INFO 6228 --- [Factura] [main] c.n.discovery.InstanceInfoReplicator     : InstanceInfoReplicator onDemand update allowed rate per min is 4
2026-06-12T23:00:18.263-04:00  INFO 6228 --- [Factura] [main] com.netflix.discovery.DiscoveryClient    : Discovery Client initialized at timestamp 1781319618262 with initial instances count: 0
2026-06-12T23:00:18.265-04:00  INFO 6228 --- [Factura] [main] o.s.c.n.e.s.EurekaServiceRegistry        : Registering application FACTURA with eureka with status UP
2026-06-12T23:00:18.266-04:00  INFO 6228 --- [Factura] [main] com.netflix.discovery.DiscoveryClient    : Saw local status change event StatusChangeEvent [timestamp=1781319618266, current=UP, previous=STARTING]
2026-06-12T23:00:18.267-04:00  INFO 6228 --- [Factura] [DiscoveryClient-InstanceInfoReplicator-%d] com.netflix.discovery.DiscoveryClient    : DiscoveryClient_FACTURA/192.168.56.1:Factura:8087: registering service...
2026-06-12T23:00:18.284-04:00  INFO 6228 --- [Factura] [main] o.s.boot.tomcat.TomcatWebServer          : Tomcat started on port 8087 (http) with context path '/'
2026-06-12T23:00:18.285-04:00  INFO 6228 --- [Factura] [main] .s.c.n.e.s.EurekaAutoServiceRegistration : Updating port to 8087
2026-06-12T23:00:18.297-04:00  INFO 6228 --- [Factura] [main] com.example.factura.FacturaApplication   : Started FacturaApplication in 5.089 seconds (process running for 5.583)
2026-06-12T23:00:18.339-04:00  INFO 6228 --- [Factura] [DiscoveryClient-InstanceInfoReplicator-%d] com.netflix.discovery.DiscoveryClient    : DiscoveryClient_FACTURA/192.168.56.1:Factura:8087 - registration status: 204
2026-06-12T23:00:46.318-04:00  INFO 6228 --- [Factura] [http-nio-8087-exec-1] o.a.c.c.C.[Tomcat].[localhost].[/]       : Initializing Spring DispatcherServlet 'dispatcherServlet'
2026-06-12T23:00:46.318-04:00  INFO 6228 --- [Factura] [http-nio-8087-exec-1] o.s.web.servlet.DispatcherServlet        : Initializing Servlet 'dispatcherServlet'
2026-06-12T23:00:46.319-04:00  INFO 6228 --- [Factura] [http-nio-8087-exec-1] o.s.web.servlet.DispatcherServlet        : Completed initialization in 1 ms
2026-06-12T23:00:48.263-04:00  INFO 6228 --- [Factura] [DiscoveryClient-CacheRefreshExecutor-%d] com.netflix.discovery.DiscoveryClient    : Disable delta property : false
2026-06-12T23:00:48.263-04:00  INFO 6228 --- [Factura] [DiscoveryClient-CacheRefreshExecutor-%d] com.netflix.discovery.DiscoveryClient    : Single vip registry refresh property : null
2026-06-12T23:00:48.264-04:00  INFO 6228 --- [Factura] [DiscoveryClient-CacheRefreshExecutor-%d] com.netflix.discovery.DiscoveryClient    : Force full registry fetch : false
2026-06-12T23:00:48.264-04:00  INFO 6228 --- [Factura] [DiscoveryClient-CacheRefreshExecutor-%d] com.netflix.discovery.DiscoveryClient    : Application is null : false
2026-06-12T23:00:48.264-04:00  INFO 6228 --- [Factura] [DiscoveryClient-CacheRefreshExecutor-%d] com.netflix.discovery.DiscoveryClient    : Registered Applications size is zero : true
2026-06-12T23:00:48.264-04:00  INFO 6228 --- [Factura] [DiscoveryClient-CacheRefreshExecutor-%d] com.netflix.discovery.DiscoveryClient    : Application version is -1: false
2026-06-12T23:00:48.264-04:00  INFO 6228 --- [Factura] [DiscoveryClient-CacheRefreshExecutor-%d] com.netflix.discovery.DiscoveryClient    : Getting all instance registry info from the eureka server
2026-06-12T23:00:48.296-04:00  INFO 6228 --- [Factura] [DiscoveryClient-CacheRefreshExecutor-%d] com.netflix.discovery.DiscoveryClient    : The response status is 200
2026-06-12T23:01:21.733-04:00  INFO 6228 --- [Factura] [http-nio-8087-exec-3] o.springdoc.api.AbstractOpenApiResource  : Init duration for springdoc-openapi is: 114 ms
