2026-06-02T13:55:29.014-04:00  INFO 20284 --- [Cliente] [main] com.example.Cliente.ClienteApplication   : Starting ClienteApplication using Java 21.0.10 with PID 20284 (C:\Users\pv-alumno\Downloads\ProyectoFullstack\Cliente\Cliente\target\classes started by pv-alumno in C:\Users\pv-alumno\Downloads\ProyectoFullstack)
2026-06-02T13:55:29.021-04:00  INFO 20284 --- [Cliente] [main] com.example.Cliente.ClienteApplication   : No active profile set, falling back to 1 default profile: "default"
2026-06-02T13:55:29.732-04:00  INFO 20284 --- [Cliente] [main] .s.d.r.c.RepositoryConfigurationDelegate : Bootstrapping Spring Data JPA repositories in DEFAULT mode.
2026-06-02T13:55:29.809-04:00  INFO 20284 --- [Cliente] [main] .s.d.r.c.RepositoryConfigurationDelegate : Finished Spring Data repository scanning in 57 ms. Found 1 JPA repository interface.
2026-06-02T13:55:30.406-04:00  INFO 20284 --- [Cliente] [main] o.s.boot.tomcat.TomcatWebServer          : Tomcat initialized with port 8081 (http)
2026-06-02T13:55:30.427-04:00  INFO 20284 --- [Cliente] [main] o.apache.catalina.core.StandardService   : Starting service [Tomcat]
2026-06-02T13:55:30.428-04:00  INFO 20284 --- [Cliente] [main] o.apache.catalina.core.StandardEngine    : Starting Servlet engine: [Apache Tomcat/11.0.21]
2026-06-02T13:55:30.504-04:00  INFO 20284 --- [Cliente] [main] b.w.c.s.WebApplicationContextInitializer : Root WebApplicationContext: initialization completed in 1427 ms
2026-06-02T13:55:30.951-04:00  INFO 20284 --- [Cliente] [main] com.zaxxer.hikari.HikariDataSource       : HikariPool-1 - Starting...
2026-06-02T13:55:31.278-04:00  INFO 20284 --- [Cliente] [main] com.zaxxer.hikari.pool.HikariPool        : HikariPool-1 - Added connection com.mysql.cj.jdbc.ConnectionImpl@aa752bb
2026-06-02T13:55:31.280-04:00  INFO 20284 --- [Cliente] [main] com.zaxxer.hikari.HikariDataSource       : HikariPool-1 - Start completed.
2026-06-02T13:55:31.327-04:00  INFO 20284 --- [Cliente] [main] org.flywaydb.core.FlywayExecutor         : Database: jdbc:mysql://localhost:3306/cliente_db?createDatabaseIfNotExist=true (MySQL 8.4)
2026-06-02T13:55:31.340-04:00  WARN 20284 --- [Cliente] [main] o.f.c.internal.database.base.Database    : Using MySQL 8.4 which is newer than the version Flyway has been verified with. The latest verified version of MySQL is 8.1.
2026-06-02T13:55:31.386-04:00  INFO 20284 --- [Cliente] [main] o.f.core.internal.command.DbValidate     : Successfully validated 1 migration (execution time 00:00.032s)
2026-06-02T13:55:31.405-04:00  INFO 20284 --- [Cliente] [main] o.f.core.internal.command.DbMigrate      : Current version of schema `cliente_db`: 1
2026-06-02T13:55:31.412-04:00  INFO 20284 --- [Cliente] [main] o.f.core.internal.command.DbMigrate      : Schema `cliente_db` is up to date. No migration necessary.
2026-06-02T13:55:31.582-04:00  INFO 20284 --- [Cliente] [main] org.hibernate.orm.jpa                    : HHH008540: Processing PersistenceUnitInfo [name: default]
2026-06-02T13:55:31.642-04:00  INFO 20284 --- [Cliente] [main] org.hibernate.orm.core                   : HHH000001: Hibernate ORM core version 7.2.12.Final
2026-06-02T13:55:32.257-04:00  INFO 20284 --- [Cliente] [main] o.s.o.j.p.SpringPersistenceUnitInfo      : No LoadTimeWeaver setup: ignoring JPA class transformer
2026-06-02T13:55:32.333-04:00  INFO 20284 --- [Cliente] [main] org.hibernate.orm.connections.pooling    : HHH10001005: Database info:
	Database JDBC URL [jdbc:mysql://localhost:3306/cliente_db?createDatabaseIfNotExist=true]
	Database driver: MySQL Connector/J
	Database dialect: MySQLDialect
	Database version: 8.4.8
	Default catalog/schema: cliente_db/undefined
	Autocommit mode: undefined/unknown
	Isolation level: REPEATABLE_READ [default REPEATABLE_READ]
	JDBC fetch size: none
	Pool: DataSourceConnectionProvider
	Minimum pool size: undefined/unknown
	Maximum pool size: undefined/unknown
2026-06-02T13:55:32.935-04:00  INFO 20284 --- [Cliente] [main] org.hibernate.orm.core                   : HHH000489: No JTA platform available (set 'hibernate.transaction.jta.platform' to enable JTA platform integration)
2026-06-02T13:55:32.977-04:00  INFO 20284 --- [Cliente] [main] j.LocalContainerEntityManagerFactoryBean : Initialized JPA EntityManagerFactory for persistence unit 'default'
2026-06-02T13:55:33.074-04:00  INFO 20284 --- [Cliente] [main] o.s.d.j.r.query.QueryEnhancerFactories   : Hibernate is in classpath; If applicable, HQL parser will be used.
2026-06-02T13:55:33.210-04:00  WARN 20284 --- [Cliente] [main] JpaBaseConfiguration$JpaWebConfiguration : spring.jpa.open-in-view is enabled by default. Therefore, database queries may be performed during view rendering. Explicitly configure spring.jpa.open-in-view to disable this warning
2026-06-02T13:55:33.557-04:00  INFO 20284 --- [Cliente] [main] o.s.boot.tomcat.TomcatWebServer          : Tomcat started on port 8081 (http) with context path '/'
2026-06-02T13:55:33.563-04:00  INFO 20284 --- [Cliente] [main] com.example.Cliente.ClienteApplication   : Started ClienteApplication in 5.053 seconds (process running for 5.528)
2026-06-02T13:57:36.289-04:00  INFO 20284 --- [Cliente] [http-nio-8081-exec-2] o.a.c.c.C.[Tomcat].[localhost].[/]       : Initializing Spring DispatcherServlet 'dispatcherServlet'
2026-06-02T13:57:36.290-04:00  INFO 20284 --- [Cliente] [http-nio-8081-exec-2] o.s.web.servlet.DispatcherServlet        : Initializing Servlet 'dispatcherServlet'
2026-06-02T13:57:36.292-04:00  INFO 20284 --- [Cliente] [http-nio-8081-exec-2] o.s.web.servlet.DispatcherServlet        : Completed initialization in 2 ms
2026-06-02T13:57:36.366-04:00  INFO 20284 --- [Cliente] [http-nio-8081-exec-2] c.e.C.Controller.ClienteController       : INFORMACION: Se solicita lista de clientes
2026-06-02T13:57:36.539-04:00 DEBUG 20284 --- [Cliente] [http-nio-8081-exec-2] org.hibernate.SQL                        : select c1_0.id,c1_0.nombre,c1_0.telefono from clientes c1_0
2026-06-02T13:58:38.823-04:00  INFO 20284 --- [Cliente] [http-nio-8081-exec-5] c.e.C.Controller.ClienteController       : INFORMACION: Se crea cliente
2026-06-02T13:58:38.847-04:00 DEBUG 20284 --- [Cliente] [http-nio-8081-exec-5] org.hibernate.SQL                        : insert into clientes (nombre,telefono) values (?,?)
2026-06-02T13:58:42.839-04:00  INFO 20284 --- [Cliente] [http-nio-8081-exec-6] c.e.C.Controller.ClienteController       : INFORMACION: Se solicita cliente por id
2026-06-02T13:58:42.847-04:00 DEBUG 20284 --- [Cliente] [http-nio-8081-exec-6] org.hibernate.SQL                        : select c1_0.id,c1_0.nombre,c1_0.telefono from clientes c1_0 where c1_0.id=?
2026-06-02T14:08:46.535-04:00  INFO 9164 --- [Cliente] [main] com.example.Cliente.ClienteApplication   : Starting ClienteApplication using Java 21.0.10 with PID 9164 (C:\Users\pv-alumno\Downloads\ProyectoFullstack\Cliente\Cliente\target\classes started by pv-alumno in C:\Users\pv-alumno\Downloads\ProyectoFullstack)
2026-06-02T14:08:46.541-04:00  INFO 9164 --- [Cliente] [main] com.example.Cliente.ClienteApplication   : No active profile set, falling back to 1 default profile: "default"
2026-06-02T14:08:47.449-04:00  INFO 9164 --- [Cliente] [main] .s.d.r.c.RepositoryConfigurationDelegate : Bootstrapping Spring Data JPA repositories in DEFAULT mode.
2026-06-02T14:08:47.550-04:00  INFO 9164 --- [Cliente] [main] .s.d.r.c.RepositoryConfigurationDelegate : Finished Spring Data repository scanning in 74 ms. Found 1 JPA repository interface.
2026-06-02T14:08:48.292-04:00  INFO 9164 --- [Cliente] [main] o.s.boot.tomcat.TomcatWebServer          : Tomcat initialized with port 8081 (http)
2026-06-02T14:08:48.311-04:00  INFO 9164 --- [Cliente] [main] o.apache.catalina.core.StandardService   : Starting service [Tomcat]
2026-06-02T14:08:48.312-04:00  INFO 9164 --- [Cliente] [main] o.apache.catalina.core.StandardEngine    : Starting Servlet engine: [Apache Tomcat/11.0.21]
2026-06-02T14:08:48.416-04:00  INFO 9164 --- [Cliente] [main] b.w.c.s.WebApplicationContextInitializer : Root WebApplicationContext: initialization completed in 1808 ms
2026-06-02T14:08:48.897-04:00  INFO 9164 --- [Cliente] [main] com.zaxxer.hikari.HikariDataSource       : HikariPool-1 - Starting...
2026-06-02T14:08:49.363-04:00  INFO 9164 --- [Cliente] [main] com.zaxxer.hikari.pool.HikariPool        : HikariPool-1 - Added connection com.mysql.cj.jdbc.ConnectionImpl@2e45a357
2026-06-02T14:08:49.366-04:00  INFO 9164 --- [Cliente] [main] com.zaxxer.hikari.HikariDataSource       : HikariPool-1 - Start completed.
2026-06-02T14:08:49.427-04:00  INFO 9164 --- [Cliente] [main] org.flywaydb.core.FlywayExecutor         : Database: jdbc:mysql://localhost:3306/cliente_db?createDatabaseIfNotExist=true (MySQL 8.4)
2026-06-02T14:08:49.448-04:00  WARN 9164 --- [Cliente] [main] o.f.c.internal.database.base.Database    : Using MySQL 8.4 which is newer than the version Flyway has been verified with. The latest verified version of MySQL is 8.1.
2026-06-02T14:08:49.524-04:00  INFO 9164 --- [Cliente] [main] o.f.core.internal.command.DbValidate     : Successfully validated 1 migration (execution time 00:00.053s)
2026-06-02T14:08:49.545-04:00  INFO 9164 --- [Cliente] [main] o.f.core.internal.command.DbMigrate      : Current version of schema `cliente_db`: 1
2026-06-02T14:08:49.550-04:00  INFO 9164 --- [Cliente] [main] o.f.core.internal.command.DbMigrate      : Schema `cliente_db` is up to date. No migration necessary.
2026-06-02T14:08:49.746-04:00  INFO 9164 --- [Cliente] [main] org.hibernate.orm.jpa                    : HHH008540: Processing PersistenceUnitInfo [name: default]
2026-06-02T14:08:49.829-04:00  INFO 9164 --- [Cliente] [main] org.hibernate.orm.core                   : HHH000001: Hibernate ORM core version 7.2.12.Final
2026-06-02T14:08:50.516-04:00  INFO 9164 --- [Cliente] [main] o.s.o.j.p.SpringPersistenceUnitInfo      : No LoadTimeWeaver setup: ignoring JPA class transformer
2026-06-02T14:08:50.613-04:00  INFO 9164 --- [Cliente] [main] org.hibernate.orm.connections.pooling    : HHH10001005: Database info:
	Database JDBC URL [jdbc:mysql://localhost:3306/cliente_db?createDatabaseIfNotExist=true]
	Database driver: MySQL Connector/J
	Database dialect: MySQLDialect
	Database version: 8.4.8
	Default catalog/schema: cliente_db/undefined
	Autocommit mode: undefined/unknown
	Isolation level: REPEATABLE_READ [default REPEATABLE_READ]
	JDBC fetch size: none
	Pool: DataSourceConnectionProvider
	Minimum pool size: undefined/unknown
	Maximum pool size: undefined/unknown
2026-06-02T14:08:51.380-04:00  INFO 9164 --- [Cliente] [main] org.hibernate.orm.core                   : HHH000489: No JTA platform available (set 'hibernate.transaction.jta.platform' to enable JTA platform integration)
2026-06-02T14:08:51.428-04:00  INFO 9164 --- [Cliente] [main] j.LocalContainerEntityManagerFactoryBean : Initialized JPA EntityManagerFactory for persistence unit 'default'
2026-06-02T14:08:51.518-04:00  INFO 9164 --- [Cliente] [main] o.s.d.j.r.query.QueryEnhancerFactories   : Hibernate is in classpath; If applicable, HQL parser will be used.
2026-06-02T14:08:51.662-04:00  WARN 9164 --- [Cliente] [main] JpaBaseConfiguration$JpaWebConfiguration : spring.jpa.open-in-view is enabled by default. Therefore, database queries may be performed during view rendering. Explicitly configure spring.jpa.open-in-view to disable this warning
2026-06-02T14:08:52.103-04:00  INFO 9164 --- [Cliente] [main] o.s.boot.tomcat.TomcatWebServer          : Tomcat started on port 8081 (http) with context path '/'
2026-06-02T14:08:52.111-04:00  INFO 9164 --- [Cliente] [main] com.example.Cliente.ClienteApplication   : Started ClienteApplication in 6.21 seconds (process running for 6.872)
2026-06-02T14:09:07.593-04:00  INFO 9164 --- [Cliente] [http-nio-8081-exec-1] o.a.c.c.C.[Tomcat].[localhost].[/]       : Initializing Spring DispatcherServlet 'dispatcherServlet'
2026-06-02T14:09:07.593-04:00  INFO 9164 --- [Cliente] [http-nio-8081-exec-1] o.s.web.servlet.DispatcherServlet        : Initializing Servlet 'dispatcherServlet'
2026-06-02T14:09:07.595-04:00  INFO 9164 --- [Cliente] [http-nio-8081-exec-1] o.s.web.servlet.DispatcherServlet        : Completed initialization in 1 ms
2026-06-02T14:10:59.440-04:00  INFO 21676 --- [Cliente] [main] com.example.Cliente.ClienteApplication   : Starting ClienteApplication using Java 21.0.10 with PID 21676 (C:\Users\pv-alumno\Downloads\ProyectoFullstack\Cliente\Cliente\target\classes started by pv-alumno in C:\Users\pv-alumno\Downloads\ProyectoFullstack)
2026-06-02T14:10:59.445-04:00  INFO 21676 --- [Cliente] [main] com.example.Cliente.ClienteApplication   : No active profile set, falling back to 1 default profile: "default"
2026-06-02T14:11:00.252-04:00  INFO 21676 --- [Cliente] [main] .s.d.r.c.RepositoryConfigurationDelegate : Bootstrapping Spring Data JPA repositories in DEFAULT mode.
2026-06-02T14:11:00.331-04:00  INFO 21676 --- [Cliente] [main] .s.d.r.c.RepositoryConfigurationDelegate : Finished Spring Data repository scanning in 66 ms. Found 1 JPA repository interface.
2026-06-02T14:11:00.933-04:00  INFO 21676 --- [Cliente] [main] o.s.boot.tomcat.TomcatWebServer          : Tomcat initialized with port 8081 (http)
2026-06-02T14:11:00.950-04:00  INFO 21676 --- [Cliente] [main] o.apache.catalina.core.StandardService   : Starting service [Tomcat]
2026-06-02T14:11:00.951-04:00  INFO 21676 --- [Cliente] [main] o.apache.catalina.core.StandardEngine    : Starting Servlet engine: [Apache Tomcat/11.0.21]
2026-06-02T14:11:01.043-04:00  INFO 21676 --- [Cliente] [main] b.w.c.s.WebApplicationContextInitializer : Root WebApplicationContext: initialization completed in 1540 ms
2026-06-02T14:11:01.462-04:00  INFO 21676 --- [Cliente] [main] com.zaxxer.hikari.HikariDataSource       : HikariPool-1 - Starting...
2026-06-02T14:11:01.823-04:00  INFO 21676 --- [Cliente] [main] com.zaxxer.hikari.pool.HikariPool        : HikariPool-1 - Added connection com.mysql.cj.jdbc.ConnectionImpl@389a5022
2026-06-02T14:11:01.825-04:00  INFO 21676 --- [Cliente] [main] com.zaxxer.hikari.HikariDataSource       : HikariPool-1 - Start completed.
2026-06-02T14:11:01.875-04:00  INFO 21676 --- [Cliente] [main] org.flywaydb.core.FlywayExecutor         : Database: jdbc:mysql://localhost:3306/cliente_db?createDatabaseIfNotExist=true (MySQL 8.4)
2026-06-02T14:11:01.890-04:00  WARN 21676 --- [Cliente] [main] o.f.c.internal.database.base.Database    : Using MySQL 8.4 which is newer than the version Flyway has been verified with. The latest verified version of MySQL is 8.1.
2026-06-02T14:11:01.938-04:00  INFO 21676 --- [Cliente] [main] o.f.core.internal.command.DbValidate     : Successfully validated 1 migration (execution time 00:00.032s)
2026-06-02T14:11:01.961-04:00  INFO 21676 --- [Cliente] [main] o.f.core.internal.command.DbMigrate      : Current version of schema `cliente_db`: 1
2026-06-02T14:11:01.965-04:00  INFO 21676 --- [Cliente] [main] o.f.core.internal.command.DbMigrate      : Schema `cliente_db` is up to date. No migration necessary.
2026-06-02T14:11:02.140-04:00  INFO 21676 --- [Cliente] [main] org.hibernate.orm.jpa                    : HHH008540: Processing PersistenceUnitInfo [name: default]
2026-06-02T14:11:02.209-04:00  INFO 21676 --- [Cliente] [main] org.hibernate.orm.core                   : HHH000001: Hibernate ORM core version 7.2.12.Final
2026-06-02T14:11:02.788-04:00  INFO 21676 --- [Cliente] [main] o.s.o.j.p.SpringPersistenceUnitInfo      : No LoadTimeWeaver setup: ignoring JPA class transformer
2026-06-02T14:11:02.866-04:00  INFO 21676 --- [Cliente] [main] org.hibernate.orm.connections.pooling    : HHH10001005: Database info:
	Database JDBC URL [jdbc:mysql://localhost:3306/cliente_db?createDatabaseIfNotExist=true]
	Database driver: MySQL Connector/J
	Database dialect: MySQLDialect
	Database version: 8.4.8
	Default catalog/schema: cliente_db/undefined
	Autocommit mode: undefined/unknown
	Isolation level: REPEATABLE_READ [default REPEATABLE_READ]
	JDBC fetch size: none
	Pool: DataSourceConnectionProvider
	Minimum pool size: undefined/unknown
	Maximum pool size: undefined/unknown
2026-06-02T14:11:03.473-04:00  INFO 21676 --- [Cliente] [main] org.hibernate.orm.core                   : HHH000489: No JTA platform available (set 'hibernate.transaction.jta.platform' to enable JTA platform integration)
2026-06-02T14:11:03.513-04:00  INFO 21676 --- [Cliente] [main] j.LocalContainerEntityManagerFactoryBean : Initialized JPA EntityManagerFactory for persistence unit 'default'
2026-06-02T14:11:03.598-04:00  INFO 21676 --- [Cliente] [main] o.s.d.j.r.query.QueryEnhancerFactories   : Hibernate is in classpath; If applicable, HQL parser will be used.
2026-06-02T14:11:03.749-04:00  WARN 21676 --- [Cliente] [main] JpaBaseConfiguration$JpaWebConfiguration : spring.jpa.open-in-view is enabled by default. Therefore, database queries may be performed during view rendering. Explicitly configure spring.jpa.open-in-view to disable this warning
2026-06-02T14:11:04.105-04:00  INFO 21676 --- [Cliente] [main] o.s.boot.tomcat.TomcatWebServer          : Tomcat started on port 8081 (http) with context path '/'
2026-06-02T14:11:04.112-04:00  INFO 21676 --- [Cliente] [main] com.example.Cliente.ClienteApplication   : Started ClienteApplication in 5.197 seconds (process running for 5.689)
2026-06-02T14:11:08.428-04:00  INFO 21676 --- [Cliente] [http-nio-8081-exec-1] o.a.c.c.C.[Tomcat].[localhost].[/]       : Initializing Spring DispatcherServlet 'dispatcherServlet'
2026-06-02T14:11:08.429-04:00  INFO 21676 --- [Cliente] [http-nio-8081-exec-1] o.s.web.servlet.DispatcherServlet        : Initializing Servlet 'dispatcherServlet'
2026-06-02T14:11:08.430-04:00  INFO 21676 --- [Cliente] [http-nio-8081-exec-1] o.s.web.servlet.DispatcherServlet        : Completed initialization in 1 ms
