2026-06-21T16:24:47.941-04:00  INFO 6076 --- [Pago] [main] com.example.Pago.PagoApplication         : Starting PagoApplication using Java 21.0.10 with PID 6076 (C:\Users\GAMER\Downloads\ProyectoFullstack\Pago\target\classes started by GAMER in C:\Users\GAMER\Downloads\ProyectoFullstack)
2026-06-21T16:24:47.944-04:00  INFO 6076 --- [Pago] [main] com.example.Pago.PagoApplication         : No active profile set, falling back to 1 default profile: "default"
2026-06-21T16:24:48.805-04:00  INFO 6076 --- [Pago] [main] .s.d.r.c.RepositoryConfigurationDelegate : Bootstrapping Spring Data JPA repositories in DEFAULT mode.
2026-06-21T16:24:48.910-04:00  INFO 6076 --- [Pago] [main] .s.d.r.c.RepositoryConfigurationDelegate : Finished Spring Data repository scanning in 95 ms. Found 1 JPA repository interface.
2026-06-21T16:24:49.111-04:00  INFO 6076 --- [Pago] [main] o.s.cloud.context.scope.GenericScope     : BeanFactory id=b1044ff5-9abf-3294-a9a0-4a156b25e176
2026-06-21T16:24:49.544-04:00  INFO 6076 --- [Pago] [main] o.s.boot.tomcat.TomcatWebServer          : Tomcat initialized with port 8085 (http)
2026-06-21T16:24:49.559-04:00  INFO 6076 --- [Pago] [main] o.apache.catalina.core.StandardService   : Starting service [Tomcat]
2026-06-21T16:24:49.559-04:00  INFO 6076 --- [Pago] [main] o.apache.catalina.core.StandardEngine    : Starting Servlet engine: [Apache Tomcat/11.0.21]
2026-06-21T16:24:49.633-04:00  INFO 6076 --- [Pago] [main] b.w.c.s.WebApplicationContextInitializer : Root WebApplicationContext: initialization completed in 1644 ms
2026-06-21T16:24:49.934-04:00  INFO 6076 --- [Pago] [main] com.zaxxer.hikari.HikariDataSource       : HikariPool-1 - Starting...
2026-06-21T16:24:50.331-04:00  INFO 6076 --- [Pago] [main] com.zaxxer.hikari.pool.HikariPool        : HikariPool-1 - Added connection com.mysql.cj.jdbc.ConnectionImpl@dbc7e0a
2026-06-21T16:24:50.333-04:00  INFO 6076 --- [Pago] [main] com.zaxxer.hikari.HikariDataSource       : HikariPool-1 - Start completed.
2026-06-21T16:24:50.375-04:00  INFO 6076 --- [Pago] [main] org.flywaydb.core.FlywayExecutor         : Database: jdbc:mysql://localhost:3306/db_pagos?createDatabaseIfNotExist=true (MySQL 8.0)
2026-06-21T16:24:50.419-04:00  INFO 6076 --- [Pago] [main] o.f.c.i.s.JdbcTableSchemaHistory         : Schema history table `db_pagos`.`flyway_schema_history` does not exist yet
2026-06-21T16:24:50.422-04:00  INFO 6076 --- [Pago] [main] o.f.core.internal.command.DbValidate     : Successfully validated 1 migration (execution time 00:00.024s)
2026-06-21T16:24:50.439-04:00  INFO 6076 --- [Pago] [main] o.f.c.i.s.JdbcTableSchemaHistory         : Creating Schema History table `db_pagos`.`flyway_schema_history` ...
2026-06-21T16:24:50.500-04:00  INFO 6076 --- [Pago] [main] o.f.core.internal.command.DbMigrate      : Current version of schema `db_pagos`: << Empty Schema >>
2026-06-21T16:24:50.507-04:00  INFO 6076 --- [Pago] [main] o.f.core.internal.command.DbMigrate      : Migrating schema `db_pagos` to version "1 - Pago"
2026-06-21T16:24:50.544-04:00  INFO 6076 --- [Pago] [main] o.f.core.internal.command.DbMigrate      : Successfully applied 1 migration to schema `db_pagos`, now at version v1 (execution time 00:00.014s)
2026-06-21T16:24:50.642-04:00  INFO 6076 --- [Pago] [main] org.hibernate.orm.jpa                    : HHH008540: Processing PersistenceUnitInfo [name: default]
2026-06-21T16:24:50.701-04:00  INFO 6076 --- [Pago] [main] org.hibernate.orm.core                   : HHH000001: Hibernate ORM core version 7.2.12.Final
2026-06-21T16:24:51.104-04:00  INFO 6076 --- [Pago] [main] o.s.o.j.p.SpringPersistenceUnitInfo      : No LoadTimeWeaver setup: ignoring JPA class transformer
2026-06-21T16:24:51.182-04:00  INFO 6076 --- [Pago] [main] org.hibernate.orm.connections.pooling    : HHH10001005: Database info:
	Database JDBC URL [jdbc:mysql://localhost:3306/db_pagos?createDatabaseIfNotExist=true]
	Database driver: MySQL Connector/J
	Database dialect: MySQLDialect
	Database version: 8.0.46
	Default catalog/schema: db_pagos/undefined
	Autocommit mode: undefined/unknown
	Isolation level: REPEATABLE_READ [default REPEATABLE_READ]
	JDBC fetch size: none
	Pool: DataSourceConnectionProvider
	Minimum pool size: undefined/unknown
	Maximum pool size: undefined/unknown
2026-06-21T16:24:51.803-04:00  INFO 6076 --- [Pago] [main] org.hibernate.orm.core                   : HHH000489: No JTA platform available (set 'hibernate.transaction.jta.platform' to enable JTA platform integration)
2026-06-21T16:24:51.839-04:00 DEBUG 6076 --- [Pago] [main] org.hibernate.SQL                        : alter table pagos add column moto_id bigint
2026-06-21T16:24:51.862-04:00 DEBUG 6076 --- [Pago] [main] org.hibernate.SQL                        : alter table pagos add column cliente_id bigint
2026-06-21T16:24:51.881-04:00  INFO 6076 --- [Pago] [main] j.LocalContainerEntityManagerFactoryBean : Initialized JPA EntityManagerFactory for persistence unit 'default'
2026-06-21T16:24:51.946-04:00  INFO 6076 --- [Pago] [main] o.s.d.j.r.query.QueryEnhancerFactories   : Hibernate is in classpath; If applicable, HQL parser will be used.
2026-06-21T16:24:52.161-04:00  WARN 6076 --- [Pago] [main] JpaBaseConfiguration$JpaWebConfiguration : spring.jpa.open-in-view is enabled by default. Therefore, database queries may be performed during view rendering. Explicitly configure spring.jpa.open-in-view to disable this warning
2026-06-21T16:24:53.194-04:00  INFO 6076 --- [Pago] [main] o.s.cloud.commons.util.InetUtils         : Cannot determine local hostname
2026-06-21T16:24:53.277-04:00  INFO 6076 --- [Pago] [main] o.s.c.openfeign.FeignClientFactoryBean   : For 'Cliente' URL not provided. Will try picking an instance via load-balancing.
2026-06-21T16:24:53.368-04:00  INFO 6076 --- [Pago] [main] o.s.v.b.OptionalValidatorFactoryBean     : Failed to set up a Bean Validation provider: jakarta.validation.NoProviderFoundException: Unable to create a Configuration, because no Jakarta Validation provider could be found. Add a provider like Hibernate Validator (RI) to your classpath.
2026-06-21T16:24:54.815-04:00  INFO 6076 --- [Pago] [main] o.s.cloud.commons.util.InetUtils         : Cannot determine local hostname
2026-06-21T16:24:54.831-04:00  INFO 6076 --- [Pago] [main] DiscoveryClientOptionalArgsConfiguration : Eureka HTTP Client uses RestClient.
2026-06-21T16:24:54.859-04:00  WARN 6076 --- [Pago] [main] iguration$LoadBalancerCaffeineWarnLogger : Spring Cloud LoadBalancer is currently working with the default cache. While this cache implementation is useful for development and tests, it's recommended to use Caffeine cache in production.You can switch to using Caffeine cache, by adding it and org.springframework.cache.caffeine.CaffeineCacheManager to the classpath.
2026-06-21T16:24:54.883-04:00  INFO 6076 --- [Pago] [main] o.s.c.n.eureka.InstanceInfoFactory       : Setting initial instance status as: STARTING
2026-06-21T16:24:54.905-04:00  INFO 6076 --- [Pago] [main] com.netflix.discovery.DiscoveryClient    : Initializing Eureka in region us-east-1
2026-06-21T16:24:54.908-04:00  INFO 6076 --- [Pago] [main] c.n.d.s.r.aws.ConfigClusterResolver      : Resolving eureka endpoints via configuration
2026-06-21T16:24:54.918-04:00  INFO 6076 --- [Pago] [main] com.netflix.discovery.DiscoveryClient    : Disable delta property : false
2026-06-21T16:24:54.918-04:00  INFO 6076 --- [Pago] [main] com.netflix.discovery.DiscoveryClient    : Single vip registry refresh property : null
2026-06-21T16:24:54.918-04:00  INFO 6076 --- [Pago] [main] com.netflix.discovery.DiscoveryClient    : Force full registry fetch : false
2026-06-21T16:24:54.919-04:00  INFO 6076 --- [Pago] [main] com.netflix.discovery.DiscoveryClient    : Application is null : false
2026-06-21T16:24:54.919-04:00  INFO 6076 --- [Pago] [main] com.netflix.discovery.DiscoveryClient    : Registered Applications size is zero : true
2026-06-21T16:24:54.919-04:00  INFO 6076 --- [Pago] [main] com.netflix.discovery.DiscoveryClient    : Application version is -1: true
2026-06-21T16:24:54.919-04:00  INFO 6076 --- [Pago] [main] com.netflix.discovery.DiscoveryClient    : Getting all instance registry info from the eureka server
2026-06-21T16:24:55.149-04:00  INFO 6076 --- [Pago] [main] com.netflix.discovery.DiscoveryClient    : The response status is 200
2026-06-21T16:24:55.151-04:00  INFO 6076 --- [Pago] [main] com.netflix.discovery.DiscoveryClient    : Starting heartbeat executor: renew interval is: 30
2026-06-21T16:24:55.152-04:00  INFO 6076 --- [Pago] [main] c.n.discovery.InstanceInfoReplicator     : InstanceInfoReplicator onDemand update allowed rate per min is 4
2026-06-21T16:24:55.154-04:00  INFO 6076 --- [Pago] [main] com.netflix.discovery.DiscoveryClient    : Discovery Client initialized at timestamp 1782073495153 with initial instances count: 2
2026-06-21T16:24:55.155-04:00  INFO 6076 --- [Pago] [main] o.s.c.n.e.s.EurekaServiceRegistry        : Registering application PAGO with eureka with status UP
2026-06-21T16:24:55.157-04:00  INFO 6076 --- [Pago] [main] com.netflix.discovery.DiscoveryClient    : Saw local status change event StatusChangeEvent [timestamp=1782073495157, current=UP, previous=STARTING]
2026-06-21T16:24:55.158-04:00  INFO 6076 --- [Pago] [DiscoveryClient-InstanceInfoReplicator-%d] com.netflix.discovery.DiscoveryClient    : DiscoveryClient_PAGO/localhost:Pago:8085: registering service...
2026-06-21T16:24:55.172-04:00  INFO 6076 --- [Pago] [main] o.s.boot.tomcat.TomcatWebServer          : Tomcat started on port 8085 (http) with context path '/'
2026-06-21T16:24:55.173-04:00  INFO 6076 --- [Pago] [main] .s.c.n.e.s.EurekaAutoServiceRegistration : Updating port to 8085
2026-06-21T16:24:55.181-04:00  INFO 6076 --- [Pago] [DiscoveryClient-InstanceInfoReplicator-%d] com.netflix.discovery.DiscoveryClient    : DiscoveryClient_PAGO/localhost:Pago:8085 - registration status: 204
2026-06-21T16:24:56.184-04:00  INFO 6076 --- [Pago] [main] o.s.cloud.commons.util.InetUtils         : Cannot determine local hostname
2026-06-21T16:24:56.192-04:00  INFO 6076 --- [Pago] [main] com.example.Pago.PagoApplication         : Started PagoApplication in 9.638 seconds (process running for 10.138)
2026-06-21T16:24:56.298-04:00 DEBUG 6076 --- [Pago] [main] org.hibernate.SQL                        : insert into pagos (moto_id,cliente_id,sale_id) values (?,?,?)
2026-06-21T16:24:56.329-04:00 DEBUG 6076 --- [Pago] [main] org.hibernate.SQL                        : insert into pagos (moto_id,cliente_id,sale_id) values (?,?,?)
2026-06-21T16:24:56.333-04:00 DEBUG 6076 --- [Pago] [main] org.hibernate.SQL                        : insert into pagos (moto_id,cliente_id,sale_id) values (?,?,?)
2026-06-21T16:24:56.335-04:00 DEBUG 6076 --- [Pago] [main] org.hibernate.SQL                        : insert into pagos (moto_id,cliente_id,sale_id) values (?,?,?)
2026-06-21T16:24:56.339-04:00 DEBUG 6076 --- [Pago] [main] org.hibernate.SQL                        : insert into pagos (moto_id,cliente_id,sale_id) values (?,?,?)
2026-06-21T16:24:56.342-04:00 DEBUG 6076 --- [Pago] [main] org.hibernate.SQL                        : insert into pagos (moto_id,cliente_id,sale_id) values (?,?,?)
2026-06-21T16:24:56.345-04:00 DEBUG 6076 --- [Pago] [main] org.hibernate.SQL                        : insert into pagos (moto_id,cliente_id,sale_id) values (?,?,?)
2026-06-21T16:24:56.349-04:00 DEBUG 6076 --- [Pago] [main] org.hibernate.SQL                        : insert into pagos (moto_id,cliente_id,sale_id) values (?,?,?)
2026-06-21T16:24:56.355-04:00 DEBUG 6076 --- [Pago] [main] org.hibernate.SQL                        : insert into pagos (moto_id,cliente_id,sale_id) values (?,?,?)
2026-06-21T16:24:56.359-04:00 DEBUG 6076 --- [Pago] [main] org.hibernate.SQL                        : insert into pagos (moto_id,cliente_id,sale_id) values (?,?,?)
2026-06-21T16:24:56.364-04:00 DEBUG 6076 --- [Pago] [main] org.hibernate.SQL                        : insert into pagos (moto_id,cliente_id,sale_id) values (?,?,?)
2026-06-21T16:24:56.370-04:00 DEBUG 6076 --- [Pago] [main] org.hibernate.SQL                        : insert into pagos (moto_id,cliente_id,sale_id) values (?,?,?)
2026-06-21T16:24:56.372-04:00 DEBUG 6076 --- [Pago] [main] org.hibernate.SQL                        : insert into pagos (moto_id,cliente_id,sale_id) values (?,?,?)
2026-06-21T16:24:56.375-04:00 DEBUG 6076 --- [Pago] [main] org.hibernate.SQL                        : insert into pagos (moto_id,cliente_id,sale_id) values (?,?,?)
2026-06-21T16:24:56.380-04:00 DEBUG 6076 --- [Pago] [main] org.hibernate.SQL                        : insert into pagos (moto_id,cliente_id,sale_id) values (?,?,?)
2026-06-21T16:24:56.484-04:00 DEBUG 6076 --- [Pago] [main] org.hibernate.SQL                        : select p1_0.id,p1_0.moto_id,p1_0.cliente_id,p1_0.sale_id from pagos p1_0
2026-06-21T16:28:02.463-04:00  INFO 15980 --- [Pago] [main] com.example.Pago.PagoApplication         : Starting PagoApplication using Java 21.0.10 with PID 15980 (C:\Users\GAMER\Downloads\ProyectoFullstack\Pago\target\classes started by GAMER in C:\Users\GAMER\Downloads\ProyectoFullstack)
2026-06-21T16:28:02.466-04:00  INFO 15980 --- [Pago] [main] com.example.Pago.PagoApplication         : No active profile set, falling back to 1 default profile: "default"
2026-06-21T16:28:03.420-04:00  INFO 15980 --- [Pago] [main] .s.d.r.c.RepositoryConfigurationDelegate : Bootstrapping Spring Data JPA repositories in DEFAULT mode.
2026-06-21T16:28:03.528-04:00  INFO 15980 --- [Pago] [main] .s.d.r.c.RepositoryConfigurationDelegate : Finished Spring Data repository scanning in 99 ms. Found 1 JPA repository interface.
2026-06-21T16:28:03.775-04:00  INFO 15980 --- [Pago] [main] o.s.cloud.context.scope.GenericScope     : BeanFactory id=b1044ff5-9abf-3294-a9a0-4a156b25e176
2026-06-21T16:28:04.303-04:00  INFO 15980 --- [Pago] [main] o.s.boot.tomcat.TomcatWebServer          : Tomcat initialized with port 8085 (http)
2026-06-21T16:28:04.322-04:00  INFO 15980 --- [Pago] [main] o.apache.catalina.core.StandardService   : Starting service [Tomcat]
2026-06-21T16:28:04.323-04:00  INFO 15980 --- [Pago] [main] o.apache.catalina.core.StandardEngine    : Starting Servlet engine: [Apache Tomcat/11.0.21]
2026-06-21T16:28:04.410-04:00  INFO 15980 --- [Pago] [main] b.w.c.s.WebApplicationContextInitializer : Root WebApplicationContext: initialization completed in 1893 ms
2026-06-21T16:28:04.819-04:00  INFO 15980 --- [Pago] [main] com.zaxxer.hikari.HikariDataSource       : HikariPool-1 - Starting...
2026-06-21T16:28:05.208-04:00  INFO 15980 --- [Pago] [main] com.zaxxer.hikari.pool.HikariPool        : HikariPool-1 - Added connection com.mysql.cj.jdbc.ConnectionImpl@4d065e1a
2026-06-21T16:28:05.210-04:00  INFO 15980 --- [Pago] [main] com.zaxxer.hikari.HikariDataSource       : HikariPool-1 - Start completed.
2026-06-21T16:28:05.259-04:00  INFO 15980 --- [Pago] [main] org.flywaydb.core.FlywayExecutor         : Database: jdbc:mysql://localhost:3306/db_pagos?createDatabaseIfNotExist=true (MySQL 8.0)
2026-06-21T16:28:05.316-04:00  INFO 15980 --- [Pago] [main] o.f.core.internal.command.DbValidate     : Successfully validated 1 migration (execution time 00:00.027s)
2026-06-21T16:28:05.332-04:00  INFO 15980 --- [Pago] [main] o.f.core.internal.command.DbMigrate      : Current version of schema `db_pagos`: 1
2026-06-21T16:28:05.338-04:00  INFO 15980 --- [Pago] [main] o.f.core.internal.command.DbMigrate      : Schema `db_pagos` is up to date. No migration necessary.
2026-06-21T16:28:05.438-04:00  INFO 15980 --- [Pago] [main] org.hibernate.orm.jpa                    : HHH008540: Processing PersistenceUnitInfo [name: default]
2026-06-21T16:28:05.494-04:00  INFO 15980 --- [Pago] [main] org.hibernate.orm.core                   : HHH000001: Hibernate ORM core version 7.2.12.Final
2026-06-21T16:28:05.934-04:00  INFO 15980 --- [Pago] [main] o.s.o.j.p.SpringPersistenceUnitInfo      : No LoadTimeWeaver setup: ignoring JPA class transformer
2026-06-21T16:28:06.026-04:00  INFO 15980 --- [Pago] [main] org.hibernate.orm.connections.pooling    : HHH10001005: Database info:
	Database JDBC URL [jdbc:mysql://localhost:3306/db_pagos?createDatabaseIfNotExist=true]
	Database driver: MySQL Connector/J
	Database dialect: MySQLDialect
	Database version: 8.0.46
	Default catalog/schema: db_pagos/undefined
	Autocommit mode: undefined/unknown
	Isolation level: REPEATABLE_READ [default REPEATABLE_READ]
	JDBC fetch size: none
	Pool: DataSourceConnectionProvider
	Minimum pool size: undefined/unknown
	Maximum pool size: undefined/unknown
2026-06-21T16:28:06.645-04:00  INFO 15980 --- [Pago] [main] org.hibernate.orm.core                   : HHH000489: No JTA platform available (set 'hibernate.transaction.jta.platform' to enable JTA platform integration)
2026-06-21T16:28:06.684-04:00 DEBUG 15980 --- [Pago] [main] org.hibernate.SQL                        : alter table pagos add column amount float(53)
2026-06-21T16:28:06.695-04:00 DEBUG 15980 --- [Pago] [main] org.hibernate.SQL                        : alter table pagos modify column estado varchar(255)
2026-06-21T16:28:06.719-04:00 DEBUG 15980 --- [Pago] [main] org.hibernate.SQL                        : alter table pagos modify column metodo_pago varchar(255)
2026-06-21T16:28:06.744-04:00  INFO 15980 --- [Pago] [main] j.LocalContainerEntityManagerFactoryBean : Initialized JPA EntityManagerFactory for persistence unit 'default'
2026-06-21T16:28:06.818-04:00  INFO 15980 --- [Pago] [main] o.s.d.j.r.query.QueryEnhancerFactories   : Hibernate is in classpath; If applicable, HQL parser will be used.
2026-06-21T16:28:07.059-04:00  WARN 15980 --- [Pago] [main] JpaBaseConfiguration$JpaWebConfiguration : spring.jpa.open-in-view is enabled by default. Therefore, database queries may be performed during view rendering. Explicitly configure spring.jpa.open-in-view to disable this warning
2026-06-21T16:28:08.091-04:00  INFO 15980 --- [Pago] [main] o.s.cloud.commons.util.InetUtils         : Cannot determine local hostname
2026-06-21T16:28:08.176-04:00  INFO 15980 --- [Pago] [main] o.s.c.openfeign.FeignClientFactoryBean   : For 'Cliente' URL not provided. Will try picking an instance via load-balancing.
2026-06-21T16:28:08.285-04:00  INFO 15980 --- [Pago] [main] o.s.v.b.OptionalValidatorFactoryBean     : Failed to set up a Bean Validation provider: jakarta.validation.NoProviderFoundException: Unable to create a Configuration, because no Jakarta Validation provider could be found. Add a provider like Hibernate Validator (RI) to your classpath.
2026-06-21T16:28:09.755-04:00  INFO 15980 --- [Pago] [main] o.s.cloud.commons.util.InetUtils         : Cannot determine local hostname
2026-06-21T16:28:09.774-04:00  INFO 15980 --- [Pago] [main] DiscoveryClientOptionalArgsConfiguration : Eureka HTTP Client uses RestClient.
2026-06-21T16:28:09.801-04:00  WARN 15980 --- [Pago] [main] iguration$LoadBalancerCaffeineWarnLogger : Spring Cloud LoadBalancer is currently working with the default cache. While this cache implementation is useful for development and tests, it's recommended to use Caffeine cache in production.You can switch to using Caffeine cache, by adding it and org.springframework.cache.caffeine.CaffeineCacheManager to the classpath.
2026-06-21T16:28:09.827-04:00  INFO 15980 --- [Pago] [main] o.s.c.n.eureka.InstanceInfoFactory       : Setting initial instance status as: STARTING
2026-06-21T16:28:09.848-04:00  INFO 15980 --- [Pago] [main] com.netflix.discovery.DiscoveryClient    : Initializing Eureka in region us-east-1
2026-06-21T16:28:09.852-04:00  INFO 15980 --- [Pago] [main] c.n.d.s.r.aws.ConfigClusterResolver      : Resolving eureka endpoints via configuration
2026-06-21T16:28:09.861-04:00  INFO 15980 --- [Pago] [main] com.netflix.discovery.DiscoveryClient    : Disable delta property : false
2026-06-21T16:28:09.861-04:00  INFO 15980 --- [Pago] [main] com.netflix.discovery.DiscoveryClient    : Single vip registry refresh property : null
2026-06-21T16:28:09.861-04:00  INFO 15980 --- [Pago] [main] com.netflix.discovery.DiscoveryClient    : Force full registry fetch : false
2026-06-21T16:28:09.861-04:00  INFO 15980 --- [Pago] [main] com.netflix.discovery.DiscoveryClient    : Application is null : false
2026-06-21T16:28:09.861-04:00  INFO 15980 --- [Pago] [main] com.netflix.discovery.DiscoveryClient    : Registered Applications size is zero : true
2026-06-21T16:28:09.862-04:00  INFO 15980 --- [Pago] [main] com.netflix.discovery.DiscoveryClient    : Application version is -1: true
2026-06-21T16:28:09.862-04:00  INFO 15980 --- [Pago] [main] com.netflix.discovery.DiscoveryClient    : Getting all instance registry info from the eureka server
2026-06-21T16:28:10.116-04:00  INFO 15980 --- [Pago] [main] com.netflix.discovery.DiscoveryClient    : The response status is 200
2026-06-21T16:28:10.118-04:00  INFO 15980 --- [Pago] [main] com.netflix.discovery.DiscoveryClient    : Starting heartbeat executor: renew interval is: 30
2026-06-21T16:28:10.120-04:00  INFO 15980 --- [Pago] [main] c.n.discovery.InstanceInfoReplicator     : InstanceInfoReplicator onDemand update allowed rate per min is 4
2026-06-21T16:28:10.122-04:00  INFO 15980 --- [Pago] [main] com.netflix.discovery.DiscoveryClient    : Discovery Client initialized at timestamp 1782073690121 with initial instances count: 3
2026-06-21T16:28:10.125-04:00  INFO 15980 --- [Pago] [main] o.s.c.n.e.s.EurekaServiceRegistry        : Registering application PAGO with eureka with status UP
2026-06-21T16:28:10.126-04:00  INFO 15980 --- [Pago] [main] com.netflix.discovery.DiscoveryClient    : Saw local status change event StatusChangeEvent [timestamp=1782073690126, current=UP, previous=STARTING]
2026-06-21T16:28:10.127-04:00  INFO 15980 --- [Pago] [DiscoveryClient-InstanceInfoReplicator-%d] com.netflix.discovery.DiscoveryClient    : DiscoveryClient_PAGO/localhost:Pago:8085: registering service...
2026-06-21T16:28:10.146-04:00  INFO 15980 --- [Pago] [main] o.s.boot.tomcat.TomcatWebServer          : Tomcat started on port 8085 (http) with context path '/'
2026-06-21T16:28:10.147-04:00  INFO 15980 --- [Pago] [main] .s.c.n.e.s.EurekaAutoServiceRegistration : Updating port to 8085
2026-06-21T16:28:10.157-04:00  INFO 15980 --- [Pago] [DiscoveryClient-InstanceInfoReplicator-%d] com.netflix.discovery.DiscoveryClient    : DiscoveryClient_PAGO/localhost:Pago:8085 - registration status: 204
2026-06-21T16:28:11.156-04:00  INFO 15980 --- [Pago] [main] o.s.cloud.commons.util.InetUtils         : Cannot determine local hostname
2026-06-21T16:28:11.163-04:00  INFO 15980 --- [Pago] [main] com.example.Pago.PagoApplication         : Started PagoApplication in 10.106 seconds (process running for 10.61)
2026-06-21T16:28:11.237-04:00 DEBUG 15980 --- [Pago] [main] org.hibernate.SQL                        : insert into pagos (moto_id,amount,cliente_id,estado,metodo_pago,sale_id) values (?,?,?,?,?,?)
2026-06-21T16:28:11.270-04:00 DEBUG 15980 --- [Pago] [main] org.hibernate.SQL                        : insert into pagos (moto_id,amount,cliente_id,estado,metodo_pago,sale_id) values (?,?,?,?,?,?)
2026-06-21T16:28:11.272-04:00 DEBUG 15980 --- [Pago] [main] org.hibernate.SQL                        : insert into pagos (moto_id,amount,cliente_id,estado,metodo_pago,sale_id) values (?,?,?,?,?,?)
2026-06-21T16:28:11.276-04:00 DEBUG 15980 --- [Pago] [main] org.hibernate.SQL                        : insert into pagos (moto_id,amount,cliente_id,estado,metodo_pago,sale_id) values (?,?,?,?,?,?)
2026-06-21T16:28:11.280-04:00 DEBUG 15980 --- [Pago] [main] org.hibernate.SQL                        : insert into pagos (moto_id,amount,cliente_id,estado,metodo_pago,sale_id) values (?,?,?,?,?,?)
2026-06-21T16:28:11.284-04:00 DEBUG 15980 --- [Pago] [main] org.hibernate.SQL                        : insert into pagos (moto_id,amount,cliente_id,estado,metodo_pago,sale_id) values (?,?,?,?,?,?)
2026-06-21T16:28:11.287-04:00 DEBUG 15980 --- [Pago] [main] org.hibernate.SQL                        : insert into pagos (moto_id,amount,cliente_id,estado,metodo_pago,sale_id) values (?,?,?,?,?,?)
2026-06-21T16:28:11.292-04:00 DEBUG 15980 --- [Pago] [main] org.hibernate.SQL                        : insert into pagos (moto_id,amount,cliente_id,estado,metodo_pago,sale_id) values (?,?,?,?,?,?)
2026-06-21T16:28:11.295-04:00 DEBUG 15980 --- [Pago] [main] org.hibernate.SQL                        : insert into pagos (moto_id,amount,cliente_id,estado,metodo_pago,sale_id) values (?,?,?,?,?,?)
2026-06-21T16:28:11.298-04:00 DEBUG 15980 --- [Pago] [main] org.hibernate.SQL                        : insert into pagos (moto_id,amount,cliente_id,estado,metodo_pago,sale_id) values (?,?,?,?,?,?)
2026-06-21T16:28:11.301-04:00 DEBUG 15980 --- [Pago] [main] org.hibernate.SQL                        : insert into pagos (moto_id,amount,cliente_id,estado,metodo_pago,sale_id) values (?,?,?,?,?,?)
2026-06-21T16:28:11.306-04:00 DEBUG 15980 --- [Pago] [main] org.hibernate.SQL                        : insert into pagos (moto_id,amount,cliente_id,estado,metodo_pago,sale_id) values (?,?,?,?,?,?)
2026-06-21T16:28:11.309-04:00 DEBUG 15980 --- [Pago] [main] org.hibernate.SQL                        : insert into pagos (moto_id,amount,cliente_id,estado,metodo_pago,sale_id) values (?,?,?,?,?,?)
2026-06-21T16:28:11.313-04:00 DEBUG 15980 --- [Pago] [main] org.hibernate.SQL                        : insert into pagos (moto_id,amount,cliente_id,estado,metodo_pago,sale_id) values (?,?,?,?,?,?)
2026-06-21T16:28:11.315-04:00 DEBUG 15980 --- [Pago] [main] org.hibernate.SQL                        : insert into pagos (moto_id,amount,cliente_id,estado,metodo_pago,sale_id) values (?,?,?,?,?,?)
2026-06-21T16:28:11.424-04:00 DEBUG 15980 --- [Pago] [main] org.hibernate.SQL                        : select p1_0.id,p1_0.moto_id,p1_0.amount,p1_0.cliente_id,p1_0.estado,p1_0.metodo_pago,p1_0.sale_id from pagos p1_0
2026-06-21T16:28:58.974-04:00  INFO 8224 --- [Pago] [main] com.example.Pago.PagoApplication         : Starting PagoApplication using Java 21.0.10 with PID 8224 (C:\Users\GAMER\Downloads\ProyectoFullstack\Pago\target\classes started by GAMER in C:\Users\GAMER\Downloads\ProyectoFullstack)
2026-06-21T16:28:58.977-04:00  INFO 8224 --- [Pago] [main] com.example.Pago.PagoApplication         : No active profile set, falling back to 1 default profile: "default"
2026-06-21T16:28:59.815-04:00  INFO 8224 --- [Pago] [main] .s.d.r.c.RepositoryConfigurationDelegate : Bootstrapping Spring Data JPA repositories in DEFAULT mode.
2026-06-21T16:28:59.916-04:00  INFO 8224 --- [Pago] [main] .s.d.r.c.RepositoryConfigurationDelegate : Finished Spring Data repository scanning in 94 ms. Found 1 JPA repository interface.
2026-06-21T16:29:00.109-04:00  INFO 8224 --- [Pago] [main] o.s.cloud.context.scope.GenericScope     : BeanFactory id=b1044ff5-9abf-3294-a9a0-4a156b25e176
2026-06-21T16:29:00.526-04:00  INFO 8224 --- [Pago] [main] o.s.boot.tomcat.TomcatWebServer          : Tomcat initialized with port 8085 (http)
2026-06-21T16:29:00.542-04:00  INFO 8224 --- [Pago] [main] o.apache.catalina.core.StandardService   : Starting service [Tomcat]
2026-06-21T16:29:00.542-04:00  INFO 8224 --- [Pago] [main] o.apache.catalina.core.StandardEngine    : Starting Servlet engine: [Apache Tomcat/11.0.21]
2026-06-21T16:29:00.623-04:00  INFO 8224 --- [Pago] [main] b.w.c.s.WebApplicationContextInitializer : Root WebApplicationContext: initialization completed in 1593 ms
2026-06-21T16:29:00.949-04:00  INFO 8224 --- [Pago] [main] com.zaxxer.hikari.HikariDataSource       : HikariPool-1 - Starting...
2026-06-21T16:29:01.362-04:00  INFO 8224 --- [Pago] [main] com.zaxxer.hikari.pool.HikariPool        : HikariPool-1 - Added connection com.mysql.cj.jdbc.ConnectionImpl@226e07e7
2026-06-21T16:29:01.366-04:00  INFO 8224 --- [Pago] [main] com.zaxxer.hikari.HikariDataSource       : HikariPool-1 - Start completed.
2026-06-21T16:29:01.414-04:00  INFO 8224 --- [Pago] [main] org.flywaydb.core.FlywayExecutor         : Database: jdbc:mysql://localhost:3306/db_pagos?createDatabaseIfNotExist=true (MySQL 8.0)
2026-06-21T16:29:01.449-04:00  INFO 8224 --- [Pago] [main] o.f.c.i.s.JdbcTableSchemaHistory         : Schema history table `db_pagos`.`flyway_schema_history` does not exist yet
2026-06-21T16:29:01.451-04:00  INFO 8224 --- [Pago] [main] o.f.core.internal.command.DbValidate     : Successfully validated 1 migration (execution time 00:00.015s)
2026-06-21T16:29:01.468-04:00  INFO 8224 --- [Pago] [main] o.f.c.i.s.JdbcTableSchemaHistory         : Creating Schema History table `db_pagos`.`flyway_schema_history` ...
2026-06-21T16:29:01.523-04:00  INFO 8224 --- [Pago] [main] o.f.core.internal.command.DbMigrate      : Current version of schema `db_pagos`: << Empty Schema >>
2026-06-21T16:29:01.531-04:00  INFO 8224 --- [Pago] [main] o.f.core.internal.command.DbMigrate      : Migrating schema `db_pagos` to version "1 - Pago"
2026-06-21T16:29:01.578-04:00  INFO 8224 --- [Pago] [main] o.f.core.internal.command.DbMigrate      : Successfully applied 1 migration to schema `db_pagos`, now at version v1 (execution time 00:00.019s)
2026-06-21T16:29:01.671-04:00  INFO 8224 --- [Pago] [main] org.hibernate.orm.jpa                    : HHH008540: Processing PersistenceUnitInfo [name: default]
2026-06-21T16:29:01.717-04:00  INFO 8224 --- [Pago] [main] org.hibernate.orm.core                   : HHH000001: Hibernate ORM core version 7.2.12.Final
2026-06-21T16:29:02.068-04:00  INFO 8224 --- [Pago] [main] o.s.o.j.p.SpringPersistenceUnitInfo      : No LoadTimeWeaver setup: ignoring JPA class transformer
2026-06-21T16:29:02.133-04:00  INFO 8224 --- [Pago] [main] org.hibernate.orm.connections.pooling    : HHH10001005: Database info:
	Database JDBC URL [jdbc:mysql://localhost:3306/db_pagos?createDatabaseIfNotExist=true]
	Database driver: MySQL Connector/J
	Database dialect: MySQLDialect
	Database version: 8.0.46
	Default catalog/schema: db_pagos/undefined
	Autocommit mode: undefined/unknown
	Isolation level: REPEATABLE_READ [default REPEATABLE_READ]
	JDBC fetch size: none
	Pool: DataSourceConnectionProvider
	Minimum pool size: undefined/unknown
	Maximum pool size: undefined/unknown
2026-06-21T16:29:02.694-04:00  INFO 8224 --- [Pago] [main] org.hibernate.orm.core                   : HHH000489: No JTA platform available (set 'hibernate.transaction.jta.platform' to enable JTA platform integration)
2026-06-21T16:29:02.739-04:00 DEBUG 8224 --- [Pago] [main] org.hibernate.SQL                        : alter table pagos add column cliente_id bigint
2026-06-21T16:29:02.758-04:00 DEBUG 8224 --- [Pago] [main] org.hibernate.SQL                        : alter table pagos modify column estado varchar(255)
2026-06-21T16:29:02.781-04:00 DEBUG 8224 --- [Pago] [main] org.hibernate.SQL                        : alter table pagos modify column metodo_pago varchar(255)
2026-06-21T16:29:02.801-04:00 DEBUG 8224 --- [Pago] [main] org.hibernate.SQL                        : alter table pagos modify column monto float(53)
2026-06-21T16:29:02.823-04:00 DEBUG 8224 --- [Pago] [main] org.hibernate.SQL                        : alter table pagos add column moto_id bigint
2026-06-21T16:29:02.839-04:00  INFO 8224 --- [Pago] [main] j.LocalContainerEntityManagerFactoryBean : Initialized JPA EntityManagerFactory for persistence unit 'default'
2026-06-21T16:29:02.903-04:00  INFO 8224 --- [Pago] [main] o.s.d.j.r.query.QueryEnhancerFactories   : Hibernate is in classpath; If applicable, HQL parser will be used.
2026-06-21T16:29:03.105-04:00  WARN 8224 --- [Pago] [main] JpaBaseConfiguration$JpaWebConfiguration : spring.jpa.open-in-view is enabled by default. Therefore, database queries may be performed during view rendering. Explicitly configure spring.jpa.open-in-view to disable this warning
2026-06-21T16:29:04.139-04:00  INFO 8224 --- [Pago] [main] o.s.cloud.commons.util.InetUtils         : Cannot determine local hostname
2026-06-21T16:29:04.215-04:00  INFO 8224 --- [Pago] [main] o.s.c.openfeign.FeignClientFactoryBean   : For 'Cliente' URL not provided. Will try picking an instance via load-balancing.
2026-06-21T16:29:04.298-04:00  INFO 8224 --- [Pago] [main] o.s.v.b.OptionalValidatorFactoryBean     : Failed to set up a Bean Validation provider: jakarta.validation.NoProviderFoundException: Unable to create a Configuration, because no Jakarta Validation provider could be found. Add a provider like Hibernate Validator (RI) to your classpath.
2026-06-21T16:29:05.681-04:00  INFO 8224 --- [Pago] [main] o.s.cloud.commons.util.InetUtils         : Cannot determine local hostname
2026-06-21T16:29:05.699-04:00  INFO 8224 --- [Pago] [main] DiscoveryClientOptionalArgsConfiguration : Eureka HTTP Client uses RestClient.
2026-06-21T16:29:05.721-04:00  WARN 8224 --- [Pago] [main] iguration$LoadBalancerCaffeineWarnLogger : Spring Cloud LoadBalancer is currently working with the default cache. While this cache implementation is useful for development and tests, it's recommended to use Caffeine cache in production.You can switch to using Caffeine cache, by adding it and org.springframework.cache.caffeine.CaffeineCacheManager to the classpath.
2026-06-21T16:29:05.747-04:00  INFO 8224 --- [Pago] [main] o.s.c.n.eureka.InstanceInfoFactory       : Setting initial instance status as: STARTING
2026-06-21T16:29:05.770-04:00  INFO 8224 --- [Pago] [main] com.netflix.discovery.DiscoveryClient    : Initializing Eureka in region us-east-1
2026-06-21T16:29:05.773-04:00  INFO 8224 --- [Pago] [main] c.n.d.s.r.aws.ConfigClusterResolver      : Resolving eureka endpoints via configuration
2026-06-21T16:29:05.782-04:00  INFO 8224 --- [Pago] [main] com.netflix.discovery.DiscoveryClient    : Disable delta property : false
2026-06-21T16:29:05.782-04:00  INFO 8224 --- [Pago] [main] com.netflix.discovery.DiscoveryClient    : Single vip registry refresh property : null
2026-06-21T16:29:05.784-04:00  INFO 8224 --- [Pago] [main] com.netflix.discovery.DiscoveryClient    : Force full registry fetch : false
2026-06-21T16:29:05.784-04:00  INFO 8224 --- [Pago] [main] com.netflix.discovery.DiscoveryClient    : Application is null : false
2026-06-21T16:29:05.784-04:00  INFO 8224 --- [Pago] [main] com.netflix.discovery.DiscoveryClient    : Registered Applications size is zero : true
2026-06-21T16:29:05.784-04:00  INFO 8224 --- [Pago] [main] com.netflix.discovery.DiscoveryClient    : Application version is -1: true
2026-06-21T16:29:05.784-04:00  INFO 8224 --- [Pago] [main] com.netflix.discovery.DiscoveryClient    : Getting all instance registry info from the eureka server
2026-06-21T16:29:06.001-04:00  INFO 8224 --- [Pago] [main] com.netflix.discovery.DiscoveryClient    : The response status is 200
2026-06-21T16:29:06.003-04:00  INFO 8224 --- [Pago] [main] com.netflix.discovery.DiscoveryClient    : Starting heartbeat executor: renew interval is: 30
2026-06-21T16:29:06.004-04:00  INFO 8224 --- [Pago] [main] c.n.discovery.InstanceInfoReplicator     : InstanceInfoReplicator onDemand update allowed rate per min is 4
2026-06-21T16:29:06.005-04:00  INFO 8224 --- [Pago] [main] com.netflix.discovery.DiscoveryClient    : Discovery Client initialized at timestamp 1782073746005 with initial instances count: 3
2026-06-21T16:29:06.008-04:00  INFO 8224 --- [Pago] [main] o.s.c.n.e.s.EurekaServiceRegistry        : Registering application PAGO with eureka with status UP
2026-06-21T16:29:06.008-04:00  INFO 8224 --- [Pago] [main] com.netflix.discovery.DiscoveryClient    : Saw local status change event StatusChangeEvent [timestamp=1782073746008, current=UP, previous=STARTING]
2026-06-21T16:29:06.010-04:00  INFO 8224 --- [Pago] [DiscoveryClient-InstanceInfoReplicator-%d] com.netflix.discovery.DiscoveryClient    : DiscoveryClient_PAGO/localhost:Pago:8085: registering service...
2026-06-21T16:29:06.026-04:00  INFO 8224 --- [Pago] [main] o.s.boot.tomcat.TomcatWebServer          : Tomcat started on port 8085 (http) with context path '/'
2026-06-21T16:29:06.027-04:00  INFO 8224 --- [Pago] [main] .s.c.n.e.s.EurekaAutoServiceRegistration : Updating port to 8085
2026-06-21T16:29:06.034-04:00  INFO 8224 --- [Pago] [DiscoveryClient-InstanceInfoReplicator-%d] com.netflix.discovery.DiscoveryClient    : DiscoveryClient_PAGO/localhost:Pago:8085 - registration status: 204
2026-06-21T16:29:07.037-04:00  INFO 8224 --- [Pago] [main] o.s.cloud.commons.util.InetUtils         : Cannot determine local hostname
2026-06-21T16:29:07.044-04:00  INFO 8224 --- [Pago] [main] com.example.Pago.PagoApplication         : Started PagoApplication in 9.495 seconds (process running for 9.993)
2026-06-21T16:29:07.117-04:00 DEBUG 8224 --- [Pago] [main] org.hibernate.SQL                        : insert into pagos (cliente_id,estado,metodo_pago,monto,moto_id,sale_id) values (?,?,?,?,?,?)
2026-06-21T16:29:07.150-04:00 DEBUG 8224 --- [Pago] [main] org.hibernate.SQL                        : insert into pagos (cliente_id,estado,metodo_pago,monto,moto_id,sale_id) values (?,?,?,?,?,?)
2026-06-21T16:29:07.154-04:00 DEBUG 8224 --- [Pago] [main] org.hibernate.SQL                        : insert into pagos (cliente_id,estado,metodo_pago,monto,moto_id,sale_id) values (?,?,?,?,?,?)
2026-06-21T16:29:07.158-04:00 DEBUG 8224 --- [Pago] [main] org.hibernate.SQL                        : insert into pagos (cliente_id,estado,metodo_pago,monto,moto_id,sale_id) values (?,?,?,?,?,?)
2026-06-21T16:29:07.163-04:00 DEBUG 8224 --- [Pago] [main] org.hibernate.SQL                        : insert into pagos (cliente_id,estado,metodo_pago,monto,moto_id,sale_id) values (?,?,?,?,?,?)
2026-06-21T16:29:07.168-04:00 DEBUG 8224 --- [Pago] [main] org.hibernate.SQL                        : insert into pagos (cliente_id,estado,metodo_pago,monto,moto_id,sale_id) values (?,?,?,?,?,?)
2026-06-21T16:29:07.171-04:00 DEBUG 8224 --- [Pago] [main] org.hibernate.SQL                        : insert into pagos (cliente_id,estado,metodo_pago,monto,moto_id,sale_id) values (?,?,?,?,?,?)
2026-06-21T16:29:07.175-04:00 DEBUG 8224 --- [Pago] [main] org.hibernate.SQL                        : insert into pagos (cliente_id,estado,metodo_pago,monto,moto_id,sale_id) values (?,?,?,?,?,?)
2026-06-21T16:29:07.178-04:00 DEBUG 8224 --- [Pago] [main] org.hibernate.SQL                        : insert into pagos (cliente_id,estado,metodo_pago,monto,moto_id,sale_id) values (?,?,?,?,?,?)
2026-06-21T16:29:07.182-04:00 DEBUG 8224 --- [Pago] [main] org.hibernate.SQL                        : insert into pagos (cliente_id,estado,metodo_pago,monto,moto_id,sale_id) values (?,?,?,?,?,?)
2026-06-21T16:29:07.186-04:00 DEBUG 8224 --- [Pago] [main] org.hibernate.SQL                        : insert into pagos (cliente_id,estado,metodo_pago,monto,moto_id,sale_id) values (?,?,?,?,?,?)
2026-06-21T16:29:07.191-04:00 DEBUG 8224 --- [Pago] [main] org.hibernate.SQL                        : insert into pagos (cliente_id,estado,metodo_pago,monto,moto_id,sale_id) values (?,?,?,?,?,?)
2026-06-21T16:29:07.195-04:00 DEBUG 8224 --- [Pago] [main] org.hibernate.SQL                        : insert into pagos (cliente_id,estado,metodo_pago,monto,moto_id,sale_id) values (?,?,?,?,?,?)
2026-06-21T16:29:07.200-04:00 DEBUG 8224 --- [Pago] [main] org.hibernate.SQL                        : insert into pagos (cliente_id,estado,metodo_pago,monto,moto_id,sale_id) values (?,?,?,?,?,?)
2026-06-21T16:29:07.203-04:00 DEBUG 8224 --- [Pago] [main] org.hibernate.SQL                        : insert into pagos (cliente_id,estado,metodo_pago,monto,moto_id,sale_id) values (?,?,?,?,?,?)
2026-06-21T16:29:07.309-04:00 DEBUG 8224 --- [Pago] [main] org.hibernate.SQL                        : select p1_0.id,p1_0.cliente_id,p1_0.estado,p1_0.metodo_pago,p1_0.monto,p1_0.moto_id,p1_0.sale_id from pagos p1_0
2026-06-21T16:30:17.928-04:00  INFO 10964 --- [Pago] [main] com.example.Pago.PagoApplication         : Starting PagoApplication using Java 21.0.10 with PID 10964 (C:\Users\GAMER\Downloads\ProyectoFullstack\Pago\target\classes started by GAMER in C:\Users\GAMER\Downloads\ProyectoFullstack)
2026-06-21T16:30:17.935-04:00  INFO 10964 --- [Pago] [main] com.example.Pago.PagoApplication         : No active profile set, falling back to 1 default profile: "default"
2026-06-21T16:30:18.731-04:00  INFO 10964 --- [Pago] [main] .s.d.r.c.RepositoryConfigurationDelegate : Bootstrapping Spring Data JPA repositories in DEFAULT mode.
2026-06-21T16:30:18.842-04:00  INFO 10964 --- [Pago] [main] .s.d.r.c.RepositoryConfigurationDelegate : Finished Spring Data repository scanning in 102 ms. Found 1 JPA repository interface.
2026-06-21T16:30:19.044-04:00  INFO 10964 --- [Pago] [main] o.s.cloud.context.scope.GenericScope     : BeanFactory id=b1044ff5-9abf-3294-a9a0-4a156b25e176
2026-06-21T16:30:19.450-04:00  INFO 10964 --- [Pago] [main] o.s.boot.tomcat.TomcatWebServer          : Tomcat initialized with port 8085 (http)
2026-06-21T16:30:19.465-04:00  INFO 10964 --- [Pago] [main] o.apache.catalina.core.StandardService   : Starting service [Tomcat]
2026-06-21T16:30:19.466-04:00  INFO 10964 --- [Pago] [main] o.apache.catalina.core.StandardEngine    : Starting Servlet engine: [Apache Tomcat/11.0.21]
2026-06-21T16:30:19.531-04:00  INFO 10964 --- [Pago] [main] b.w.c.s.WebApplicationContextInitializer : Root WebApplicationContext: initialization completed in 1551 ms
2026-06-21T16:30:19.840-04:00  INFO 10964 --- [Pago] [main] com.zaxxer.hikari.HikariDataSource       : HikariPool-1 - Starting...
2026-06-21T16:30:20.212-04:00  INFO 10964 --- [Pago] [main] com.zaxxer.hikari.pool.HikariPool        : HikariPool-1 - Added connection com.mysql.cj.jdbc.ConnectionImpl@226e07e7
2026-06-21T16:30:20.213-04:00  INFO 10964 --- [Pago] [main] com.zaxxer.hikari.HikariDataSource       : HikariPool-1 - Start completed.
2026-06-21T16:30:20.252-04:00  INFO 10964 --- [Pago] [main] org.flywaydb.core.FlywayExecutor         : Database: jdbc:mysql://localhost:3306/db_pagos?createDatabaseIfNotExist=true (MySQL 8.0)
2026-06-21T16:30:20.291-04:00  INFO 10964 --- [Pago] [main] o.f.c.i.s.JdbcTableSchemaHistory         : Schema history table `db_pagos`.`flyway_schema_history` does not exist yet
2026-06-21T16:30:20.294-04:00  INFO 10964 --- [Pago] [main] o.f.core.internal.command.DbValidate     : Successfully validated 1 migration (execution time 00:00.021s)
2026-06-21T16:30:20.310-04:00  INFO 10964 --- [Pago] [main] o.f.c.i.s.JdbcTableSchemaHistory         : Creating Schema History table `db_pagos`.`flyway_schema_history` ...
2026-06-21T16:30:20.369-04:00  INFO 10964 --- [Pago] [main] o.f.core.internal.command.DbMigrate      : Current version of schema `db_pagos`: << Empty Schema >>
2026-06-21T16:30:20.377-04:00  INFO 10964 --- [Pago] [main] o.f.core.internal.command.DbMigrate      : Migrating schema `db_pagos` to version "1 - Pago"
2026-06-21T16:30:20.418-04:00  INFO 10964 --- [Pago] [main] o.f.core.internal.command.DbMigrate      : Successfully applied 1 migration to schema `db_pagos`, now at version v1 (execution time 00:00.017s)
2026-06-21T16:30:20.504-04:00  INFO 10964 --- [Pago] [main] org.hibernate.orm.jpa                    : HHH008540: Processing PersistenceUnitInfo [name: default]
2026-06-21T16:30:20.550-04:00  INFO 10964 --- [Pago] [main] org.hibernate.orm.core                   : HHH000001: Hibernate ORM core version 7.2.12.Final
2026-06-21T16:30:20.893-04:00  INFO 10964 --- [Pago] [main] o.s.o.j.p.SpringPersistenceUnitInfo      : No LoadTimeWeaver setup: ignoring JPA class transformer
2026-06-21T16:30:20.967-04:00  INFO 10964 --- [Pago] [main] org.hibernate.orm.connections.pooling    : HHH10001005: Database info:
	Database JDBC URL [jdbc:mysql://localhost:3306/db_pagos?createDatabaseIfNotExist=true]
	Database driver: MySQL Connector/J
	Database dialect: MySQLDialect
	Database version: 8.0.46
	Default catalog/schema: db_pagos/undefined
	Autocommit mode: undefined/unknown
	Isolation level: REPEATABLE_READ [default REPEATABLE_READ]
	JDBC fetch size: none
	Pool: DataSourceConnectionProvider
	Minimum pool size: undefined/unknown
	Maximum pool size: undefined/unknown
2026-06-21T16:30:21.537-04:00  INFO 10964 --- [Pago] [main] org.hibernate.orm.core                   : HHH000489: No JTA platform available (set 'hibernate.transaction.jta.platform' to enable JTA platform integration)
2026-06-21T16:30:21.571-04:00 DEBUG 10964 --- [Pago] [main] org.hibernate.SQL                        : alter table pagos add column cliente_id bigint
2026-06-21T16:30:21.589-04:00 DEBUG 10964 --- [Pago] [main] org.hibernate.SQL                        : alter table pagos modify column estado varchar(255)
2026-06-21T16:30:21.609-04:00 DEBUG 10964 --- [Pago] [main] org.hibernate.SQL                        : alter table pagos modify column metodo_pago varchar(255)
2026-06-21T16:30:21.631-04:00 DEBUG 10964 --- [Pago] [main] org.hibernate.SQL                        : alter table pagos modify column monto float(53)
2026-06-21T16:30:21.652-04:00 DEBUG 10964 --- [Pago] [main] org.hibernate.SQL                        : alter table pagos add column moto_id bigint
2026-06-21T16:30:21.669-04:00  INFO 10964 --- [Pago] [main] j.LocalContainerEntityManagerFactoryBean : Initialized JPA EntityManagerFactory for persistence unit 'default'
2026-06-21T16:30:21.730-04:00  INFO 10964 --- [Pago] [main] o.s.d.j.r.query.QueryEnhancerFactories   : Hibernate is in classpath; If applicable, HQL parser will be used.
2026-06-21T16:30:21.937-04:00  WARN 10964 --- [Pago] [main] JpaBaseConfiguration$JpaWebConfiguration : spring.jpa.open-in-view is enabled by default. Therefore, database queries may be performed during view rendering. Explicitly configure spring.jpa.open-in-view to disable this warning
2026-06-21T16:30:22.966-04:00  INFO 10964 --- [Pago] [main] o.s.cloud.commons.util.InetUtils         : Cannot determine local hostname
2026-06-21T16:30:23.040-04:00  INFO 10964 --- [Pago] [main] o.s.c.openfeign.FeignClientFactoryBean   : For 'Cliente' URL not provided. Will try picking an instance via load-balancing.
2026-06-21T16:30:23.122-04:00  INFO 10964 --- [Pago] [main] o.s.v.b.OptionalValidatorFactoryBean     : Failed to set up a Bean Validation provider: jakarta.validation.NoProviderFoundException: Unable to create a Configuration, because no Jakarta Validation provider could be found. Add a provider like Hibernate Validator (RI) to your classpath.
2026-06-21T16:30:24.505-04:00  INFO 10964 --- [Pago] [main] o.s.cloud.commons.util.InetUtils         : Cannot determine local hostname
2026-06-21T16:30:24.523-04:00  INFO 10964 --- [Pago] [main] DiscoveryClientOptionalArgsConfiguration : Eureka HTTP Client uses RestClient.
2026-06-21T16:30:24.545-04:00  WARN 10964 --- [Pago] [main] iguration$LoadBalancerCaffeineWarnLogger : Spring Cloud LoadBalancer is currently working with the default cache. While this cache implementation is useful for development and tests, it's recommended to use Caffeine cache in production.You can switch to using Caffeine cache, by adding it and org.springframework.cache.caffeine.CaffeineCacheManager to the classpath.
2026-06-21T16:30:24.567-04:00  INFO 10964 --- [Pago] [main] o.s.c.n.eureka.InstanceInfoFactory       : Setting initial instance status as: STARTING
2026-06-21T16:30:24.587-04:00  INFO 10964 --- [Pago] [main] com.netflix.discovery.DiscoveryClient    : Initializing Eureka in region us-east-1
2026-06-21T16:30:24.590-04:00  INFO 10964 --- [Pago] [main] c.n.d.s.r.aws.ConfigClusterResolver      : Resolving eureka endpoints via configuration
2026-06-21T16:30:24.599-04:00  INFO 10964 --- [Pago] [main] com.netflix.discovery.DiscoveryClient    : Disable delta property : false
2026-06-21T16:30:24.599-04:00  INFO 10964 --- [Pago] [main] com.netflix.discovery.DiscoveryClient    : Single vip registry refresh property : null
2026-06-21T16:30:24.599-04:00  INFO 10964 --- [Pago] [main] com.netflix.discovery.DiscoveryClient    : Force full registry fetch : false
2026-06-21T16:30:24.599-04:00  INFO 10964 --- [Pago] [main] com.netflix.discovery.DiscoveryClient    : Application is null : false
2026-06-21T16:30:24.600-04:00  INFO 10964 --- [Pago] [main] com.netflix.discovery.DiscoveryClient    : Registered Applications size is zero : true
2026-06-21T16:30:24.600-04:00  INFO 10964 --- [Pago] [main] com.netflix.discovery.DiscoveryClient    : Application version is -1: true
2026-06-21T16:30:24.600-04:00  INFO 10964 --- [Pago] [main] com.netflix.discovery.DiscoveryClient    : Getting all instance registry info from the eureka server
2026-06-21T16:30:24.822-04:00  INFO 10964 --- [Pago] [main] com.netflix.discovery.DiscoveryClient    : The response status is 200
2026-06-21T16:30:24.824-04:00  INFO 10964 --- [Pago] [main] com.netflix.discovery.DiscoveryClient    : Starting heartbeat executor: renew interval is: 30
2026-06-21T16:30:24.825-04:00  INFO 10964 --- [Pago] [main] c.n.discovery.InstanceInfoReplicator     : InstanceInfoReplicator onDemand update allowed rate per min is 4
2026-06-21T16:30:24.832-04:00  INFO 10964 --- [Pago] [main] com.netflix.discovery.DiscoveryClient    : Discovery Client initialized at timestamp 1782073824831 with initial instances count: 3
2026-06-21T16:30:24.835-04:00  INFO 10964 --- [Pago] [main] o.s.c.n.e.s.EurekaServiceRegistry        : Registering application PAGO with eureka with status UP
2026-06-21T16:30:24.835-04:00  INFO 10964 --- [Pago] [main] com.netflix.discovery.DiscoveryClient    : Saw local status change event StatusChangeEvent [timestamp=1782073824835, current=UP, previous=STARTING]
2026-06-21T16:30:24.836-04:00  INFO 10964 --- [Pago] [DiscoveryClient-InstanceInfoReplicator-%d] com.netflix.discovery.DiscoveryClient    : DiscoveryClient_PAGO/localhost:Pago:8085: registering service...
2026-06-21T16:30:24.851-04:00  INFO 10964 --- [Pago] [main] o.s.boot.tomcat.TomcatWebServer          : Tomcat started on port 8085 (http) with context path '/'
2026-06-21T16:30:24.851-04:00  INFO 10964 --- [Pago] [main] .s.c.n.e.s.EurekaAutoServiceRegistration : Updating port to 8085
2026-06-21T16:30:24.860-04:00  INFO 10964 --- [Pago] [DiscoveryClient-InstanceInfoReplicator-%d] com.netflix.discovery.DiscoveryClient    : DiscoveryClient_PAGO/localhost:Pago:8085 - registration status: 204
2026-06-21T16:30:25.859-04:00  INFO 10964 --- [Pago] [main] o.s.cloud.commons.util.InetUtils         : Cannot determine local hostname
2026-06-21T16:30:25.865-04:00  INFO 10964 --- [Pago] [main] com.example.Pago.PagoApplication         : Started PagoApplication in 9.346 seconds (process running for 9.827)
2026-06-21T16:30:25.934-04:00 DEBUG 10964 --- [Pago] [main] org.hibernate.SQL                        : insert into pagos (cliente_id,estado,metodo_pago,monto,moto_id,sale_id) values (?,?,?,?,?,?)
2026-06-21T16:30:25.957-04:00 DEBUG 10964 --- [Pago] [main] org.hibernate.SQL                        : insert into pagos (cliente_id,estado,metodo_pago,monto,moto_id,sale_id) values (?,?,?,?,?,?)
2026-06-21T16:30:25.963-04:00 DEBUG 10964 --- [Pago] [main] org.hibernate.SQL                        : insert into pagos (cliente_id,estado,metodo_pago,monto,moto_id,sale_id) values (?,?,?,?,?,?)
2026-06-21T16:30:25.966-04:00 DEBUG 10964 --- [Pago] [main] org.hibernate.SQL                        : insert into pagos (cliente_id,estado,metodo_pago,monto,moto_id,sale_id) values (?,?,?,?,?,?)
2026-06-21T16:30:25.968-04:00 DEBUG 10964 --- [Pago] [main] org.hibernate.SQL                        : insert into pagos (cliente_id,estado,metodo_pago,monto,moto_id,sale_id) values (?,?,?,?,?,?)
2026-06-21T16:30:25.971-04:00 DEBUG 10964 --- [Pago] [main] org.hibernate.SQL                        : insert into pagos (cliente_id,estado,metodo_pago,monto,moto_id,sale_id) values (?,?,?,?,?,?)
2026-06-21T16:30:25.975-04:00 DEBUG 10964 --- [Pago] [main] org.hibernate.SQL                        : insert into pagos (cliente_id,estado,metodo_pago,monto,moto_id,sale_id) values (?,?,?,?,?,?)
2026-06-21T16:30:25.979-04:00 DEBUG 10964 --- [Pago] [main] org.hibernate.SQL                        : insert into pagos (cliente_id,estado,metodo_pago,monto,moto_id,sale_id) values (?,?,?,?,?,?)
2026-06-21T16:30:25.981-04:00 DEBUG 10964 --- [Pago] [main] org.hibernate.SQL                        : insert into pagos (cliente_id,estado,metodo_pago,monto,moto_id,sale_id) values (?,?,?,?,?,?)
2026-06-21T16:30:25.985-04:00 DEBUG 10964 --- [Pago] [main] org.hibernate.SQL                        : insert into pagos (cliente_id,estado,metodo_pago,monto,moto_id,sale_id) values (?,?,?,?,?,?)
2026-06-21T16:30:25.989-04:00 DEBUG 10964 --- [Pago] [main] org.hibernate.SQL                        : insert into pagos (cliente_id,estado,metodo_pago,monto,moto_id,sale_id) values (?,?,?,?,?,?)
2026-06-21T16:30:25.993-04:00 DEBUG 10964 --- [Pago] [main] org.hibernate.SQL                        : insert into pagos (cliente_id,estado,metodo_pago,monto,moto_id,sale_id) values (?,?,?,?,?,?)
2026-06-21T16:30:25.996-04:00 DEBUG 10964 --- [Pago] [main] org.hibernate.SQL                        : insert into pagos (cliente_id,estado,metodo_pago,monto,moto_id,sale_id) values (?,?,?,?,?,?)
2026-06-21T16:30:26.000-04:00 DEBUG 10964 --- [Pago] [main] org.hibernate.SQL                        : insert into pagos (cliente_id,estado,metodo_pago,monto,moto_id,sale_id) values (?,?,?,?,?,?)
2026-06-21T16:30:26.003-04:00 DEBUG 10964 --- [Pago] [main] org.hibernate.SQL                        : insert into pagos (cliente_id,estado,metodo_pago,monto,moto_id,sale_id) values (?,?,?,?,?,?)
2026-06-21T16:30:26.100-04:00 DEBUG 10964 --- [Pago] [main] org.hibernate.SQL                        : select p1_0.id,p1_0.cliente_id,p1_0.estado,p1_0.metodo_pago,p1_0.monto,p1_0.moto_id,p1_0.sale_id from pagos p1_0
2026-06-21T16:35:24.615-04:00  INFO 10964 --- [Pago] [AsyncResolver-bootstrap-executor-%d] c.n.d.s.r.aws.ConfigClusterResolver      : Resolving eureka endpoints via configuration
2026-06-21T16:40:24.616-04:00  INFO 10964 --- [Pago] [AsyncResolver-bootstrap-executor-%d] c.n.d.s.r.aws.ConfigClusterResolver      : Resolving eureka endpoints via configuration
2026-06-21T16:45:24.631-04:00  INFO 10964 --- [Pago] [AsyncResolver-bootstrap-executor-%d] c.n.d.s.r.aws.ConfigClusterResolver      : Resolving eureka endpoints via configuration
2026-06-21T16:50:24.646-04:00  INFO 10964 --- [Pago] [AsyncResolver-bootstrap-executor-%d] c.n.d.s.r.aws.ConfigClusterResolver      : Resolving eureka endpoints via configuration
2026-06-21T16:55:24.657-04:00  INFO 10964 --- [Pago] [AsyncResolver-bootstrap-executor-%d] c.n.d.s.r.aws.ConfigClusterResolver      : Resolving eureka endpoints via configuration
2026-06-21T17:00:24.668-04:00  INFO 10964 --- [Pago] [AsyncResolver-bootstrap-executor-%d] c.n.d.s.r.aws.ConfigClusterResolver      : Resolving eureka endpoints via configuration
