2026-06-29 00:16:47 [main] INFO  c.e.n.NotificacionApplication - Starting NotificacionApplication using Java 21.0.9 with PID 24836 (C:\Users\matyd\Desktop\Na\ProyectoFullstack\ms-notificacion\target\classes started by matyd in C:\Users\matyd\Desktop\Na\ProyectoFullstack)
2026-06-29 00:16:47 [main] INFO  c.e.n.NotificacionApplication - No active profile set, falling back to 1 default profile: "default"
2026-06-29 00:16:49 [main] INFO  o.s.d.r.c.RepositoryConfigurationDelegate - Bootstrapping Spring Data JPA repositories in DEFAULT mode.
2026-06-29 00:16:50 [main] INFO  o.s.d.r.c.RepositoryConfigurationDelegate - Finished Spring Data repository scanning in 177 ms. Found 1 JPA repository interface.
2026-06-29 00:16:50 [main] INFO  o.s.cloud.context.scope.GenericScope - BeanFactory id=df9fa7e6-0141-3f79-a726-b2f18302aff3
2026-06-29 00:16:50 [main] INFO  o.s.b.w.e.tomcat.TomcatWebServer - Tomcat initialized with port 8086 (http)
2026-06-29 00:16:50 [main] INFO  o.a.coyote.http11.Http11NioProtocol - Initializing ProtocolHandler ["http-nio-8086"]
2026-06-29 00:16:50 [main] INFO  o.a.catalina.core.StandardService - Starting service [Tomcat]
2026-06-29 00:16:50 [main] INFO  o.a.catalina.core.StandardEngine - Starting Servlet engine: [Apache Tomcat/10.1.34]
2026-06-29 00:16:51 [main] INFO  o.a.c.c.C.[Tomcat].[localhost].[/] - Initializing Spring embedded WebApplicationContext
2026-06-29 00:16:51 [main] INFO  o.s.b.w.s.c.ServletWebServerApplicationContext - Root WebApplicationContext: initialization completed in 3555 ms
2026-06-29 00:16:51 [main] INFO  com.zaxxer.hikari.HikariDataSource - HikariPool-1 - Starting...
2026-06-29 00:16:52 [main] INFO  com.zaxxer.hikari.pool.HikariPool - HikariPool-1 - Added connection com.mysql.cj.jdbc.ConnectionImpl@70f98f7a
2026-06-29 00:16:52 [main] INFO  com.zaxxer.hikari.HikariDataSource - HikariPool-1 - Start completed.
2026-06-29 00:16:52 [main] INFO  org.flywaydb.core.FlywayExecutor - Database: jdbc:mysql://localhost:3306/db_notificaciones?createDatabaseIfNotExist=true (MySQL 9.7)
2026-06-29 00:16:52 [main] WARN  o.f.c.i.database.base.Database - Flyway upgrade recommended: MySQL 9.7 is newer than this version of Flyway and support has not been tested. The latest supported version of MySQL is 8.1.
2026-06-29 00:16:52 [main] INFO  o.f.c.i.s.JdbcTableSchemaHistory - Schema history table `db_notificaciones`.`flyway_schema_history` does not exist yet
2026-06-29 00:16:52 [main] INFO  o.f.core.internal.command.DbValidate - Successfully validated 1 migration (execution time 00:00.021s)
2026-06-29 00:16:52 [main] INFO  o.f.c.i.s.JdbcTableSchemaHistory - Creating Schema History table `db_notificaciones`.`flyway_schema_history` ...
2026-06-29 00:16:52 [main] INFO  o.f.core.internal.command.DbMigrate - Current version of schema `db_notificaciones`: << Empty Schema >>
2026-06-29 00:16:52 [main] INFO  o.f.core.internal.command.DbMigrate - Migrating schema `db_notificaciones` to version "1 - notificacion"
2026-06-29 00:16:52 [main] INFO  o.f.core.internal.command.DbMigrate - Successfully applied 1 migration to schema `db_notificaciones`, now at version v1 (execution time 00:00.027s)
2026-06-29 00:16:52 [main] INFO  o.h.jpa.internal.util.LogHelper - HHH000204: Processing PersistenceUnitInfo [name: default]
2026-06-29 00:16:52 [main] INFO  org.hibernate.Version - HHH000412: Hibernate ORM core version 6.6.5.Final
2026-06-29 00:16:52 [main] INFO  o.h.c.i.RegionFactoryInitiator - HHH000026: Second-level cache disabled
2026-06-29 00:16:53 [main] INFO  o.s.o.j.p.SpringPersistenceUnitInfo - No LoadTimeWeaver setup: ignoring JPA class transformer
2026-06-29 00:16:53 [main] INFO  o.hibernate.orm.connections.pooling - HHH10001005: Database info:
	Database JDBC URL [Connecting through datasource 'HikariDataSource (HikariPool-1)']
	Database driver: undefined/unknown
	Database version: 9.7
	Autocommit mode: undefined/unknown
	Isolation level: undefined/unknown
	Minimum pool size: undefined/unknown
	Maximum pool size: undefined/unknown
2026-06-29 00:16:53 [main] INFO  o.h.e.t.j.p.i.JtaPlatformInitiator - HHH000489: No JTA platform available (set 'hibernate.transaction.jta.platform' to enable JTA platform integration)
2026-06-29 00:16:53 [main] DEBUG org.hibernate.SQL - create table notificacion (id bigint not null auto_increment, mensaje varchar(255), tipo varchar(255), primary key (id)) engine=InnoDB
2026-06-29 00:16:53 [main] INFO  o.s.o.j.LocalContainerEntityManagerFactoryBean - Initialized JPA EntityManagerFactory for persistence unit 'default'
2026-06-29 00:16:54 [main] WARN  o.s.b.a.o.j.JpaBaseConfiguration$JpaWebConfiguration - spring.jpa.open-in-view is enabled by default. Therefore, database queries may be performed during view rendering. Explicitly configure spring.jpa.open-in-view to disable this warning
2026-06-29 00:16:54 [main] INFO  o.s.v.b.OptionalValidatorFactoryBean - Failed to set up a Bean Validation provider: jakarta.validation.NoProviderFoundException: Unable to create a Configuration, because no Jakarta Bean Validation provider could be found. Add a provider like Hibernate Validator (RI) to your classpath.
2026-06-29 00:16:54 [main] INFO  o.s.c.n.e.c.DiscoveryClientOptionalArgsConfiguration - Eureka HTTP Client uses RestTemplate.
2026-06-29 00:16:55 [main] WARN  o.s.c.l.c.LoadBalancerCacheAutoConfiguration$LoadBalancerCaffeineWarnLogger - Spring Cloud LoadBalancer is currently working with the default cache. While this cache implementation is useful for development and tests, it's recommended to use Caffeine cache in production.You can switch to using Caffeine cache, by adding it and org.springframework.cache.caffeine.CaffeineCacheManager to the classpath.
2026-06-29 00:16:55 [main] INFO  o.s.c.n.eureka.InstanceInfoFactory - Setting initial instance status as: STARTING
2026-06-29 00:16:55 [main] INFO  c.netflix.discovery.DiscoveryClient - Initializing Eureka in region us-east-1
2026-06-29 00:16:55 [main] INFO  c.n.d.s.r.aws.ConfigClusterResolver - Resolving eureka endpoints via configuration
2026-06-29 00:16:55 [main] INFO  c.netflix.discovery.DiscoveryClient - Disable delta property : false
2026-06-29 00:16:55 [main] INFO  c.netflix.discovery.DiscoveryClient - Single vip registry refresh property : null
2026-06-29 00:16:55 [main] INFO  c.netflix.discovery.DiscoveryClient - Force full registry fetch : false
2026-06-29 00:16:55 [main] INFO  c.netflix.discovery.DiscoveryClient - Application is null : false
2026-06-29 00:16:55 [main] INFO  c.netflix.discovery.DiscoveryClient - Registered Applications size is zero : true
2026-06-29 00:16:55 [main] INFO  c.netflix.discovery.DiscoveryClient - Application version is -1: true
2026-06-29 00:16:55 [main] INFO  c.netflix.discovery.DiscoveryClient - Getting all instance registry info from the eureka server
2026-06-29 00:16:55 [main] INFO  c.netflix.discovery.DiscoveryClient - The response status is 200
2026-06-29 00:16:55 [main] INFO  c.netflix.discovery.DiscoveryClient - Starting heartbeat executor: renew interval is: 30
2026-06-29 00:16:55 [main] INFO  c.n.discovery.InstanceInfoReplicator - InstanceInfoReplicator onDemand update allowed rate per min is 4
2026-06-29 00:16:55 [main] INFO  c.netflix.discovery.DiscoveryClient - Discovery Client initialized at timestamp 1782706615417 with initial instances count: 5
2026-06-29 00:16:55 [main] INFO  o.s.c.n.e.s.EurekaServiceRegistry - Registering application NOTIFICACION with eureka with status UP
2026-06-29 00:16:55 [main] INFO  c.netflix.discovery.DiscoveryClient - Saw local status change event StatusChangeEvent [timestamp=1782706615425, current=UP, previous=STARTING]
2026-06-29 00:16:55 [DiscoveryClient-InstanceInfoReplicator-%d] INFO  c.netflix.discovery.DiscoveryClient - DiscoveryClient_NOTIFICACION/DESKTOP-L148Q07:NOTIFICACION:8086: registering service...
2026-06-29 00:16:55 [main] INFO  o.a.coyote.http11.Http11NioProtocol - Starting ProtocolHandler ["http-nio-8086"]
2026-06-29 00:16:55 [main] INFO  o.s.b.w.e.tomcat.TomcatWebServer - Tomcat started on port 8086 (http) with context path '/'
2026-06-29 00:16:55 [main] INFO  o.s.c.n.e.s.EurekaAutoServiceRegistration - Updating port to 8086
2026-06-29 00:16:55 [DiscoveryClient-InstanceInfoReplicator-%d] INFO  c.netflix.discovery.DiscoveryClient - DiscoveryClient_NOTIFICACION/DESKTOP-L148Q07:NOTIFICACION:8086 - registration status: 204
2026-06-29 00:16:55 [main] INFO  c.e.n.NotificacionApplication - Started NotificacionApplication in 8.941 seconds (process running for 9.767)
2026-06-29 00:16:55 [main] DEBUG org.hibernate.SQL - select count(*) from notificacion n1_0
2026-06-29 00:16:56 [main] DEBUG org.hibernate.SQL - insert into notificacion (mensaje,tipo) values (?,?)
2026-06-29 00:16:56 [main] DEBUG org.hibernate.SQL - insert into notificacion (mensaje,tipo) values (?,?)
2026-06-29 00:16:56 [main] DEBUG org.hibernate.SQL - insert into notificacion (mensaje,tipo) values (?,?)
2026-06-29 00:16:56 [main] DEBUG org.hibernate.SQL - insert into notificacion (mensaje,tipo) values (?,?)
2026-06-29 00:16:56 [main] DEBUG org.hibernate.SQL - insert into notificacion (mensaje,tipo) values (?,?)
2026-06-29 00:16:56 [main] DEBUG org.hibernate.SQL - insert into notificacion (mensaje,tipo) values (?,?)
2026-06-29 00:16:56 [main] DEBUG org.hibernate.SQL - insert into notificacion (mensaje,tipo) values (?,?)
2026-06-29 00:16:56 [main] DEBUG org.hibernate.SQL - insert into notificacion (mensaje,tipo) values (?,?)
2026-06-29 00:16:56 [main] DEBUG org.hibernate.SQL - insert into notificacion (mensaje,tipo) values (?,?)
2026-06-29 00:16:56 [main] DEBUG org.hibernate.SQL - insert into notificacion (mensaje,tipo) values (?,?)
2026-06-29 00:16:56 [main] DEBUG org.hibernate.SQL - insert into notificacion (mensaje,tipo) values (?,?)
2026-06-29 00:16:56 [main] DEBUG org.hibernate.SQL - insert into notificacion (mensaje,tipo) values (?,?)
2026-06-29 00:16:56 [main] DEBUG org.hibernate.SQL - insert into notificacion (mensaje,tipo) values (?,?)
2026-06-29 00:16:56 [main] DEBUG org.hibernate.SQL - insert into notificacion (mensaje,tipo) values (?,?)
2026-06-29 00:16:56 [main] DEBUG org.hibernate.SQL - insert into notificacion (mensaje,tipo) values (?,?)
2026-06-29 00:16:56 [main] DEBUG org.hibernate.SQL - select n1_0.id,n1_0.mensaje,n1_0.tipo from notificacion n1_0
2026-06-29 00:17:23 [http-nio-8086-exec-1] INFO  o.a.c.c.C.[Tomcat].[localhost].[/] - Initializing Spring DispatcherServlet 'dispatcherServlet'
2026-06-29 00:17:23 [http-nio-8086-exec-1] INFO  o.s.web.servlet.DispatcherServlet - Initializing Servlet 'dispatcherServlet'
2026-06-29 00:17:23 [http-nio-8086-exec-1] INFO  o.s.web.servlet.DispatcherServlet - Completed initialization in 1 ms
2026-06-29 00:17:23 [http-nio-8086-exec-1] INFO  c.e.n.C.NotificacionController - INFORMACION: Obteniendo lista de notificaciones
2026-06-29 00:17:23 [http-nio-8086-exec-1] DEBUG org.hibernate.SQL - select n1_0.id,n1_0.mensaje,n1_0.tipo from notificacion n1_0
