2026-06-09T10:42:42.277-04:00  INFO 12556 --- [Cliente] [main] com.example.Cliente.ClienteApplication   : Starting ClienteApplication using Java 21.0.10 with PID 12556 (C:\Users\pv-alumno\Downloads\ProyectoFullstack\Cliente\Cliente\target\classes started by pv-alumno in C:\Users\pv-alumno\Downloads\ProyectoFullstack\Cliente)
2026-06-09T10:42:42.281-04:00  INFO 12556 --- [Cliente] [main] com.example.Cliente.ClienteApplication   : No active profile set, falling back to 1 default profile: "default"
2026-06-09T10:42:43.433-04:00  INFO 12556 --- [Cliente] [main] .s.d.r.c.RepositoryConfigurationDelegate : Bootstrapping Spring Data JPA repositories in DEFAULT mode.
2026-06-09T10:42:43.576-04:00  INFO 12556 --- [Cliente] [main] .s.d.r.c.RepositoryConfigurationDelegate : Finished Spring Data repository scanning in 128 ms. Found 1 JPA repository interface.
2026-06-09T10:42:43.706-04:00  WARN 12556 --- [Cliente] [main] ConfigServletWebServerApplicationContext : Exception encountered during context initialization - cancelling refresh attempt: java.lang.IllegalStateException: Error processing condition on org.springframework.cloud.client.discovery.simple.SimpleDiscoveryClientAutoConfiguration.simpleDiscoveryProperties
2026-06-09T10:42:43.714-04:00  INFO 12556 --- [Cliente] [main] .s.b.a.l.ConditionEvaluationReportLogger : 

Error starting ApplicationContext. To display the condition evaluation report re-run your application with 'debug' enabled.
2026-06-09T10:42:43.738-04:00 ERROR 12556 --- [Cliente] [main] o.s.boot.SpringApplication               : Application run failed

java.lang.IllegalStateException: Error processing condition on org.springframework.cloud.client.discovery.simple.SimpleDiscoveryClientAutoConfiguration.simpleDiscoveryProperties
	at org.springframework.boot.autoconfigure.condition.SpringBootCondition.matches(SpringBootCondition.java:60) ~[spring-boot-autoconfigure-4.0.6.jar:4.0.6]
	at org.springframework.context.annotation.ConditionEvaluator.shouldSkip(ConditionEvaluator.java:100) ~[spring-context-7.0.7.jar:7.0.7]
	at org.springframework.context.annotation.ConfigurationClassBeanDefinitionReader.loadBeanDefinitionsForBeanMethod(ConfigurationClassBeanDefinitionReader.java:196) ~[spring-context-7.0.7.jar:7.0.7]
	at org.springframework.context.annotation.ConfigurationClassBeanDefinitionReader.loadBeanDefinitionsForConfigurationClass(ConfigurationClassBeanDefinitionReader.java:148) ~[spring-context-7.0.7.jar:7.0.7]
	at org.springframework.context.annotation.ConfigurationClassBeanDefinitionReader.loadBeanDefinitions(ConfigurationClassBeanDefinitionReader.java:124) ~[spring-context-7.0.7.jar:7.0.7]
	at org.springframework.context.annotation.ConfigurationClassPostProcessor.processConfigBeanDefinitions(ConfigurationClassPostProcessor.java:464) ~[spring-context-7.0.7.jar:7.0.7]
	at org.springframework.context.annotation.ConfigurationClassPostProcessor.postProcessBeanDefinitionRegistry(ConfigurationClassPostProcessor.java:316) ~[spring-context-7.0.7.jar:7.0.7]
	at org.springframework.context.support.PostProcessorRegistrationDelegate.invokeBeanDefinitionRegistryPostProcessors(PostProcessorRegistrationDelegate.java:349) ~[spring-context-7.0.7.jar:7.0.7]
	at org.springframework.context.support.PostProcessorRegistrationDelegate.invokeBeanFactoryPostProcessors(PostProcessorRegistrationDelegate.java:118) ~[spring-context-7.0.7.jar:7.0.7]
	at org.springframework.context.support.AbstractApplicationContext.invokeBeanFactoryPostProcessors(AbstractApplicationContext.java:795) ~[spring-context-7.0.7.jar:7.0.7]
	at org.springframework.context.support.AbstractApplicationContext.refresh(AbstractApplicationContext.java:603) ~[spring-context-7.0.7.jar:7.0.7]
	at org.springframework.boot.web.server.servlet.context.ServletWebServerApplicationContext.refresh(ServletWebServerApplicationContext.java:143) ~[spring-boot-web-server-4.0.6.jar:4.0.6]
	at org.springframework.boot.SpringApplication.refresh(SpringApplication.java:756) ~[spring-boot-4.0.6.jar:4.0.6]
	at org.springframework.boot.SpringApplication.refreshContext(SpringApplication.java:445) ~[spring-boot-4.0.6.jar:4.0.6]
	at org.springframework.boot.SpringApplication.run(SpringApplication.java:321) ~[spring-boot-4.0.6.jar:4.0.6]
	at org.springframework.boot.SpringApplication.run(SpringApplication.java:1365) ~[spring-boot-4.0.6.jar:4.0.6]
	at org.springframework.boot.SpringApplication.run(SpringApplication.java:1354) ~[spring-boot-4.0.6.jar:4.0.6]
	at com.example.Cliente.ClienteApplication.main(ClienteApplication.java:12) ~[classes/:na]
Caused by: java.lang.IllegalStateException: @ConditionalOnMissingBean did not specify a bean using type, name or annotation and the attempt to deduce the bean's type failed
	at org.springframework.boot.autoconfigure.condition.OnBeanCondition$Spec.validate(OnBeanCondition.java:657) ~[spring-boot-autoconfigure-4.0.6.jar:4.0.6]
	at org.springframework.boot.autoconfigure.condition.OnBeanCondition$Spec.<init>(OnBeanCondition.java:603) ~[spring-boot-autoconfigure-4.0.6.jar:4.0.6]
	at org.springframework.boot.autoconfigure.condition.OnBeanCondition.getMatchOutcome(OnBeanCondition.java:147) ~[spring-boot-autoconfigure-4.0.6.jar:4.0.6]
	at org.springframework.boot.autoconfigure.condition.SpringBootCondition.matches(SpringBootCondition.java:47) ~[spring-boot-autoconfigure-4.0.6.jar:4.0.6]
	... 17 common frames omitted
Caused by: org.springframework.boot.autoconfigure.condition.OnBeanCondition$BeanTypeDeductionException: Failed to deduce bean type for org.springframework.cloud.client.discovery.simple.SimpleDiscoveryClientAutoConfiguration.simpleDiscoveryProperties
	at org.springframework.boot.autoconfigure.condition.OnBeanCondition$Spec.deducedBeanTypeForBeanMethod(OnBeanCondition.java:686) ~[spring-boot-autoconfigure-4.0.6.jar:4.0.6]
	at org.springframework.boot.autoconfigure.condition.OnBeanCondition$Spec.deducedBeanType(OnBeanCondition.java:676) ~[spring-boot-autoconfigure-4.0.6.jar:4.0.6]
	at org.springframework.boot.autoconfigure.condition.OnBeanCondition$Spec.<init>(OnBeanCondition.java:596) ~[spring-boot-autoconfigure-4.0.6.jar:4.0.6]
	... 19 common frames omitted
Caused by: java.lang.IllegalStateException: Failed to introspect Class [org.springframework.cloud.client.discovery.simple.SimpleDiscoveryClientAutoConfiguration] from ClassLoader [jdk.internal.loader.ClassLoaders$AppClassLoader@33909752]
	at org.springframework.util.ReflectionUtils.getDeclaredMethods(ReflectionUtils.java:483) ~[spring-core-7.0.7.jar:7.0.7]
	at org.springframework.util.ReflectionUtils.findMethod(ReflectionUtils.java:240) ~[spring-core-7.0.7.jar:7.0.7]
	at org.springframework.util.ReflectionUtils.findMethod(ReflectionUtils.java:221) ~[spring-core-7.0.7.jar:7.0.7]
	at org.springframework.boot.autoconfigure.condition.OnBeanCondition$Spec.findBeanMethod(OnBeanCondition.java:715) ~[spring-boot-autoconfigure-4.0.6.jar:4.0.6]
	at org.springframework.boot.autoconfigure.condition.OnBeanCondition$Spec.getMethodReturnType(OnBeanCondition.java:710) ~[spring-boot-autoconfigure-4.0.6.jar:4.0.6]
	at org.springframework.boot.autoconfigure.condition.OnBeanCondition$Spec.getReturnType(OnBeanCondition.java:694) ~[spring-boot-autoconfigure-4.0.6.jar:4.0.6]
	at org.springframework.boot.autoconfigure.condition.OnBeanCondition$Spec.deducedBeanTypeForBeanMethod(OnBeanCondition.java:683) ~[spring-boot-autoconfigure-4.0.6.jar:4.0.6]
	... 21 common frames omitted
Caused by: java.lang.NoClassDefFoundError: org/springframework/boot/web/context/WebServerInitializedEvent
	at java.base/java.lang.Class.getDeclaredMethods0(Native Method) ~[na:na]
	at java.base/java.lang.Class.privateGetDeclaredMethods(Unknown Source) ~[na:na]
	at java.base/java.lang.Class.getDeclaredMethods(Unknown Source) ~[na:na]
	at org.springframework.util.ReflectionUtils.getDeclaredMethods(ReflectionUtils.java:465) ~[spring-core-7.0.7.jar:7.0.7]
	... 27 common frames omitted
Caused by: java.lang.ClassNotFoundException: org.springframework.boot.web.context.WebServerInitializedEvent
	at java.base/jdk.internal.loader.BuiltinClassLoader.loadClass(Unknown Source) ~[na:na]
	at java.base/jdk.internal.loader.ClassLoaders$AppClassLoader.loadClass(Unknown Source) ~[na:na]
	at java.base/java.lang.ClassLoader.loadClass(Unknown Source) ~[na:na]
	... 31 common frames omitted

2026-06-09T10:44:31.732-04:00  INFO 10304 --- [Cliente] [main] com.example.Cliente.ClienteApplication   : Starting ClienteApplication using Java 21.0.10 with PID 10304 (C:\Users\pv-alumno\Downloads\ProyectoFullstack\Cliente\Cliente\target\classes started by pv-alumno in C:\Users\pv-alumno\Downloads\ProyectoFullstack\Cliente)
2026-06-09T10:44:31.738-04:00  INFO 10304 --- [Cliente] [main] com.example.Cliente.ClienteApplication   : No active profile set, falling back to 1 default profile: "default"
2026-06-09T10:44:33.393-04:00  INFO 10304 --- [Cliente] [main] .s.d.r.c.RepositoryConfigurationDelegate : Bootstrapping Spring Data JPA repositories in DEFAULT mode.
2026-06-09T10:44:33.596-04:00  INFO 10304 --- [Cliente] [main] .s.d.r.c.RepositoryConfigurationDelegate : Finished Spring Data repository scanning in 185 ms. Found 1 JPA repository interface.
2026-06-09T10:44:33.785-04:00  WARN 10304 --- [Cliente] [main] ConfigServletWebServerApplicationContext : Exception encountered during context initialization - cancelling refresh attempt: java.lang.IllegalStateException: Error processing condition on org.springframework.cloud.client.discovery.simple.SimpleDiscoveryClientAutoConfiguration.simpleDiscoveryProperties
2026-06-09T10:44:33.800-04:00  INFO 10304 --- [Cliente] [main] .s.b.a.l.ConditionEvaluationReportLogger : 

Error starting ApplicationContext. To display the condition evaluation report re-run your application with 'debug' enabled.
2026-06-09T10:44:33.836-04:00 ERROR 10304 --- [Cliente] [main] o.s.boot.SpringApplication               : Application run failed

java.lang.IllegalStateException: Error processing condition on org.springframework.cloud.client.discovery.simple.SimpleDiscoveryClientAutoConfiguration.simpleDiscoveryProperties
	at org.springframework.boot.autoconfigure.condition.SpringBootCondition.matches(SpringBootCondition.java:60) ~[spring-boot-autoconfigure-4.0.6.jar:4.0.6]
	at org.springframework.context.annotation.ConditionEvaluator.shouldSkip(ConditionEvaluator.java:100) ~[spring-context-7.0.7.jar:7.0.7]
	at org.springframework.context.annotation.ConfigurationClassBeanDefinitionReader.loadBeanDefinitionsForBeanMethod(ConfigurationClassBeanDefinitionReader.java:196) ~[spring-context-7.0.7.jar:7.0.7]
	at org.springframework.context.annotation.ConfigurationClassBeanDefinitionReader.loadBeanDefinitionsForConfigurationClass(ConfigurationClassBeanDefinitionReader.java:148) ~[spring-context-7.0.7.jar:7.0.7]
	at org.springframework.context.annotation.ConfigurationClassBeanDefinitionReader.loadBeanDefinitions(ConfigurationClassBeanDefinitionReader.java:124) ~[spring-context-7.0.7.jar:7.0.7]
	at org.springframework.context.annotation.ConfigurationClassPostProcessor.processConfigBeanDefinitions(ConfigurationClassPostProcessor.java:464) ~[spring-context-7.0.7.jar:7.0.7]
	at org.springframework.context.annotation.ConfigurationClassPostProcessor.postProcessBeanDefinitionRegistry(ConfigurationClassPostProcessor.java:316) ~[spring-context-7.0.7.jar:7.0.7]
	at org.springframework.context.support.PostProcessorRegistrationDelegate.invokeBeanDefinitionRegistryPostProcessors(PostProcessorRegistrationDelegate.java:349) ~[spring-context-7.0.7.jar:7.0.7]
	at org.springframework.context.support.PostProcessorRegistrationDelegate.invokeBeanFactoryPostProcessors(PostProcessorRegistrationDelegate.java:118) ~[spring-context-7.0.7.jar:7.0.7]
	at org.springframework.context.support.AbstractApplicationContext.invokeBeanFactoryPostProcessors(AbstractApplicationContext.java:795) ~[spring-context-7.0.7.jar:7.0.7]
	at org.springframework.context.support.AbstractApplicationContext.refresh(AbstractApplicationContext.java:603) ~[spring-context-7.0.7.jar:7.0.7]
	at org.springframework.boot.web.server.servlet.context.ServletWebServerApplicationContext.refresh(ServletWebServerApplicationContext.java:143) ~[spring-boot-web-server-4.0.6.jar:4.0.6]
	at org.springframework.boot.SpringApplication.refresh(SpringApplication.java:756) ~[spring-boot-4.0.6.jar:4.0.6]
	at org.springframework.boot.SpringApplication.refreshContext(SpringApplication.java:445) ~[spring-boot-4.0.6.jar:4.0.6]
	at org.springframework.boot.SpringApplication.run(SpringApplication.java:321) ~[spring-boot-4.0.6.jar:4.0.6]
	at org.springframework.boot.SpringApplication.run(SpringApplication.java:1365) ~[spring-boot-4.0.6.jar:4.0.6]
	at org.springframework.boot.SpringApplication.run(SpringApplication.java:1354) ~[spring-boot-4.0.6.jar:4.0.6]
	at com.example.Cliente.ClienteApplication.main(ClienteApplication.java:12) ~[classes/:na]
Caused by: java.lang.IllegalStateException: @ConditionalOnMissingBean did not specify a bean using type, name or annotation and the attempt to deduce the bean's type failed
	at org.springframework.boot.autoconfigure.condition.OnBeanCondition$Spec.validate(OnBeanCondition.java:657) ~[spring-boot-autoconfigure-4.0.6.jar:4.0.6]
	at org.springframework.boot.autoconfigure.condition.OnBeanCondition$Spec.<init>(OnBeanCondition.java:603) ~[spring-boot-autoconfigure-4.0.6.jar:4.0.6]
	at org.springframework.boot.autoconfigure.condition.OnBeanCondition.getMatchOutcome(OnBeanCondition.java:147) ~[spring-boot-autoconfigure-4.0.6.jar:4.0.6]
	at org.springframework.boot.autoconfigure.condition.SpringBootCondition.matches(SpringBootCondition.java:47) ~[spring-boot-autoconfigure-4.0.6.jar:4.0.6]
	... 17 common frames omitted
Caused by: org.springframework.boot.autoconfigure.condition.OnBeanCondition$BeanTypeDeductionException: Failed to deduce bean type for org.springframework.cloud.client.discovery.simple.SimpleDiscoveryClientAutoConfiguration.simpleDiscoveryProperties
	at org.springframework.boot.autoconfigure.condition.OnBeanCondition$Spec.deducedBeanTypeForBeanMethod(OnBeanCondition.java:686) ~[spring-boot-autoconfigure-4.0.6.jar:4.0.6]
	at org.springframework.boot.autoconfigure.condition.OnBeanCondition$Spec.deducedBeanType(OnBeanCondition.java:676) ~[spring-boot-autoconfigure-4.0.6.jar:4.0.6]
	at org.springframework.boot.autoconfigure.condition.OnBeanCondition$Spec.<init>(OnBeanCondition.java:596) ~[spring-boot-autoconfigure-4.0.6.jar:4.0.6]
	... 19 common frames omitted
Caused by: java.lang.IllegalStateException: Failed to introspect Class [org.springframework.cloud.client.discovery.simple.SimpleDiscoveryClientAutoConfiguration] from ClassLoader [jdk.internal.loader.ClassLoaders$AppClassLoader@33909752]
	at org.springframework.util.ReflectionUtils.getDeclaredMethods(ReflectionUtils.java:483) ~[spring-core-7.0.7.jar:7.0.7]
	at org.springframework.util.ReflectionUtils.findMethod(ReflectionUtils.java:240) ~[spring-core-7.0.7.jar:7.0.7]
	at org.springframework.util.ReflectionUtils.findMethod(ReflectionUtils.java:221) ~[spring-core-7.0.7.jar:7.0.7]
	at org.springframework.boot.autoconfigure.condition.OnBeanCondition$Spec.findBeanMethod(OnBeanCondition.java:715) ~[spring-boot-autoconfigure-4.0.6.jar:4.0.6]
	at org.springframework.boot.autoconfigure.condition.OnBeanCondition$Spec.getMethodReturnType(OnBeanCondition.java:710) ~[spring-boot-autoconfigure-4.0.6.jar:4.0.6]
	at org.springframework.boot.autoconfigure.condition.OnBeanCondition$Spec.getReturnType(OnBeanCondition.java:694) ~[spring-boot-autoconfigure-4.0.6.jar:4.0.6]
	at org.springframework.boot.autoconfigure.condition.OnBeanCondition$Spec.deducedBeanTypeForBeanMethod(OnBeanCondition.java:683) ~[spring-boot-autoconfigure-4.0.6.jar:4.0.6]
	... 21 common frames omitted
Caused by: java.lang.NoClassDefFoundError: org/springframework/boot/web/context/WebServerInitializedEvent
	at java.base/java.lang.Class.getDeclaredMethods0(Native Method) ~[na:na]
	at java.base/java.lang.Class.privateGetDeclaredMethods(Unknown Source) ~[na:na]
	at java.base/java.lang.Class.getDeclaredMethods(Unknown Source) ~[na:na]
	at org.springframework.util.ReflectionUtils.getDeclaredMethods(ReflectionUtils.java:465) ~[spring-core-7.0.7.jar:7.0.7]
	... 27 common frames omitted
Caused by: java.lang.ClassNotFoundException: org.springframework.boot.web.context.WebServerInitializedEvent
	at java.base/jdk.internal.loader.BuiltinClassLoader.loadClass(Unknown Source) ~[na:na]
	at java.base/jdk.internal.loader.ClassLoaders$AppClassLoader.loadClass(Unknown Source) ~[na:na]
	at java.base/java.lang.ClassLoader.loadClass(Unknown Source) ~[na:na]
	... 31 common frames omitted

2026-06-09T10:44:34.494-04:00  INFO 15280 --- [Cliente] [main] com.example.Cliente.ClienteApplication   : Starting ClienteApplication using Java 21.0.10 with PID 15280 (C:\Users\pv-alumno\Downloads\ProyectoFullstack\Cliente\Cliente\target\classes started by pv-alumno in C:\Users\pv-alumno\Downloads\ProyectoFullstack\Cliente)
2026-06-09T10:44:34.502-04:00  INFO 15280 --- [Cliente] [main] com.example.Cliente.ClienteApplication   : No active profile set, falling back to 1 default profile: "default"
2026-06-09T10:44:34.715-04:00  INFO 13820 --- [Cliente] [main] com.example.Cliente.ClienteApplication   : Starting ClienteApplication using Java 21.0.10 with PID 13820 (C:\Users\pv-alumno\Downloads\ProyectoFullstack\Cliente\Cliente\target\classes started by pv-alumno in C:\Users\pv-alumno\Downloads\ProyectoFullstack\Cliente)
2026-06-09T10:44:34.727-04:00  INFO 13820 --- [Cliente] [main] com.example.Cliente.ClienteApplication   : No active profile set, falling back to 1 default profile: "default"
2026-06-09T10:44:35.103-04:00  INFO 23764 --- [Cliente] [main] com.example.Cliente.ClienteApplication   : Starting ClienteApplication using Java 21.0.10 with PID 23764 (C:\Users\pv-alumno\Downloads\ProyectoFullstack\Cliente\Cliente\target\classes started by pv-alumno in C:\Users\pv-alumno\Downloads\ProyectoFullstack\Cliente)
2026-06-09T10:44:35.121-04:00  INFO 23764 --- [Cliente] [main] com.example.Cliente.ClienteApplication   : No active profile set, falling back to 1 default profile: "default"
2026-06-09T10:44:35.127-04:00  INFO 22816 --- [Cliente] [main] com.example.Cliente.ClienteApplication   : Starting ClienteApplication using Java 21.0.10 with PID 22816 (C:\Users\pv-alumno\Downloads\ProyectoFullstack\Cliente\Cliente\target\classes started by pv-alumno in C:\Users\pv-alumno\Downloads\ProyectoFullstack\Cliente)
2026-06-09T10:44:35.139-04:00  INFO 22816 --- [Cliente] [main] com.example.Cliente.ClienteApplication   : No active profile set, falling back to 1 default profile: "default"
2026-06-09T10:44:36.805-04:00  INFO 22816 --- [Cliente] [main] .s.d.r.c.RepositoryConfigurationDelegate : Bootstrapping Spring Data JPA repositories in DEFAULT mode.
2026-06-09T10:44:36.967-04:00  INFO 22816 --- [Cliente] [main] .s.d.r.c.RepositoryConfigurationDelegate : Finished Spring Data repository scanning in 146 ms. Found 1 JPA repository interface.
2026-06-09T10:44:37.082-04:00  WARN 22816 --- [Cliente] [main] ConfigServletWebServerApplicationContext : Exception encountered during context initialization - cancelling refresh attempt: java.lang.IllegalStateException: Error processing condition on org.springframework.cloud.client.discovery.simple.SimpleDiscoveryClientAutoConfiguration.simpleDiscoveryProperties
2026-06-09T10:44:37.093-04:00  INFO 22816 --- [Cliente] [main] .s.b.a.l.ConditionEvaluationReportLogger : 

Error starting ApplicationContext. To display the condition evaluation report re-run your application with 'debug' enabled.
2026-06-09T10:44:37.122-04:00 ERROR 22816 --- [Cliente] [main] o.s.boot.SpringApplication               : Application run failed

java.lang.IllegalStateException: Error processing condition on org.springframework.cloud.client.discovery.simple.SimpleDiscoveryClientAutoConfiguration.simpleDiscoveryProperties
	at org.springframework.boot.autoconfigure.condition.SpringBootCondition.matches(SpringBootCondition.java:60) ~[spring-boot-autoconfigure-4.0.6.jar:4.0.6]
	at org.springframework.context.annotation.ConditionEvaluator.shouldSkip(ConditionEvaluator.java:100) ~[spring-context-7.0.7.jar:7.0.7]
	at org.springframework.context.annotation.ConfigurationClassBeanDefinitionReader.loadBeanDefinitionsForBeanMethod(ConfigurationClassBeanDefinitionReader.java:196) ~[spring-context-7.0.7.jar:7.0.7]
	at org.springframework.context.annotation.ConfigurationClassBeanDefinitionReader.loadBeanDefinitionsForConfigurationClass(ConfigurationClassBeanDefinitionReader.java:148) ~[spring-context-7.0.7.jar:7.0.7]
	at org.springframework.context.annotation.ConfigurationClassBeanDefinitionReader.loadBeanDefinitions(ConfigurationClassBeanDefinitionReader.java:124) ~[spring-context-7.0.7.jar:7.0.7]
	at org.springframework.context.annotation.ConfigurationClassPostProcessor.processConfigBeanDefinitions(ConfigurationClassPostProcessor.java:464) ~[spring-context-7.0.7.jar:7.0.7]
	at org.springframework.context.annotation.ConfigurationClassPostProcessor.postProcessBeanDefinitionRegistry(ConfigurationClassPostProcessor.java:316) ~[spring-context-7.0.7.jar:7.0.7]
	at org.springframework.context.support.PostProcessorRegistrationDelegate.invokeBeanDefinitionRegistryPostProcessors(PostProcessorRegistrationDelegate.java:349) ~[spring-context-7.0.7.jar:7.0.7]
	at org.springframework.context.support.PostProcessorRegistrationDelegate.invokeBeanFactoryPostProcessors(PostProcessorRegistrationDelegate.java:118) ~[spring-context-7.0.7.jar:7.0.7]
	at org.springframework.context.support.AbstractApplicationContext.invokeBeanFactoryPostProcessors(AbstractApplicationContext.java:795) ~[spring-context-7.0.7.jar:7.0.7]
	at org.springframework.context.support.AbstractApplicationContext.refresh(AbstractApplicationContext.java:603) ~[spring-context-7.0.7.jar:7.0.7]
	at org.springframework.boot.web.server.servlet.context.ServletWebServerApplicationContext.refresh(ServletWebServerApplicationContext.java:143) ~[spring-boot-web-server-4.0.6.jar:4.0.6]
	at org.springframework.boot.SpringApplication.refresh(SpringApplication.java:756) ~[spring-boot-4.0.6.jar:4.0.6]
	at org.springframework.boot.SpringApplication.refreshContext(SpringApplication.java:445) ~[spring-boot-4.0.6.jar:4.0.6]
	at org.springframework.boot.SpringApplication.run(SpringApplication.java:321) ~[spring-boot-4.0.6.jar:4.0.6]
	at org.springframework.boot.SpringApplication.run(SpringApplication.java:1365) ~[spring-boot-4.0.6.jar:4.0.6]
	at org.springframework.boot.SpringApplication.run(SpringApplication.java:1354) ~[spring-boot-4.0.6.jar:4.0.6]
	at com.example.Cliente.ClienteApplication.main(ClienteApplication.java:12) ~[classes/:na]
Caused by: java.lang.IllegalStateException: @ConditionalOnMissingBean did not specify a bean using type, name or annotation and the attempt to deduce the bean's type failed
	at org.springframework.boot.autoconfigure.condition.OnBeanCondition$Spec.validate(OnBeanCondition.java:657) ~[spring-boot-autoconfigure-4.0.6.jar:4.0.6]
	at org.springframework.boot.autoconfigure.condition.OnBeanCondition$Spec.<init>(OnBeanCondition.java:603) ~[spring-boot-autoconfigure-4.0.6.jar:4.0.6]
	at org.springframework.boot.autoconfigure.condition.OnBeanCondition.getMatchOutcome(OnBeanCondition.java:147) ~[spring-boot-autoconfigure-4.0.6.jar:4.0.6]
	at org.springframework.boot.autoconfigure.condition.SpringBootCondition.matches(SpringBootCondition.java:47) ~[spring-boot-autoconfigure-4.0.6.jar:4.0.6]
	... 17 common frames omitted
Caused by: org.springframework.boot.autoconfigure.condition.OnBeanCondition$BeanTypeDeductionException: Failed to deduce bean type for org.springframework.cloud.client.discovery.simple.SimpleDiscoveryClientAutoConfiguration.simpleDiscoveryProperties
	at org.springframework.boot.autoconfigure.condition.OnBeanCondition$Spec.deducedBeanTypeForBeanMethod(OnBeanCondition.java:686) ~[spring-boot-autoconfigure-4.0.6.jar:4.0.6]
	at org.springframework.boot.autoconfigure.condition.OnBeanCondition$Spec.deducedBeanType(OnBeanCondition.java:676) ~[spring-boot-autoconfigure-4.0.6.jar:4.0.6]
	at org.springframework.boot.autoconfigure.condition.OnBeanCondition$Spec.<init>(OnBeanCondition.java:596) ~[spring-boot-autoconfigure-4.0.6.jar:4.0.6]
	... 19 common frames omitted
Caused by: java.lang.IllegalStateException: Failed to introspect Class [org.springframework.cloud.client.discovery.simple.SimpleDiscoveryClientAutoConfiguration] from ClassLoader [jdk.internal.loader.ClassLoaders$AppClassLoader@33909752]
	at org.springframework.util.ReflectionUtils.getDeclaredMethods(ReflectionUtils.java:483) ~[spring-core-7.0.7.jar:7.0.7]
	at org.springframework.util.ReflectionUtils.findMethod(ReflectionUtils.java:240) ~[spring-core-7.0.7.jar:7.0.7]
	at org.springframework.util.ReflectionUtils.findMethod(ReflectionUtils.java:221) ~[spring-core-7.0.7.jar:7.0.7]
	at org.springframework.boot.autoconfigure.condition.OnBeanCondition$Spec.findBeanMethod(OnBeanCondition.java:715) ~[spring-boot-autoconfigure-4.0.6.jar:4.0.6]
	at org.springframework.boot.autoconfigure.condition.OnBeanCondition$Spec.getMethodReturnType(OnBeanCondition.java:710) ~[spring-boot-autoconfigure-4.0.6.jar:4.0.6]
	at org.springframework.boot.autoconfigure.condition.OnBeanCondition$Spec.getReturnType(OnBeanCondition.java:694) ~[spring-boot-autoconfigure-4.0.6.jar:4.0.6]
	at org.springframework.boot.autoconfigure.condition.OnBeanCondition$Spec.deducedBeanTypeForBeanMethod(OnBeanCondition.java:683) ~[spring-boot-autoconfigure-4.0.6.jar:4.0.6]
	... 21 common frames omitted
Caused by: java.lang.NoClassDefFoundError: org/springframework/boot/web/context/WebServerInitializedEvent
	at java.base/java.lang.Class.getDeclaredMethods0(Native Method) ~[na:na]
	at java.base/java.lang.Class.privateGetDeclaredMethods(Unknown Source) ~[na:na]
	at java.base/java.lang.Class.getDeclaredMethods(Unknown Source) ~[na:na]
	at org.springframework.util.ReflectionUtils.getDeclaredMethods(ReflectionUtils.java:465) ~[spring-core-7.0.7.jar:7.0.7]
	... 27 common frames omitted
Caused by: java.lang.ClassNotFoundException: org.springframework.boot.web.context.WebServerInitializedEvent
	at java.base/jdk.internal.loader.BuiltinClassLoader.loadClass(Unknown Source) ~[na:na]
	at java.base/jdk.internal.loader.ClassLoaders$AppClassLoader.loadClass(Unknown Source) ~[na:na]
	at java.base/java.lang.ClassLoader.loadClass(Unknown Source) ~[na:na]
	... 31 common frames omitted

